[SANITY] Step 1 torso patch stats: std=0.1365  range=[0.051, 0.932]
[SANITY] Torso patch gradient flow OK.
  Step  2410/10000  loss=0.117269  best_obj=0.015975  lr=0.00877  geo=0.00  patch_std=0.1359 [0.033,0.920]
  Step  2420/10000  loss=0.128587  best_obj=0.005737  lr=0.00876  geo=0.00  patch_std=0.1354 [0.033,0.928]
  Step  2430/10000  loss=0.126401  best_obj=0.005737  lr=0.00875  geo=0.00  patch_std=0.1347 [0.031,0.924]
  Step  2440/10000  loss=0.100693  best_obj=0.005737  lr=0.00874  geo=0.00  patch_std=0.1344 [0.037,0.929]
  Step  2450/10000  loss=0.128662  best_obj=0.005737  lr=0.00873  geo=0.00  patch_std=0.1354 [0.011,0.954]
  Step  2460/10000  loss=0.119788  best_obj=0.005737  lr=0.00872  geo=0.00  patch_std=0.1359 [0.013,0.925]
  Step  2470/10000  loss=0.209334  best_obj=0.004436  lr=0.00871  geo=0.00  patch_std=0.1353 [0.008,0.913]
  Step  2480/10000  loss=0.145890  best_obj=0.004436  lr=0.00870  geo=0.00  patch_std=0.1357 [0.013,0.939]
  Step  2490/10000  loss=0.063506  best_obj=0.004300  lr=0.00869  geo=0.00  patch_std=0.1363 [0.012,0.939]
  Step  2500/10000  loss=0.037623  best_obj=0.004300  lr=0.00868  geo=0.00  patch_std=0.1359 [0.017,0.933]
  Step  2510/10000  loss=0.041037  best_obj=0.004300  lr=0.00867  geo=0.00  patch_std=0.1356 [0.012,0.930]
  Step  2520/10000  loss=0.104158  best_obj=0.004300  lr=0.00866  geo=0.00  patch_std=0.1340 [0.026,0.933]
  Step  2530/10000  loss=0.104289  best_obj=0.004300  lr=0.00865  geo=0.01  patch_std=0.1336 [0.017,0.918]
  Step  2540/10000  loss=0.071903  best_obj=0.004300  lr=0.00864  geo=0.01  patch_std=0.1342 [0.025,0.936]
  Step  2550/10000  loss=0.215373  best_obj=0.004300  lr=0.00863  geo=0.01  patch_std=0.1342 [0.034,0.938]
  Step  2560/10000  loss=0.096696  best_obj=0.004300  lr=0.00862  geo=0.01  patch_std=0.1343 [0.036,0.924]
  Step  2570/10000  loss=0.135815  best_obj=0.004300  lr=0.00861  geo=0.02  patch_std=0.1334 [0.036,0.938]
  Step  2580/10000  loss=0.109524  best_obj=0.004300  lr=0.00860  geo=0.02  patch_std=0.1347 [0.019,0.936]
  Step  2590/10000  loss=0.210073  best_obj=0.004300  lr=0.00859  geo=0.02  patch_std=0.1353 [0.026,0.939]
  Step  2600/10000  loss=0.075391  best_obj=0.004300  lr=0.00858  geo=0.02  patch_std=0.1347 [0.036,0.934]
[CONF]  Step  2600  mean_conf=0.4094  (baseline=0.8849, Δ=-53.7%)  suppressed(<0.25)=33/72
[CONF]  ↑ New best patch (mean_conf=0.4094, suppressed=33/72)
  Step  2610/10000  loss=0.099862  best_obj=0.004300  lr=0.00857  geo=0.03  patch_std=0.1357 [0.029,0.939]
  Step  2620/10000  loss=0.119470  best_obj=0.004300  lr=0.00856  geo=0.03  patch_std=0.1352 [0.031,0.945]
  Step  2630/10000  loss=0.239967  best_obj=0.004300  lr=0.00855  geo=0.03  patch_std=0.1347 [0.037,0.924]
  Step  2640/10000  loss=0.224904  best_obj=0.004300  lr=0.00854  geo=0.03  patch_std=0.1351 [0.027,0.945]
  Step  2650/10000  loss=0.092562  best_obj=0.004300  lr=0.00853  geo=0.04  patch_std=0.1353 [0.026,0.929]
  Step  2660/10000  loss=0.022506  best_obj=0.004300  lr=0.00852  geo=0.04  patch_std=0.1339 [0.026,0.949]
  Step  2670/10000  loss=0.092931  best_obj=0.004300  lr=0.00851  geo=0.04  patch_std=0.1342 [0.026,0.944]
  Step  2680/10000  loss=0.142468  best_obj=0.004300  lr=0.00850  geo=0.04  patch_std=0.1339 [0.023,0.932]
  Step  2690/10000  loss=0.082897  best_obj=0.004300  lr=0.00849  geo=0.05  patch_std=0.1348 [0.027,0.961]
  Step  2700/10000  loss=0.267876  best_obj=0.004300  lr=0.00848  geo=0.05  patch_std=0.1349 [0.020,0.947]
  Step  2710/10000  loss=0.108675  best_obj=0.004300  lr=0.00847  geo=0.05  patch_std=0.1359 [0.023,0.955]
  Step  2720/10000  loss=0.106445  best_obj=0.004300  lr=0.00846  geo=0.05  patch_std=0.1366 [0.030,0.944]
  Step  2730/10000  loss=0.079210  best_obj=0.004300  lr=0.00844  geo=0.06  patch_std=0.1369 [0.026,0.981]
  Step  2740/10000  loss=0.246622  best_obj=0.004300  lr=0.00843  geo=0.06  patch_std=0.1364 [0.029,0.975]
  Step  2750/10000  loss=0.184654  best_obj=0.004300  lr=0.00842  geo=0.06  patch_std=0.1366 [0.003,0.961]
  Step  2760/10000  loss=0.178218  best_obj=0.004300  lr=0.00841  geo=0.06  patch_std=0.1361 [0.010,0.963]
  Step  2770/10000  loss=0.073383  best_obj=0.004300  lr=0.00840  geo=0.07  patch_std=0.1369 [0.020,0.968]
  Step  2780/10000  loss=0.217143  best_obj=0.004300  lr=0.00839  geo=0.07  patch_std=0.1370 [0.024,0.975]
  Step  2790/10000  loss=0.211509  best_obj=0.004300  lr=0.00838  geo=0.07  patch_std=0.1370 [0.015,0.975]
  Step  2800/10000  loss=0.061882  best_obj=0.004300  lr=0.00837  geo=0.07  patch_std=0.1364 [0.033,0.947]
[CONF]  Step  2800  mean_conf=0.4257  (baseline=0.8849, Δ=-51.9%)  suppressed(<0.25)=29/72
  Step  2810/10000  loss=0.116868  best_obj=0.004300  lr=0.00836  geo=0.08  patch_std=0.1370 [0.023,0.979]
  Step  2820/10000  loss=0.201295  best_obj=0.004300  lr=0.00835  geo=0.08  patch_std=0.1366 [0.033,0.954]
  Step  2830/10000  loss=0.140190  best_obj=0.004300  lr=0.00834  geo=0.08  patch_std=0.1357 [0.015,0.964]
  Step  2840/10000  loss=0.098723  best_obj=0.004300  lr=0.00833  geo=0.08  patch_std=0.1361 [0.012,0.947]
  Step  2850/10000  loss=0.193171  best_obj=0.004300  lr=0.00831  geo=0.09  patch_std=0.1357 [0.006,0.954]
  Step  2860/10000  loss=0.143960  best_obj=0.004300  lr=0.00830  geo=0.09  patch_std=0.1366 [0.000,0.962]
  Step  2870/10000  loss=0.036647  best_obj=0.004300  lr=0.00829  geo=0.09  patch_std=0.1358 [0.008,0.962]
  Step  2880/10000  loss=0.066523  best_obj=0.004300  lr=0.00828  geo=0.09  patch_std=0.1358 [0.000,0.956]
  Step  2890/10000  loss=0.106951  best_obj=0.004300  lr=0.00827  geo=0.10  patch_std=0.1353 [0.008,0.972]
  Step  2900/10000  loss=0.113963  best_obj=0.004300  lr=0.00826  geo=0.10  patch_std=0.1352 [0.001,0.957]
  Step  2910/10000  loss=0.198279  best_obj=0.004300  lr=0.00825  geo=0.10  patch_std=0.1357 [0.007,0.957]
  Step  2920/10000  loss=0.127090  best_obj=0.004300  lr=0.00824  geo=0.10  patch_std=0.1365 [0.012,0.964]
  Step  2930/10000  loss=0.155136  best_obj=0.004300  lr=0.00823  geo=0.11  patch_std=0.1367 [0.008,0.955]
  Step  2940/10000  loss=0.098826  best_obj=0.004300  lr=0.00821  geo=0.11  patch_std=0.1368 [0.008,0.991]
  Step  2950/10000  loss=0.155774  best_obj=0.004300  lr=0.00820  geo=0.11  patch_std=0.1367 [0.000,0.967]
  Step  2960/10000  loss=0.094098  best_obj=0.004300  lr=0.00819  geo=0.11  patch_std=0.1374 [0.000,0.969]
  Step  2970/10000  loss=0.186667  best_obj=0.004300  lr=0.00818  geo=0.12  patch_std=0.1375 [0.000,0.972]
  Step  2980/10000  loss=0.061560  best_obj=0.004300  lr=0.00817  geo=0.12  patch_std=0.1378 [0.005,0.971]
  Step  2990/10000  loss=0.216126  best_obj=0.004300  lr=0.00816  geo=0.12  patch_std=0.1379 [0.016,0.970]
  Step  3000/10000  loss=0.099445  best_obj=0.004300  lr=0.00815  geo=0.12  patch_std=0.1383 [0.000,0.990]
[CONF]  Step  3000  mean_conf=0.4056  (baseline=0.8849, Δ=-54.2%)  suppressed(<0.25)=32/72
[CONF]  ↑ New best patch (mean_conf=0.4056, suppressed=32/72)
  Step  3010/10000  loss=0.122223  best_obj=0.004300  lr=0.00813  geo=0.13  patch_std=0.1382 [0.006,0.971]
  Step  3020/10000  loss=0.211255  best_obj=0.004300  lr=0.00812  geo=0.13  patch_std=0.1392 [0.017,0.980]
  Step  3030/10000  loss=0.162055  best_obj=0.004300  lr=0.00811  geo=0.13  patch_std=0.1393 [0.028,0.992]
  Step  3040/10000  loss=0.115149  best_obj=0.004300  lr=0.00810  geo=0.13  patch_std=0.1386 [0.024,0.993]
  Step  3050/10000  loss=0.112135  best_obj=0.004300  lr=0.00809  geo=0.14  patch_std=0.1381 [0.018,0.986]
  Step  3060/10000  loss=0.166161  best_obj=0.004300  lr=0.00808  geo=0.14  patch_std=0.1381 [0.017,0.976]
  Step  3070/10000  loss=0.169688  best_obj=0.004300  lr=0.00807  geo=0.14  patch_std=0.1389 [0.007,0.984]
  Step  3080/10000  loss=0.157019  best_obj=0.004300  lr=0.00805  geo=0.14  patch_std=0.1388 [0.013,0.971]
  Step  3090/10000  loss=0.213371  best_obj=0.004300  lr=0.00804  geo=0.15  patch_std=0.1386 [0.006,0.962]
  Step  3100/10000  loss=0.157903  best_obj=0.004300  lr=0.00803  geo=0.15  patch_std=0.1382 [0.020,0.955]
  Step  3110/10000  loss=0.118567  best_obj=0.004300  lr=0.00802  geo=0.15  patch_std=0.1381 [0.018,0.968]
  Step  3120/10000  loss=0.175685  best_obj=0.004300  lr=0.00801  geo=0.15  patch_std=0.1377 [0.031,0.952]
  Step  3130/10000  loss=0.218380  best_obj=0.004300  lr=0.00799  geo=0.16  patch_std=0.1371 [0.014,0.937]
  Step  3140/10000  loss=0.174937  best_obj=0.004300  lr=0.00798  geo=0.16  patch_std=0.1377 [0.008,0.949]
  Step  3150/10000  loss=0.084371  best_obj=0.004300  lr=0.00797  geo=0.16  patch_std=0.1374 [0.017,0.938]
  Step  3160/10000  loss=0.121955  best_obj=0.004300  lr=0.00796  geo=0.16  patch_std=0.1368 [0.025,0.930]
  Step  3170/10000  loss=0.127827  best_obj=0.004300  lr=0.00795  geo=0.17  patch_std=0.1370 [0.021,0.939]
  Step  3180/10000  loss=0.065330  best_obj=0.004300  lr=0.00794  geo=0.17  patch_std=0.1375 [0.005,0.940]
  Step  3190/10000  loss=0.203085  best_obj=0.004300  lr=0.00792  geo=0.17  patch_std=0.1378 [0.024,0.943]
  Step  3200/10000  loss=0.122425  best_obj=0.004300  lr=0.00791  geo=0.17  patch_std=0.1384 [0.027,0.955]
[CONF]  Step  3200  mean_conf=0.3579  (baseline=0.8849, Δ=-59.5%)  suppressed(<0.25)=38/72
[CONF]  ↑ New best patch (mean_conf=0.3579, suppressed=38/72)
  Step  3210/10000  loss=0.113687  best_obj=0.004300  lr=0.00790  geo=0.18  patch_std=0.1381 [0.000,0.944]
  Step  3220/10000  loss=0.129257  best_obj=0.004300  lr=0.00789  geo=0.18  patch_std=0.1378 [0.003,0.969]
  Step  3230/10000  loss=0.118240  best_obj=0.004300  lr=0.00788  geo=0.18  patch_std=0.1386 [0.013,0.955]
  Step  3240/10000  loss=0.208172  best_obj=0.004300  lr=0.00786  geo=0.18  patch_std=0.1381 [0.022,0.946]
  Step  3250/10000  loss=0.197560  best_obj=0.004300  lr=0.00785  geo=0.19  patch_std=0.1379 [0.009,0.955]
  Step  3260/10000  loss=0.133036  best_obj=0.004300  lr=0.00784  geo=0.19  patch_std=0.1381 [0.000,0.945]
  Step  3270/10000  loss=0.119353  best_obj=0.004300  lr=0.00783  geo=0.19  patch_std=0.1385 [0.000,0.959]
  Step  3280/10000  loss=0.130152  best_obj=0.004300  lr=0.00782  geo=0.19  patch_std=0.1385 [0.016,0.945]
  Step  3290/10000  loss=0.131971  best_obj=0.004300  lr=0.00780  geo=0.20  patch_std=0.1385 [0.016,0.946]
  Step  3300/10000  loss=0.239318  best_obj=0.004300  lr=0.00779  geo=0.20  patch_std=0.1383 [0.006,0.946]
  Step  3310/10000  loss=0.115641  best_obj=0.004300  lr=0.00778  geo=0.20  patch_std=0.1385 [0.001,0.953]
  Step  3320/10000  loss=0.199601  best_obj=0.004300  lr=0.00777  geo=0.20  patch_std=0.1388 [0.012,0.948]
  Step  3330/10000  loss=0.239255  best_obj=0.004300  lr=0.00775  geo=0.21  patch_std=0.1395 [0.023,0.966]
  Step  3340/10000  loss=0.054916  best_obj=0.004300  lr=0.00774  geo=0.21  patch_std=0.1392 [0.027,0.957]
  Step  3350/10000  loss=0.214880  best_obj=0.004300  lr=0.00773  geo=0.21  patch_std=0.1401 [0.021,0.947]
  Step  3360/10000  loss=0.130833  best_obj=0.004300  lr=0.00772  geo=0.21  patch_std=0.1398 [0.023,0.950]
  Step  3370/10000  loss=0.123804  best_obj=0.004300  lr=0.00771  geo=0.22  patch_std=0.1400 [0.010,0.965]
  Step  3380/10000  loss=0.272471  best_obj=0.004300  lr=0.00769  geo=0.22  patch_std=0.1405 [0.000,0.957]
  Step  3390/10000  loss=0.244469  best_obj=0.004300  lr=0.00768  geo=0.22  patch_std=0.1408 [0.000,0.980]
  Step  3400/10000  loss=0.148476  best_obj=0.002101  lr=0.00767  geo=0.22  patch_std=0.1409 [0.000,0.979]
[CONF]  Step  3400  mean_conf=0.3654  (baseline=0.8849, Δ=-58.7%)  suppressed(<0.25)=38/72
  Step  3410/10000  loss=0.255443  best_obj=0.002101  lr=0.00766  geo=0.23  patch_std=0.1406 [0.010,0.954]
  Step  3420/10000  loss=0.132146  best_obj=0.002101  lr=0.00764  geo=0.23  patch_std=0.1397 [0.015,0.942]
  Step  3430/10000  loss=0.073937  best_obj=0.002101  lr=0.00763  geo=0.23  patch_std=0.1396 [0.026,0.946]
  Step  3440/10000  loss=0.135297  best_obj=0.002101  lr=0.00762  geo=0.23  patch_std=0.1403 [0.000,0.951]
  Step  3450/10000  loss=0.134511  best_obj=0.002101  lr=0.00761  geo=0.24  patch_std=0.1401 [0.010,0.951]
  Step  3460/10000  loss=0.120306  best_obj=0.002101  lr=0.00759  geo=0.24  patch_std=0.1400 [0.015,0.952]
  Step  3470/10000  loss=0.120855  best_obj=0.002101  lr=0.00758  geo=0.24  patch_std=0.1401 [0.015,0.945]
  Step  3480/10000  loss=0.123470  best_obj=0.002101  lr=0.00757  geo=0.24  patch_std=0.1398 [0.031,0.939]
  Step  3490/10000  loss=0.058318  best_obj=0.002101  lr=0.00756  geo=0.25  patch_std=0.1402 [0.030,0.954]
  Step  3500/10000  loss=0.070924  best_obj=0.002101  lr=0.00754  geo=0.25  patch_std=0.1400 [0.026,0.946]
  Step  3510/10000  loss=0.124856  best_obj=0.002101  lr=0.00753  geo=0.25  patch_std=0.1403 [0.017,0.963]
  Step  3520/10000  loss=0.144459  best_obj=0.002101  lr=0.00752  geo=0.25  patch_std=0.1400 [0.023,0.969]
  Step  3530/10000  loss=0.227700  best_obj=0.002101  lr=0.00751  geo=0.26  patch_std=0.1399 [0.015,0.953]
  Step  3540/10000  loss=0.158663  best_obj=0.002101  lr=0.00749  geo=0.26  patch_std=0.1400 [0.015,0.974]
  Step  3550/10000  loss=0.142668  best_obj=0.002101  lr=0.00748  geo=0.26  patch_std=0.1403 [0.011,0.958]
  Step  3560/10000  loss=0.132913  best_obj=0.002101  lr=0.00747  geo=0.26  patch_std=0.1401 [0.019,0.966]
  Step  3570/10000  loss=0.179598  best_obj=0.002101  lr=0.00746  geo=0.27  patch_std=0.1398 [0.001,0.981]
  Step  3580/10000  loss=0.064843  best_obj=0.002101  lr=0.00744  geo=0.27  patch_std=0.1402 [0.000,0.989]
  Step  3590/10000  loss=0.122103  best_obj=0.002101  lr=0.00743  geo=0.27  patch_std=0.1408 [0.000,0.971]
  Step  3600/10000  loss=0.259054  best_obj=0.002101  lr=0.00742  geo=0.27  patch_std=0.1414 [0.000,0.959]
[CONF]  Step  3600  mean_conf=0.3921  (baseline=0.8849, Δ=-55.7%)  suppressed(<0.25)=34/72
  Step  3610/10000  loss=0.119193  best_obj=0.002101  lr=0.00740  geo=0.28  patch_std=0.1417 [0.013,0.966]
  Step  3620/10000  loss=0.142929  best_obj=0.002101  lr=0.00739  geo=0.28  patch_std=0.1417 [0.008,0.945]
  Step  3630/10000  loss=0.146609  best_obj=0.002101  lr=0.00738  geo=0.28  patch_std=0.1417 [0.015,0.948]
  Step  3640/10000  loss=0.123136  best_obj=0.002101  lr=0.00737  geo=0.28  patch_std=0.1417 [0.008,0.949]
  Step  3650/10000  loss=0.168330  best_obj=0.002101  lr=0.00735  geo=0.29  patch_std=0.1414 [0.003,0.963]
  Step  3660/10000  loss=0.129567  best_obj=0.002101  lr=0.00734  geo=0.29  patch_std=0.1415 [0.008,0.988]
  Step  3670/10000  loss=0.129660  best_obj=0.002101  lr=0.00733  geo=0.29  patch_std=0.1417 [0.000,0.963]
  Step  3680/10000  loss=0.123218  best_obj=0.002101  lr=0.00731  geo=0.29  patch_std=0.1424 [0.000,0.975]
  Step  3690/10000  loss=0.047251  best_obj=0.002101  lr=0.00730  geo=0.30  patch_std=0.1417 [0.007,0.980]
  Step  3700/10000  loss=0.124266  best_obj=0.002101  lr=0.00729  geo=0.30  patch_std=0.1425 [0.000,0.965]
  Step  3710/10000  loss=0.184246  best_obj=0.002101  lr=0.00727  geo=0.30  patch_std=0.1431 [0.000,0.972]
  Step  3720/10000  loss=0.111435  best_obj=0.002101  lr=0.00726  geo=0.30  patch_std=0.1429 [0.000,0.988]
  Step  3730/10000  loss=0.111023  best_obj=0.002101  lr=0.00725  geo=0.31  patch_std=0.1428 [0.002,0.977]
  Step  3740/10000  loss=0.097262  best_obj=0.002101  lr=0.00724  geo=0.31  patch_std=0.1435 [0.000,0.977]
  Step  3750/10000  loss=0.119405  best_obj=0.002101  lr=0.00722  geo=0.31  patch_std=0.1443 [0.002,0.963]
  Step  3760/10000  loss=0.132145  best_obj=0.002101  lr=0.00721  geo=0.31  patch_std=0.1438 [0.015,0.964]
  Step  3770/10000  loss=0.100612  best_obj=0.002101  lr=0.00720  geo=0.32  patch_std=0.1437 [0.015,0.971]
  Step  3780/10000  loss=0.125678  best_obj=0.002101  lr=0.00718  geo=0.32  patch_std=0.1445 [0.007,0.978]
  Step  3790/10000  loss=0.114001  best_obj=0.002101  lr=0.00717  geo=0.32  patch_std=0.1434 [0.028,0.978]
  Step  3800/10000  loss=0.156903  best_obj=0.002101  lr=0.00716  geo=0.32  patch_std=0.1441 [0.017,0.978]
[CONF]  Step  3800  mean_conf=0.3646  (baseline=0.8849, Δ=-58.8%)  suppressed(<0.25)=38/72
  Step  3810/10000  loss=0.128349  best_obj=0.002101  lr=0.00714  geo=0.33  patch_std=0.1438 [0.027,0.966]
  Step  3820/10000  loss=0.142908  best_obj=0.002101  lr=0.00713  geo=0.33  patch_std=0.1441 [0.022,0.961]
  Step  3830/10000  loss=0.138600  best_obj=0.002101  lr=0.00712  geo=0.33  patch_std=0.1441 [0.028,0.950]
  Step  3840/10000  loss=0.250895  best_obj=0.002101  lr=0.00710  geo=0.33  patch_std=0.1444 [0.004,0.978]
  Step  3850/10000  loss=0.280904  best_obj=0.002101  lr=0.00709  geo=0.34  patch_std=0.1443 [0.003,0.964]
  Step  3860/10000  loss=0.149934  best_obj=0.002101  lr=0.00708  geo=0.34  patch_std=0.1437 [0.000,0.964]
  Step  3870/10000  loss=0.113969  best_obj=0.002101  lr=0.00706  geo=0.34  patch_std=0.1442 [0.007,0.962]
  Step  3880/10000  loss=0.150208  best_obj=0.002101  lr=0.00705  geo=0.34  patch_std=0.1437 [0.009,0.958]
  Step  3890/10000  loss=0.200707  best_obj=0.002101  lr=0.00704  geo=0.35  patch_std=0.1443 [0.015,0.973]
  Step  3900/10000  loss=0.143133  best_obj=0.002101  lr=0.00703  geo=0.35  patch_std=0.1437 [0.014,0.978]
  Step  3910/10000  loss=0.058632  best_obj=0.002101  lr=0.00701  geo=0.35  patch_std=0.1442 [0.023,0.979]
  Step  3920/10000  loss=0.242809  best_obj=0.002101  lr=0.00700  geo=0.35  patch_std=0.1438 [0.023,0.979]
  Step  3930/10000  loss=0.165116  best_obj=0.002101  lr=0.00699  geo=0.36  patch_std=0.1441 [0.011,0.981]
  Step  3940/10000  loss=0.166962  best_obj=0.002101  lr=0.00697  geo=0.36  patch_std=0.1447 [0.014,0.993]
  Step  3950/10000  loss=0.249237  best_obj=0.002101  lr=0.00696  geo=0.36  patch_std=0.1441 [0.010,0.979]
  Step  3960/10000  loss=0.083992  best_obj=0.002101  lr=0.00695  geo=0.36  patch_std=0.1441 [0.011,0.977]
  Step  3970/10000  loss=0.143443  best_obj=0.002101  lr=0.00693  geo=0.37  patch_std=0.1443 [0.000,0.993]
  Step  3980/10000  loss=0.160532  best_obj=0.002101  lr=0.00692  geo=0.37  patch_std=0.1438 [0.011,0.979]
  Step  3990/10000  loss=0.131854  best_obj=0.002101  lr=0.00690  geo=0.37  patch_std=0.1435 [0.007,0.961]
  Step  4000/10000  loss=0.154831  best_obj=0.002101  lr=0.00689  geo=0.37  patch_std=0.1436 [0.022,0.971]
[CONF]  Step  4000  mean_conf=0.3797  (baseline=0.8849, Δ=-57.1%)  suppressed(<0.25)=30/72
  Step  4010/10000  loss=0.274001  best_obj=0.002101  lr=0.00688  geo=0.38  patch_std=0.1438 [0.021,0.979]
  Step  4020/10000  loss=0.114918  best_obj=0.002101  lr=0.00686  geo=0.38  patch_std=0.1441 [0.018,0.971]
  Step  4030/10000  loss=0.189889  best_obj=0.002101  lr=0.00685  geo=0.38  patch_std=0.1439 [0.020,1.000]
  Step  4040/10000  loss=0.144228  best_obj=0.002101  lr=0.00684  geo=0.38  patch_std=0.1442 [0.014,0.979]
  Step  4050/10000  loss=0.164777  best_obj=0.002101  lr=0.00682  geo=0.39  patch_std=0.1443 [0.022,0.971]
  Step  4060/10000  loss=0.038296  best_obj=0.002101  lr=0.00681  geo=0.39  patch_std=0.1442 [0.024,0.970]
  Step  4070/10000  loss=0.116734  best_obj=0.002101  lr=0.00680  geo=0.39  patch_std=0.1439 [0.004,0.970]
  Step  4080/10000  loss=0.161588  best_obj=0.002101  lr=0.00678  geo=0.39  patch_std=0.1437 [0.006,0.968]
  Step  4090/10000  loss=0.212944  best_obj=0.002101  lr=0.00677  geo=0.40  patch_std=0.1440 [0.014,0.972]
  Step  4100/10000  loss=0.149434  best_obj=0.002101  lr=0.00676  geo=0.40  patch_std=0.1446 [0.000,0.992]
  Step  4110/10000  loss=0.118445  best_obj=0.002101  lr=0.00674  geo=0.40  patch_std=0.1442 [0.011,0.965]
  Step  4120/10000  loss=0.115678  best_obj=0.002101  lr=0.00673  geo=0.40  patch_std=0.1448 [0.000,0.989]
  Step  4130/10000  loss=0.142175  best_obj=0.002101  lr=0.00672  geo=0.41  patch_std=0.1448 [0.000,0.970]
  Step  4140/10000  loss=0.111273  best_obj=0.002101  lr=0.00670  geo=0.41  patch_std=0.1456 [0.000,0.986]
  Step  4150/10000  loss=0.149082  best_obj=0.002101  lr=0.00669  geo=0.41  patch_std=0.1457 [0.007,0.980]
  Step  4160/10000  loss=0.081471  best_obj=0.002101  lr=0.00667  geo=0.41  patch_std=0.1458 [0.000,0.966]
  Step  4170/10000  loss=0.304934  best_obj=0.002101  lr=0.00666  geo=0.42  patch_std=0.1454 [0.000,0.979]
  Step  4180/10000  loss=0.128779  best_obj=0.002101  lr=0.00665  geo=0.42  patch_std=0.1452 [0.000,0.979]
  Step  4190/10000  loss=0.146470  best_obj=0.002101  lr=0.00663  geo=0.42  patch_std=0.1457 [0.000,0.992]
  Step  4200/10000  loss=0.126202  best_obj=0.002101  lr=0.00662  geo=0.42  patch_std=0.1457 [0.000,0.992]
[CONF]  Step  4200  mean_conf=0.3306  (baseline=0.8849, Δ=-62.6%)  suppressed(<0.25)=39/72
[CONF]  ↑ New best patch (mean_conf=0.3306, suppressed=39/72)
  Step  4210/10000  loss=0.136936  best_obj=0.002101  lr=0.00661  geo=0.43  patch_std=0.1458 [0.000,0.980]
  Step  4220/10000  loss=0.135680  best_obj=0.002101  lr=0.00659  geo=0.43  patch_std=0.1464 [0.000,0.991]
  Step  4230/10000  loss=0.241598  best_obj=0.002101  lr=0.00658  geo=0.43  patch_std=0.1460 [0.000,0.966]
  Step  4240/10000  loss=0.106872  best_obj=0.002101  lr=0.00657  geo=0.43  patch_std=0.1465 [0.007,0.967]
  Step  4250/10000  loss=0.070898  best_obj=0.002101  lr=0.00655  geo=0.44  patch_std=0.1462 [0.013,0.977]
  Step  4260/10000  loss=0.119150  best_obj=0.002101  lr=0.00654  geo=0.44  patch_std=0.1471 [0.000,0.969]
  Step  4270/10000  loss=0.239598  best_obj=0.002101  lr=0.00652  geo=0.44  patch_std=0.1471 [0.007,0.978]
  Step  4280/10000  loss=0.156936  best_obj=0.002101  lr=0.00651  geo=0.44  patch_std=0.1471 [0.013,0.957]
  Step  4290/10000  loss=0.218070  best_obj=0.002101  lr=0.00650  geo=0.45  patch_std=0.1474 [0.000,0.960]
  Step  4300/10000  loss=0.162746  best_obj=0.002101  lr=0.00648  geo=0.45  patch_std=0.1485 [0.000,0.974]
  Step  4310/10000  loss=0.168043  best_obj=0.002101  lr=0.00647  geo=0.45  patch_std=0.1475 [0.000,0.952]
  Step  4320/10000  loss=0.255702  best_obj=0.002101  lr=0.00645  geo=0.45  patch_std=0.1466 [0.000,0.964]
  Step  4330/10000  loss=0.124639  best_obj=0.002101  lr=0.00644  geo=0.46  patch_std=0.1464 [0.000,0.961]
  Step  4340/10000  loss=0.140575  best_obj=0.002101  lr=0.00643  geo=0.46  patch_std=0.1464 [0.000,0.953]
  Step  4350/10000  loss=0.127142  best_obj=0.002101  lr=0.00641  geo=0.46  patch_std=0.1467 [0.000,0.992]
  Step  4360/10000  loss=0.128291  best_obj=0.002101  lr=0.00640  geo=0.46  patch_std=0.1469 [0.003,0.966]
  Step  4370/10000  loss=0.240332  best_obj=0.002101  lr=0.00639  geo=0.47  patch_std=0.1472 [0.014,0.978]
  Step  4380/10000  loss=0.143106  best_obj=0.002101  lr=0.00637  geo=0.47  patch_std=0.1470 [0.010,0.980]
  Step  4390/10000  loss=0.098448  best_obj=0.002101  lr=0.00636  geo=0.47  patch_std=0.1470 [0.008,0.980]
  Step  4400/10000  loss=0.166143  best_obj=0.002101  lr=0.00634  geo=0.47  patch_std=0.1473 [0.007,0.978]
[CONF]  Step  4400  mean_conf=0.2597  (baseline=0.8849, Δ=-70.7%)  suppressed(<0.25)=46/72
[CONF]  ↑ New best patch (mean_conf=0.2597, suppressed=46/72)
  Step  4410/10000  loss=0.141034  best_obj=0.002101  lr=0.00633  geo=0.48  patch_std=0.1471 [0.006,0.991]
  Step  4420/10000  loss=0.213078  best_obj=0.002101  lr=0.00632  geo=0.48  patch_std=0.1468 [0.000,0.978]
  Step  4430/10000  loss=0.091627  best_obj=0.002101  lr=0.00630  geo=0.48  patch_std=0.1463 [0.001,0.978]
  Step  4440/10000  loss=0.134280  best_obj=0.002101  lr=0.00629  geo=0.48  patch_std=0.1467 [0.007,0.978]
  Step  4450/10000  loss=0.146539  best_obj=0.002101  lr=0.00627  geo=0.49  patch_std=0.1470 [0.009,0.990]
  Step  4460/10000  loss=0.208316  best_obj=0.002101  lr=0.00626  geo=0.49  patch_std=0.1469 [0.009,0.989]
  Step  4470/10000  loss=0.270818  best_obj=0.002101  lr=0.00625  geo=0.49  patch_std=0.1474 [0.007,0.998]
  Step  4480/10000  loss=0.089844  best_obj=0.002101  lr=0.00623  geo=0.49  patch_std=0.1467 [0.001,0.979]
  Step  4490/10000  loss=0.141395  best_obj=0.002101  lr=0.00622  geo=0.50  patch_std=0.1471 [0.000,0.991]
  Step  4500/10000  loss=0.047157  best_obj=0.002101  lr=0.00620  geo=0.50  patch_std=0.1473 [0.000,0.990]
  Step  4510/10000  loss=0.138574  best_obj=0.002101  lr=0.00619  geo=0.50  patch_std=0.1479 [0.000,0.985]
  Step  4520/10000  loss=0.050514  best_obj=0.002101  lr=0.00618  geo=0.50  patch_std=0.1479 [0.000,1.000]
  Step  4530/10000  loss=0.111599  best_obj=0.002101  lr=0.00616  geo=0.51  patch_std=0.1482 [0.000,0.998]
  Step  4540/10000  loss=0.116300  best_obj=0.002101  lr=0.00615  geo=0.51  patch_std=0.1479 [0.000,0.990]
  Step  4550/10000  loss=0.121872  best_obj=0.002101  lr=0.00613  geo=0.51  patch_std=0.1479 [0.000,0.999]
  Step  4560/10000  loss=0.130851  best_obj=0.002101  lr=0.00612  geo=0.51  patch_std=0.1481 [0.000,1.000]
  Step  4570/10000  loss=0.231922  best_obj=0.002101  lr=0.00611  geo=0.52  patch_std=0.1484 [0.006,0.991]
  Step  4580/10000  loss=0.140354  best_obj=0.002101  lr=0.00609  geo=0.52  patch_std=0.1482 [0.000,0.992]
  Step  4590/10000  loss=0.150399  best_obj=0.002101  lr=0.00608  geo=0.52  patch_std=0.1475 [0.000,1.000]
  Step  4600/10000  loss=0.160238  best_obj=0.002101  lr=0.00606  geo=0.52  patch_std=0.1477 [0.000,0.994]
[CONF]  Step  4600  mean_conf=0.3184  (baseline=0.8849, Δ=-64.0%)  suppressed(<0.25)=39/72
  Step  4610/10000  loss=0.152237  best_obj=0.002101  lr=0.00605  geo=0.53  patch_std=0.1478 [0.000,1.000]
  Step  4620/10000  loss=0.145613  best_obj=0.002101  lr=0.00604  geo=0.53  patch_std=0.1477 [0.000,1.000]
  Step  4630/10000  loss=0.142788  best_obj=0.002101  lr=0.00602  geo=0.53  patch_std=0.1476 [0.000,0.994]
  Step  4640/10000  loss=0.129194  best_obj=0.002101  lr=0.00601  geo=0.53  patch_std=0.1478 [0.000,0.994]
  Step  4650/10000  loss=0.222862  best_obj=0.002101  lr=0.00599  geo=0.54  patch_std=0.1480 [0.000,1.000]
  Step  4660/10000  loss=0.214031  best_obj=0.002101  lr=0.00598  geo=0.54  patch_std=0.1481 [0.000,1.000]
  Step  4670/10000  loss=0.124084  best_obj=0.002101  lr=0.00597  geo=0.54  patch_std=0.1481 [0.000,0.982]
  Step  4680/10000  loss=0.134688  best_obj=0.002101  lr=0.00595  geo=0.54  patch_std=0.1488 [0.000,1.000]
  Step  4690/10000  loss=0.155441  best_obj=0.002101  lr=0.00594  geo=0.55  patch_std=0.1490 [0.000,0.993]
  Step  4700/10000  loss=0.150834  best_obj=0.002101  lr=0.00592  geo=0.55  patch_std=0.1491 [0.000,0.993]
  Step  4710/10000  loss=0.148845  best_obj=0.002101  lr=0.00591  geo=0.55  patch_std=0.1491 [0.000,0.981]
  Step  4720/10000  loss=0.133785  best_obj=0.002101  lr=0.00590  geo=0.55  patch_std=0.1491 [0.006,0.976]
  Step  4730/10000  loss=0.143433  best_obj=0.002101  lr=0.00588  geo=0.56  patch_std=0.1494 [0.000,0.988]
  Step  4740/10000  loss=0.135501  best_obj=0.002101  lr=0.00587  geo=0.56  patch_std=0.1493 [0.000,0.986]
  Step  4750/10000  loss=0.173815  best_obj=0.002101  lr=0.00585  geo=0.56  patch_std=0.1497 [0.000,0.989]
  Step  4760/10000  loss=0.080101  best_obj=0.002101  lr=0.00584  geo=0.56  patch_std=0.1501 [0.000,0.968]
  Step  4770/10000  loss=0.119339  best_obj=0.002101  lr=0.00583  geo=0.57  patch_std=0.1500 [0.000,0.978]
  Step  4780/10000  loss=0.142881  best_obj=0.002101  lr=0.00581  geo=0.57  patch_std=0.1497 [0.000,0.964]
  Step  4790/10000  loss=0.092305  best_obj=0.002101  lr=0.00580  geo=0.57  patch_std=0.1498 [0.000,0.968]
  Step  4800/10000  loss=0.136818  best_obj=0.002101  lr=0.00578  geo=0.57  patch_std=0.1496 [0.006,0.978]
[CONF]  Step  4800  mean_conf=0.3355  (baseline=0.8849, Δ=-62.1%)  suppressed(<0.25)=37/72
  Step  4810/10000  loss=0.081645  best_obj=0.002101  lr=0.00577  geo=0.58  patch_std=0.1499 [0.000,0.980]
  Step  4820/10000  loss=0.098756  best_obj=0.002101  lr=0.00576  geo=0.58  patch_std=0.1503 [0.000,0.980]
  Step  4830/10000  loss=0.132342  best_obj=0.002101  lr=0.00574  geo=0.58  patch_std=0.1504 [0.000,0.976]
  Step  4840/10000  loss=0.164243  best_obj=0.002101  lr=0.00573  geo=0.58  patch_std=0.1504 [0.000,0.987]
  Step  4850/10000  loss=0.149490  best_obj=0.002101  lr=0.00571  geo=0.59  patch_std=0.1505 [0.000,0.970]
  Step  4860/10000  loss=0.225902  best_obj=0.002101  lr=0.00570  geo=0.59  patch_std=0.1503 [0.000,0.967]
  Step  4870/10000  loss=0.189265  best_obj=0.002101  lr=0.00568  geo=0.59  patch_std=0.1506 [0.000,0.978]
  Step  4880/10000  loss=0.153369  best_obj=0.002101  lr=0.00567  geo=0.59  patch_std=0.1505 [0.000,0.972]
  Step  4890/10000  loss=0.183640  best_obj=0.002101  lr=0.00566  geo=0.60  patch_std=0.1505 [0.000,0.984]
  Step  4900/10000  loss=0.145152  best_obj=0.002101  lr=0.00564  geo=0.60  patch_std=0.1503 [0.000,0.962]
  Step  4910/10000  loss=0.072002  best_obj=0.002101  lr=0.00563  geo=0.60  patch_std=0.1500 [0.000,0.958]
  Step  4920/10000  loss=0.101949  best_obj=0.002101  lr=0.00561  geo=0.60  patch_std=0.1501 [0.000,0.962]
  Step  4930/10000  loss=0.141449  best_obj=0.002101  lr=0.00560  geo=0.61  patch_std=0.1500 [0.000,0.984]
  Step  4940/10000  loss=0.154288  best_obj=0.002101  lr=0.00559  geo=0.61  patch_std=0.1503 [0.000,0.974]
  Step  4950/10000  loss=0.047087  best_obj=0.002101  lr=0.00557  geo=0.61  patch_std=0.1501 [0.006,0.968]
  Step  4960/10000  loss=0.150220  best_obj=0.002101  lr=0.00556  geo=0.61  patch_std=0.1501 [0.000,0.986]
  Step  4970/10000  loss=0.142075  best_obj=0.002101  lr=0.00554  geo=0.62  patch_std=0.1501 [0.000,0.990]
  Step  4980/10000  loss=0.095819  best_obj=0.002101  lr=0.00553  geo=0.62  patch_std=0.1504 [0.000,0.990]
  Step  4990/10000  loss=0.237370  best_obj=0.002101  lr=0.00551  geo=0.62  patch_std=0.1507 [0.000,0.979]
  Step  5000/10000  loss=0.167846  best_obj=0.002101  lr=0.00550  geo=0.62  patch_std=0.1507 [0.000,0.983]
[CONF]  Step  5000  mean_conf=0.3173  (baseline=0.8849, Δ=-64.1%)  suppressed(<0.25)=41/72
  Step  5010/10000  loss=0.155371  best_obj=0.002101  lr=0.00549  geo=0.63  patch_std=0.1509 [0.001,0.993]
  Step  5020/10000  loss=0.213894  best_obj=0.002101  lr=0.00547  geo=0.63  patch_std=0.1507 [0.000,0.983]
  Step  5030/10000  loss=0.165963  best_obj=0.002101  lr=0.00546  geo=0.63  patch_std=0.1510 [0.000,0.978]
  Step  5040/10000  loss=0.095620  best_obj=0.002101  lr=0.00544  geo=0.63  patch_std=0.1510 [0.000,0.972]
  Step  5050/10000  loss=0.158008  best_obj=0.002101  lr=0.00543  geo=0.64  patch_std=0.1510 [0.000,0.972]
  Step  5060/10000  loss=0.122399  best_obj=0.002101  lr=0.00542  geo=0.64  patch_std=0.1502 [0.000,0.972]
  Step  5070/10000  loss=0.139137  best_obj=0.002101  lr=0.00540  geo=0.64  patch_std=0.1503 [0.000,0.983]
  Step  5080/10000  loss=0.153903  best_obj=0.002101  lr=0.00539  geo=0.64  patch_std=0.1501 [0.000,0.983]
  Step  5090/10000  loss=0.164004  best_obj=0.002101  lr=0.00537  geo=0.65  patch_std=0.1498 [0.000,0.983]
  Step  5100/10000  loss=0.077664  best_obj=0.002101  lr=0.00536  geo=0.65  patch_std=0.1496 [0.000,0.979]
  Step  5110/10000  loss=0.106365  best_obj=0.002101  lr=0.00535  geo=0.65  patch_std=0.1501 [0.000,0.977]
  Step  5120/10000  loss=0.178056  best_obj=0.002101  lr=0.00533  geo=0.65  patch_std=0.1504 [0.000,0.983]
  Step  5130/10000  loss=0.190809  best_obj=0.002101  lr=0.00532  geo=0.66  patch_std=0.1510 [0.000,0.984]
  Step  5140/10000  loss=0.368750  best_obj=0.002101  lr=0.00530  geo=0.66  patch_std=0.1508 [0.000,0.984]
  Step  5150/10000  loss=0.122046  best_obj=0.002101  lr=0.00529  geo=0.66  patch_std=0.1500 [0.000,0.977]
  Step  5160/10000  loss=0.135394  best_obj=0.002101  lr=0.00527  geo=0.66  patch_std=0.1503 [0.000,0.983]
  Step  5170/10000  loss=0.129716  best_obj=0.002101  lr=0.00526  geo=0.67  patch_std=0.1501 [0.000,0.983]
  Step  5180/10000  loss=0.144318  best_obj=0.002101  lr=0.00525  geo=0.67  patch_std=0.1499 [0.000,0.973]
  Step  5190/10000  loss=0.266843  best_obj=0.002101  lr=0.00523  geo=0.67  patch_std=0.1503 [0.000,0.977]
  Step  5200/10000  loss=0.157811  best_obj=0.002101  lr=0.00522  geo=0.67  patch_std=0.1506 [0.010,0.993]
[CONF]  Step  5200  mean_conf=0.3695  (baseline=0.8849, Δ=-58.2%)  suppressed(<0.25)=34/72
  Step  5210/10000  loss=0.116793  best_obj=0.002101  lr=0.00520  geo=0.68  patch_std=0.1504 [0.000,0.987]
  Step  5220/10000  loss=0.355442  best_obj=0.002101  lr=0.00519  geo=0.68  patch_std=0.1503 [0.000,0.993]
  Step  5230/10000  loss=0.200158  best_obj=0.002101  lr=0.00518  geo=0.68  patch_std=0.1502 [0.000,0.995]
  Step  5240/10000  loss=0.152770  best_obj=0.002101  lr=0.00516  geo=0.68  patch_std=0.1500 [0.000,0.982]
  Step  5250/10000  loss=0.143743  best_obj=0.002101  lr=0.00515  geo=0.69  patch_std=0.1502 [0.000,0.982]
  Step  5260/10000  loss=0.095176  best_obj=0.002101  lr=0.00513  geo=0.69  patch_std=0.1504 [0.000,0.984]
  Step  5270/10000  loss=0.120902  best_obj=0.002101  lr=0.00512  geo=0.69  patch_std=0.1504 [0.000,0.987]
  Step  5280/10000  loss=0.213926  best_obj=0.002101  lr=0.00511  geo=0.69  patch_std=0.1505 [0.000,0.995]
  Step  5290/10000  loss=0.107395  best_obj=0.002101  lr=0.00509  geo=0.70  patch_std=0.1508 [0.000,1.000]
  Step  5300/10000  loss=0.152964  best_obj=0.002101  lr=0.00508  geo=0.70  patch_std=0.1507 [0.000,1.000]
  Step  5310/10000  loss=0.142120  best_obj=0.002101  lr=0.00506  geo=0.70  patch_std=0.1509 [0.000,0.995]
  Step  5320/10000  loss=0.129856  best_obj=0.002101  lr=0.00505  geo=0.70  patch_std=0.1510 [0.000,0.995]
  Step  5330/10000  loss=0.215253  best_obj=0.002101  lr=0.00503  geo=0.71  patch_std=0.1517 [0.000,1.000]
  Step  5340/10000  loss=0.150906  best_obj=0.002101  lr=0.00502  geo=0.71  patch_std=0.1520 [0.000,0.985]
  Step  5350/10000  loss=0.183726  best_obj=0.002101  lr=0.00501  geo=0.71  patch_std=0.1519 [0.000,0.979]
  Step  5360/10000  loss=0.147029  best_obj=0.002101  lr=0.00499  geo=0.71  patch_std=0.1515 [0.000,0.968]
  Step  5370/10000  loss=0.129583  best_obj=0.002101  lr=0.00498  geo=0.72  patch_std=0.1516 [0.000,0.975]
  Step  5380/10000  loss=0.158589  best_obj=0.002101  lr=0.00496  geo=0.72  patch_std=0.1517 [0.000,0.985]
  Step  5390/10000  loss=0.181374  best_obj=0.002101  lr=0.00495  geo=0.72  patch_std=0.1519 [0.000,0.979]
  Step  5400/10000  loss=0.125814  best_obj=0.002101  lr=0.00494  geo=0.72  patch_std=0.1519 [0.000,0.975]
[CONF]  Step  5400  mean_conf=0.3084  (baseline=0.8849, Δ=-65.1%)  suppressed(<0.25)=44/72
  Step  5410/10000  loss=0.285957  best_obj=0.002101  lr=0.00492  geo=0.73  patch_std=0.1522 [0.000,0.975]
  Step  5420/10000  loss=0.158561  best_obj=0.002101  lr=0.00491  geo=0.73  patch_std=0.1522 [0.000,0.966]
  Step  5430/10000  loss=0.141447  best_obj=0.002101  lr=0.00489  geo=0.73  patch_std=0.1526 [0.000,0.976]
  Step  5440/10000  loss=0.128524  best_obj=0.002101  lr=0.00488  geo=0.73  patch_std=0.1527 [0.000,0.976]
  Step  5450/10000  loss=0.217818  best_obj=0.002101  lr=0.00487  geo=0.74  patch_std=0.1528 [0.000,0.975]
  Step  5460/10000  loss=0.148811  best_obj=0.002101  lr=0.00485  geo=0.74  patch_std=0.1530 [0.000,0.975]
  Step  5470/10000  loss=0.165492  best_obj=0.002101  lr=0.00484  geo=0.74  patch_std=0.1527 [0.000,0.974]
  Step  5480/10000  loss=0.212925  best_obj=0.002101  lr=0.00482  geo=0.74  patch_std=0.1528 [0.000,0.984]
  Step  5490/10000  loss=0.144650  best_obj=0.002101  lr=0.00481  geo=0.75  patch_std=0.1530 [0.005,0.974]
  Step  5500/10000  loss=0.139072  best_obj=0.002101  lr=0.00480  geo=0.75  patch_std=0.1530 [0.000,0.987]
  Step  5510/10000  loss=0.153123  best_obj=0.002101  lr=0.00478  geo=0.75  patch_std=0.1529 [0.000,0.975]
  Step  5520/10000  loss=0.150378  best_obj=0.002101  lr=0.00477  geo=0.75  patch_std=0.1526 [0.006,0.974]
  Step  5530/10000  loss=0.160106  best_obj=0.002101  lr=0.00475  geo=0.76  patch_std=0.1528 [0.001,0.974]
  Step  5540/10000  loss=0.174139  best_obj=0.002101  lr=0.00474  geo=0.76  patch_std=0.1529 [0.006,0.974]
  Step  5550/10000  loss=0.139076  best_obj=0.002101  lr=0.00473  geo=0.76  patch_std=0.1532 [0.000,0.972]
  Step  5560/10000  loss=0.198572  best_obj=0.002101  lr=0.00471  geo=0.76  patch_std=0.1530 [0.005,0.966]
  Step  5570/10000  loss=0.214069  best_obj=0.002101  lr=0.00470  geo=0.77  patch_std=0.1531 [0.000,0.979]
  Step  5580/10000  loss=0.146433  best_obj=0.002101  lr=0.00469  geo=0.77  patch_std=0.1535 [0.000,1.000]
  Step  5590/10000  loss=0.119245  best_obj=0.002101  lr=0.00467  geo=0.77  patch_std=0.1534 [0.000,0.986]
  Step  5600/10000  loss=0.131588  best_obj=0.002101  lr=0.00466  geo=0.77  patch_std=0.1537 [0.005,0.976]
[CONF]  Step  5600  mean_conf=0.3174  (baseline=0.8849, Δ=-64.1%)  suppressed(<0.25)=43/72
  Step  5610/10000  loss=0.210962  best_obj=0.002101  lr=0.00464  geo=0.78  patch_std=0.1538 [0.005,0.974]
  Step  5620/10000  loss=0.216147  best_obj=0.002101  lr=0.00463  geo=0.78  patch_std=0.1539 [0.000,0.984]
  Step  5630/10000  loss=0.126902  best_obj=0.002101  lr=0.00462  geo=0.78  patch_std=0.1538 [0.000,0.978]
  Step  5640/10000  loss=0.147401  best_obj=0.002101  lr=0.00460  geo=0.78  patch_std=0.1539 [0.000,0.980]
  Step  5650/10000  loss=0.145256  best_obj=0.002101  lr=0.00459  geo=0.79  patch_std=0.1540 [0.005,0.986]
  Step  5660/10000  loss=0.139231  best_obj=0.002101  lr=0.00457  geo=0.79  patch_std=0.1538 [0.000,1.000]
  Step  5670/10000  loss=0.117127  best_obj=0.002101  lr=0.00456  geo=0.79  patch_std=0.1543 [0.000,1.000]
  Step  5680/10000  loss=0.138747  best_obj=0.002101  lr=0.00455  geo=0.79  patch_std=0.1542 [0.000,1.000]
  Step  5690/10000  loss=0.191051  best_obj=0.002101  lr=0.00453  geo=0.80  patch_std=0.1543 [0.000,0.995]
  Step  5700/10000  loss=0.192324  best_obj=0.002101  lr=0.00452  geo=0.80  patch_std=0.1543 [0.000,0.996]
  Step  5710/10000  loss=0.142878  best_obj=0.002101  lr=0.00451  geo=0.80  patch_std=0.1543 [0.000,1.000]
  Step  5720/10000  loss=0.138623  best_obj=0.002101  lr=0.00449  geo=0.80  patch_std=0.1539 [0.000,1.000]
  Step  5730/10000  loss=0.258814  best_obj=0.002101  lr=0.00448  geo=0.81  patch_std=0.1543 [0.000,1.000]
  Step  5740/10000  loss=0.180227  best_obj=0.002101  lr=0.00446  geo=0.81  patch_std=0.1545 [0.004,1.000]
  Step  5750/10000  loss=0.170700  best_obj=0.002101  lr=0.00445  geo=0.81  patch_std=0.1543 [0.010,1.000]
  Step  5760/10000  loss=0.157606  best_obj=0.002101  lr=0.00444  geo=0.81  patch_std=0.1544 [0.003,1.000]
  Step  5770/10000  loss=0.144831  best_obj=0.002101  lr=0.00442  geo=0.82  patch_std=0.1545 [0.000,0.996]
  Step  5780/10000  loss=0.140546  best_obj=0.002101  lr=0.00441  geo=0.82  patch_std=0.1549 [0.000,1.000]
  Step  5790/10000  loss=0.167937  best_obj=0.002101  lr=0.00440  geo=0.82  patch_std=0.1548 [0.003,1.000]
  Step  5800/10000  loss=0.208848  best_obj=0.002101  lr=0.00438  geo=0.82  patch_std=0.1546 [0.000,1.000]
[CONF]  Step  5800  mean_conf=0.3348  (baseline=0.8849, Δ=-62.2%)  suppressed(<0.25)=41/72
  Step  5810/10000  loss=0.182861  best_obj=0.002101  lr=0.00437  geo=0.83  patch_std=0.1546 [0.000,1.000]
  Step  5820/10000  loss=0.141439  best_obj=0.002101  lr=0.00435  geo=0.83  patch_std=0.1548 [0.000,0.996]
  Step  5830/10000  loss=0.135160  best_obj=0.002101  lr=0.00434  geo=0.83  patch_std=0.1544 [0.000,1.000]
  Step  5840/10000  loss=0.138559  best_obj=0.002101  lr=0.00433  geo=0.83  patch_std=0.1546 [0.000,1.000]
  Step  5850/10000  loss=0.219618  best_obj=0.002101  lr=0.00431  geo=0.84  patch_std=0.1546 [0.000,0.996]
  Step  5860/10000  loss=0.165121  best_obj=0.002101  lr=0.00430  geo=0.84  patch_std=0.1546 [0.000,1.000]
  Step  5870/10000  loss=0.145191  best_obj=0.002101  lr=0.00429  geo=0.84  patch_std=0.1541 [0.000,0.988]
  Step  5880/10000  loss=0.187369  best_obj=0.002101  lr=0.00427  geo=0.84  patch_std=0.1544 [0.000,0.987]
  Step  5890/10000  loss=0.196513  best_obj=0.002101  lr=0.00426  geo=0.85  patch_std=0.1543 [0.000,0.978]
  Step  5900/10000  loss=0.182949  best_obj=0.002101  lr=0.00425  geo=0.85  patch_std=0.1543 [0.000,1.000]
  Step  5910/10000  loss=0.134445  best_obj=0.002101  lr=0.00423  geo=0.85  patch_std=0.1541 [0.000,0.999]
  Step  5920/10000  loss=0.152964  best_obj=0.002101  lr=0.00422  geo=0.85  patch_std=0.1539 [0.000,0.995]
  Step  5930/10000  loss=0.115746  best_obj=0.002101  lr=0.00420  geo=0.86  patch_std=0.1539 [0.000,1.000]
  Step  5940/10000  loss=0.119320  best_obj=0.002101  lr=0.00419  geo=0.86  patch_std=0.1536 [0.000,0.987]
  Step  5950/10000  loss=0.161814  best_obj=0.002101  lr=0.00418  geo=0.86  patch_std=0.1539 [0.001,1.000]
  Step  5960/10000  loss=0.125705  best_obj=0.002101  lr=0.00416  geo=0.86  patch_std=0.1539 [0.000,1.000]
  Step  5970/10000  loss=0.177175  best_obj=0.002101  lr=0.00415  geo=0.87  patch_std=0.1539 [0.000,0.987]
  Step  5980/10000  loss=0.128357  best_obj=0.002101  lr=0.00414  geo=0.87  patch_std=0.1535 [0.000,0.995]
  Step  5990/10000  loss=0.162640  best_obj=0.002101  lr=0.00412  geo=0.87  patch_std=0.1533 [0.000,0.990]
  Step  6000/10000  loss=0.206570  best_obj=0.002101  lr=0.00411  geo=0.87  patch_std=0.1534 [0.000,0.995]
[CONF]  Step  6000  mean_conf=0.2976  (baseline=0.8849, Δ=-66.4%)  suppressed(<0.25)=39/72
  Step  6010/10000  loss=0.129710  best_obj=0.002101  lr=0.00410  geo=0.88  patch_std=0.1536 [0.000,1.000]
  Step  6020/10000  loss=0.155845  best_obj=0.002101  lr=0.00408  geo=0.88  patch_std=0.1537 [0.000,1.000]
  Step  6030/10000  loss=0.164481  best_obj=0.002101  lr=0.00407  geo=0.88  patch_std=0.1535 [0.000,0.992]
  Step  6040/10000  loss=0.313493  best_obj=0.002101  lr=0.00406  geo=0.88  patch_std=0.1538 [0.000,1.000]
  Step  6050/10000  loss=0.139309  best_obj=0.002101  lr=0.00404  geo=0.89  patch_std=0.1542 [0.000,1.000]
  Step  6060/10000  loss=0.162016  best_obj=0.002101  lr=0.00403  geo=0.89  patch_std=0.1541 [0.000,1.000]
  Step  6070/10000  loss=0.179335  best_obj=0.002101  lr=0.00402  geo=0.89  patch_std=0.1542 [0.002,1.000]
  Step  6080/10000  loss=0.129857  best_obj=0.002101  lr=0.00400  geo=0.89  patch_std=0.1541 [0.004,1.000]
  Step  6090/10000  loss=0.138423  best_obj=0.002101  lr=0.00399  geo=0.90  patch_std=0.1541 [0.005,1.000]
  Step  6100/10000  loss=0.154164  best_obj=0.002101  lr=0.00398  geo=0.90  patch_std=0.1544 [0.000,1.000]
  Step  6110/10000  loss=0.151879  best_obj=0.002101  lr=0.00396  geo=0.90  patch_std=0.1547 [0.000,1.000]
  Step  6120/10000  loss=0.162213  best_obj=0.002101  lr=0.00395  geo=0.90  patch_std=0.1546 [0.004,1.000]
  Step  6130/10000  loss=0.129569  best_obj=0.002101  lr=0.00394  geo=0.91  patch_std=0.1544 [0.000,1.000]
  Step  6140/10000  loss=0.132904  best_obj=0.002101  lr=0.00392  geo=0.91  patch_std=0.1544 [0.000,1.000]
  Step  6150/10000  loss=0.144941  best_obj=0.002101  lr=0.00391  geo=0.91  patch_std=0.1544 [0.000,1.000]
  Step  6160/10000  loss=0.137556  best_obj=0.002101  lr=0.00390  geo=0.91  patch_std=0.1546 [0.000,0.996]
  Step  6170/10000  loss=0.084727  best_obj=0.002101  lr=0.00388  geo=0.92  patch_std=0.1543 [0.000,1.000]
  Step  6180/10000  loss=0.131375  best_obj=0.002101  lr=0.00387  geo=0.92  patch_std=0.1544 [0.000,1.000]
  Step  6190/10000  loss=0.182999  best_obj=0.002101  lr=0.00386  geo=0.92  patch_std=0.1543 [0.004,0.996]
  Step  6200/10000  loss=0.132098  best_obj=0.002101  lr=0.00384  geo=0.92  patch_std=0.1543 [0.001,0.996]
[CONF]  Step  6200  mean_conf=0.3034  (baseline=0.8849, Δ=-65.7%)  suppressed(<0.25)=44/72
  Step  6210/10000  loss=0.128793  best_obj=0.002101  lr=0.00383  geo=0.93  patch_std=0.1546 [0.000,1.000]
  Step  6220/10000  loss=0.150766  best_obj=0.002101  lr=0.00382  geo=0.93  patch_std=0.1549 [0.000,1.000]
  Step  6230/10000  loss=0.120428  best_obj=0.002101  lr=0.00380  geo=0.93  patch_std=0.1549 [0.000,1.000]
  Step  6240/10000  loss=0.174468  best_obj=0.002101  lr=0.00379  geo=0.93  patch_std=0.1550 [0.001,1.000]
  Step  6250/10000  loss=0.195599  best_obj=0.002101  lr=0.00378  geo=0.94  patch_std=0.1551 [0.000,1.000]
  Step  6260/10000  loss=0.159679  best_obj=0.002101  lr=0.00377  geo=0.94  patch_std=0.1551 [0.000,1.000]
  Step  6270/10000  loss=0.175940  best_obj=0.002101  lr=0.00375  geo=0.94  patch_std=0.1555 [0.000,1.000]
  Step  6280/10000  loss=0.134481  best_obj=0.002101  lr=0.00374  geo=0.94  patch_std=0.1553 [0.000,1.000]
  Step  6290/10000  loss=0.152418  best_obj=0.002101  lr=0.00373  geo=0.95  patch_std=0.1553 [0.000,1.000]
  Step  6300/10000  loss=0.149578  best_obj=0.002101  lr=0.00371  geo=0.95  patch_std=0.1554 [0.000,1.000]
  Step  6310/10000  loss=0.183368  best_obj=0.002101  lr=0.00370  geo=0.95  patch_std=0.1555 [0.004,1.000]
  Step  6320/10000  loss=0.181382  best_obj=0.002101  lr=0.00369  geo=0.95  patch_std=0.1555 [0.000,1.000]
  Step  6330/10000  loss=0.142950  best_obj=0.002101  lr=0.00367  geo=0.96  patch_std=0.1556 [0.004,1.000]
  Step  6340/10000  loss=0.255404  best_obj=0.002101  lr=0.00366  geo=0.96  patch_std=0.1554 [0.000,1.000]
  Step  6350/10000  loss=0.107985  best_obj=0.002101  lr=0.00365  geo=0.96  patch_std=0.1554 [0.000,1.000]
  Step  6360/10000  loss=0.161502  best_obj=0.002101  lr=0.00364  geo=0.96  patch_std=0.1552 [0.000,1.000]
  Step  6370/10000  loss=0.162488  best_obj=0.002101  lr=0.00362  geo=0.97  patch_std=0.1550 [0.004,1.000]
  Step  6380/10000  loss=0.164543  best_obj=0.002101  lr=0.00361  geo=0.97  patch_std=0.1550 [0.000,1.000]
  Step  6390/10000  loss=0.148704  best_obj=0.002101  lr=0.00360  geo=0.97  patch_std=0.1552 [0.000,1.000]
  Step  6400/10000  loss=0.175205  best_obj=0.002101  lr=0.00358  geo=0.97  patch_std=0.1553 [0.004,1.000]
[CONF]  Step  6400  mean_conf=0.3115  (baseline=0.8849, Δ=-64.8%)  suppressed(<0.25)=39/72
  Step  6410/10000  loss=0.145498  best_obj=0.002101  lr=0.00357  geo=0.98  patch_std=0.1549 [0.000,1.000]
  Step  6420/10000  loss=0.143474  best_obj=0.002101  lr=0.00356  geo=0.98  patch_std=0.1550 [0.000,1.000]
  Step  6430/10000  loss=0.151998  best_obj=0.002101  lr=0.00355  geo=0.98  patch_std=0.1550 [0.000,1.000]
  Step  6440/10000  loss=0.141427  best_obj=0.002101  lr=0.00353  geo=0.98  patch_std=0.1552 [0.000,1.000]
  Step  6450/10000  loss=0.161126  best_obj=0.002101  lr=0.00352  geo=0.99  patch_std=0.1552 [0.000,1.000]
  Step  6460/10000  loss=0.185137  best_obj=0.002101  lr=0.00351  geo=0.99  patch_std=0.1552 [0.000,1.000]
  Step  6470/10000  loss=0.160024  best_obj=0.002101  lr=0.00350  geo=0.99  patch_std=0.1553 [0.000,1.000]
  Step  6480/10000  loss=0.153294  best_obj=0.002101  lr=0.00348  geo=0.99  patch_std=0.1555 [0.000,1.000]
  Step  6490/10000  loss=0.161887  best_obj=0.002101  lr=0.00347  geo=1.00  patch_std=0.1555 [0.000,1.000]
  Step  6500/10000  loss=0.147557  best_obj=0.002101  lr=0.00346  geo=1.00  patch_std=0.1555 [0.000,1.000]
  Step  6510/10000  loss=0.198326  best_obj=0.002101  lr=0.00344  geo=1.00  patch_std=0.1553 [0.000,1.000]
  Step  6520/10000  loss=0.170012  best_obj=0.002101  lr=0.00343  geo=1.00  patch_std=0.1554 [0.000,1.000]
  Step  6530/10000  loss=0.168358  best_obj=0.002101  lr=0.00342  geo=1.00  patch_std=0.1553 [0.000,1.000]
  Step  6540/10000  loss=0.188854  best_obj=0.002101  lr=0.00341  geo=1.00  patch_std=0.1555 [0.000,1.000]
  Step  6550/10000  loss=0.166349  best_obj=0.002101  lr=0.00339  geo=1.00  patch_std=0.1554 [0.000,0.997]
  Step  6560/10000  loss=0.230876  best_obj=0.002101  lr=0.00338  geo=1.00  patch_std=0.1551 [0.000,1.000]
  Step  6570/10000  loss=0.133096  best_obj=0.002101  lr=0.00337  geo=1.00  patch_std=0.1554 [0.004,1.000]
  Step  6580/10000  loss=0.173115  best_obj=0.002101  lr=0.00336  geo=1.00  patch_std=0.1553 [0.000,1.000]
  Step  6590/10000  loss=0.194618  best_obj=0.002101  lr=0.00334  geo=1.00  patch_std=0.1555 [0.000,1.000]
  Step  6600/10000  loss=0.153793  best_obj=0.002101  lr=0.00333  geo=1.00  patch_std=0.1556 [0.000,1.000]
[CONF]  Step  6600  mean_conf=0.3458  (baseline=0.8849, Δ=-60.9%)  suppressed(<0.25)=37/72
  Step  6610/10000  loss=0.128527  best_obj=0.002101  lr=0.00332  geo=1.00  patch_std=0.1557 [0.000,1.000]
  Step  6620/10000  loss=0.144372  best_obj=0.002101  lr=0.00331  geo=1.00  patch_std=0.1558 [0.000,1.000]
  Step  6630/10000  loss=0.119484  best_obj=0.002101  lr=0.00330  geo=1.00  patch_std=0.1558 [0.000,1.000]
  Step  6640/10000  loss=0.182335  best_obj=0.002101  lr=0.00328  geo=1.00  patch_std=0.1558 [0.007,1.000]
  Step  6650/10000  loss=0.156121  best_obj=0.002101  lr=0.00327  geo=1.00  patch_std=0.1557 [0.000,1.000]
  Step  6660/10000  loss=0.160639  best_obj=0.002101  lr=0.00326  geo=1.00  patch_std=0.1559 [0.000,1.000]
  Step  6670/10000  loss=0.191424  best_obj=0.002101  lr=0.00325  geo=1.00  patch_std=0.1561 [0.000,1.000]
  Step  6680/10000  loss=0.139444  best_obj=0.002101  lr=0.00323  geo=1.00  patch_std=0.1558 [0.000,1.000]
  Step  6690/10000  loss=0.141792  best_obj=0.002101  lr=0.00322  geo=1.00  patch_std=0.1559 [0.000,0.999]
  Step  6700/10000  loss=0.175876  best_obj=0.002101  lr=0.00321  geo=1.00  patch_std=0.1559 [0.000,1.000]
  Step  6710/10000  loss=0.113284  best_obj=0.002101  lr=0.00320  geo=1.00  patch_std=0.1558 [0.000,1.000]
  Step  6720/10000  loss=0.118151  best_obj=0.002101  lr=0.00319  geo=1.00  patch_std=0.1558 [0.000,1.000]
  Step  6730/10000  loss=0.162831  best_obj=0.002101  lr=0.00317  geo=1.00  patch_std=0.1559 [0.000,1.000]
  Step  6740/10000  loss=0.250014  best_obj=0.002101  lr=0.00316  geo=1.00  patch_std=0.1561 [0.000,1.000]
  Step  6750/10000  loss=0.137134  best_obj=0.002101  lr=0.00315  geo=1.00  patch_std=0.1560 [0.000,1.000]
  Step  6760/10000  loss=0.128294  best_obj=0.002101  lr=0.00314  geo=1.00  patch_std=0.1561 [0.000,1.000]
  Step  6770/10000  loss=0.156534  best_obj=0.002101  lr=0.00313  geo=1.00  patch_std=0.1561 [0.000,1.000]
  Step  6780/10000  loss=0.166744  best_obj=0.002101  lr=0.00311  geo=1.00  patch_std=0.1562 [0.000,0.997]
  Step  6790/10000  loss=0.163283  best_obj=0.002101  lr=0.00310  geo=1.00  patch_std=0.1562 [0.000,0.997]
  Step  6800/10000  loss=0.132105  best_obj=0.002101  lr=0.00309  geo=1.00  patch_std=0.1561 [0.000,0.994]
[CONF]  Step  6800  mean_conf=0.3234  (baseline=0.8849, Δ=-63.5%)  suppressed(<0.25)=36/72
  Step  6810/10000  loss=0.155128  best_obj=0.002101  lr=0.00308  geo=1.00  patch_std=0.1560 [0.000,0.997]
  Step  6820/10000  loss=0.151526  best_obj=0.002101  lr=0.00307  geo=1.00  patch_std=0.1561 [0.000,0.996]
  Step  6830/10000  loss=0.149844  best_obj=0.002101  lr=0.00305  geo=1.00  patch_std=0.1561 [0.000,1.000]
  Step  6840/10000  loss=0.160266  best_obj=0.002101  lr=0.00304  geo=1.00  patch_std=0.1562 [0.000,1.000]
  Step  6850/10000  loss=0.154907  best_obj=0.002101  lr=0.00303  geo=1.00  patch_std=0.1563 [0.000,0.997]
  Step  6860/10000  loss=0.153345  best_obj=0.002101  lr=0.00302  geo=1.00  patch_std=0.1562 [0.000,1.000]
  Step  6870/10000  loss=0.165209  best_obj=0.002101  lr=0.00301  geo=1.00  patch_std=0.1563 [0.000,0.991]
  Step  6880/10000  loss=0.195420  best_obj=0.002101  lr=0.00299  geo=1.00  patch_std=0.1564 [0.000,1.000]
  Step  6890/10000  loss=0.135710  best_obj=0.002101  lr=0.00298  geo=1.00  patch_std=0.1563 [0.000,1.000]
  Step  6900/10000  loss=0.155208  best_obj=0.002101  lr=0.00297  geo=1.00  patch_std=0.1561 [0.000,1.000]
  Step  6910/10000  loss=0.133960  best_obj=0.002101  lr=0.00296  geo=1.00  patch_std=0.1560 [0.000,1.000]
  Step  6920/10000  loss=0.276684  best_obj=0.002101  lr=0.00295  geo=1.00  patch_std=0.1560 [0.000,1.000]
  Step  6930/10000  loss=0.305885  best_obj=0.002101  lr=0.00294  geo=1.00  patch_std=0.1561 [0.001,1.000]
  Step  6940/10000  loss=0.186232  best_obj=0.002101  lr=0.00292  geo=1.00  patch_std=0.1562 [0.000,1.000]
  Step  6950/10000  loss=0.147968  best_obj=0.002101  lr=0.00291  geo=1.00  patch_std=0.1561 [0.000,1.000]
  Step  6960/10000  loss=0.119657  best_obj=0.002101  lr=0.00290  geo=1.00  patch_std=0.1562 [0.000,1.000]
  Step  6970/10000  loss=0.152982  best_obj=0.002101  lr=0.00289  geo=1.00  patch_std=0.1562 [0.003,1.000]
  Step  6980/10000  loss=0.123292  best_obj=0.002101  lr=0.00288  geo=1.00  patch_std=0.1561 [0.001,0.997]
  Step  6990/10000  loss=0.126784  best_obj=0.002101  lr=0.00287  geo=1.00  patch_std=0.1562 [0.000,1.000]
  Step  7000/10000  loss=0.138071  best_obj=0.002101  lr=0.00286  geo=1.00  patch_std=0.1562 [0.000,0.997]
[CONF]  Step  7000  mean_conf=0.3427  (baseline=0.8849, Δ=-61.3%)  suppressed(<0.25)=34/72
  Step  7010/10000  loss=0.168221  best_obj=0.002101  lr=0.00284  geo=1.00  patch_std=0.1560 [0.001,0.997]
  Step  7020/10000  loss=0.137139  best_obj=0.002101  lr=0.00283  geo=1.00  patch_std=0.1558 [0.000,0.997]
  Step  7030/10000  loss=0.127114  best_obj=0.002101  lr=0.00282  geo=1.00  patch_std=0.1556 [0.001,0.997]
  Step  7040/10000  loss=0.154434  best_obj=0.002101  lr=0.00281  geo=1.00  patch_std=0.1555 [0.002,0.997]
  Step  7050/10000  loss=0.272274  best_obj=0.002101  lr=0.00280  geo=1.00  patch_std=0.1555 [0.000,1.000]
  Step  7060/10000  loss=0.216025  best_obj=0.002101  lr=0.00279  geo=1.00  patch_std=0.1557 [0.000,1.000]
  Step  7070/10000  loss=0.163975  best_obj=0.002101  lr=0.00278  geo=1.00  patch_std=0.1557 [0.000,1.000]
  Step  7080/10000  loss=0.161860  best_obj=0.002101  lr=0.00276  geo=1.00  patch_std=0.1557 [0.003,1.000]
  Step  7090/10000  loss=0.108201  best_obj=0.002101  lr=0.00275  geo=1.00  patch_std=0.1556 [0.000,1.000]
  Step  7100/10000  loss=0.238548  best_obj=0.002101  lr=0.00274  geo=1.00  patch_std=0.1555 [0.002,0.997]
  Step  7110/10000  loss=0.131621  best_obj=0.002101  lr=0.00273  geo=1.00  patch_std=0.1556 [0.006,1.000]
  Step  7120/10000  loss=0.127859  best_obj=0.002101  lr=0.00272  geo=1.00  patch_std=0.1557 [0.000,1.000]
  Step  7130/10000  loss=0.137826  best_obj=0.002101  lr=0.00271  geo=1.00  patch_std=0.1554 [0.000,0.995]
  Step  7140/10000  loss=0.146796  best_obj=0.002101  lr=0.00270  geo=1.00  patch_std=0.1554 [0.000,0.995]
  Step  7150/10000  loss=0.131864  best_obj=0.002101  lr=0.00269  geo=1.00  patch_std=0.1555 [0.000,0.997]
  Step  7160/10000  loss=0.256691  best_obj=0.002101  lr=0.00268  geo=1.00  patch_std=0.1556 [0.000,1.000]
  Step  7170/10000  loss=0.153840  best_obj=0.002101  lr=0.00266  geo=1.00  patch_std=0.1559 [0.003,1.000]
  Step  7180/10000  loss=0.133712  best_obj=0.002101  lr=0.00265  geo=1.00  patch_std=0.1557 [0.000,0.995]
  Step  7190/10000  loss=0.138244  best_obj=0.002101  lr=0.00264  geo=1.00  patch_std=0.1557 [0.000,0.995]
  Step  7200/10000  loss=0.165192  best_obj=0.002101  lr=0.00263  geo=1.00  patch_std=0.1557 [0.003,1.000]
[CONF]  Step  7200  mean_conf=0.3331  (baseline=0.8849, Δ=-62.4%)  suppressed(<0.25)=38/72
  Step  7210/10000  loss=0.167603  best_obj=0.002101  lr=0.00262  geo=1.00  patch_std=0.1557 [0.003,1.000]
  Step  7220/10000  loss=0.297492  best_obj=0.002101  lr=0.00261  geo=1.00  patch_std=0.1558 [0.000,1.000]
  Step  7230/10000  loss=0.200148  best_obj=0.002101  lr=0.00260  geo=1.00  patch_std=0.1557 [0.000,1.000]
  Step  7240/10000  loss=0.255722  best_obj=0.002101  lr=0.00259  geo=1.00  patch_std=0.1553 [0.004,1.000]
  Step  7250/10000  loss=0.229355  best_obj=0.002101  lr=0.00258  geo=1.00  patch_std=0.1552 [0.005,1.000]
  Step  7260/10000  loss=0.154435  best_obj=0.002101  lr=0.00257  geo=1.00  patch_std=0.1552 [0.000,1.000]
  Step  7270/10000  loss=0.169947  best_obj=0.002101  lr=0.00256  geo=1.00  patch_std=0.1553 [0.003,1.000]
  Step  7280/10000  loss=0.135779  best_obj=0.002101  lr=0.00255  geo=1.00  patch_std=0.1551 [0.002,1.000]
  Step  7290/10000  loss=0.120810  best_obj=0.002101  lr=0.00254  geo=1.00  patch_std=0.1550 [0.007,1.000]
  Step  7300/10000  loss=0.170813  best_obj=0.002101  lr=0.00252  geo=1.00  patch_std=0.1550 [0.006,0.995]
  Step  7310/10000  loss=0.228883  best_obj=0.002101  lr=0.00251  geo=1.00  patch_std=0.1550 [0.000,1.000]
  Step  7320/10000  loss=0.140581  best_obj=0.002101  lr=0.00250  geo=1.00  patch_std=0.1550 [0.000,1.000]
  Step  7330/10000  loss=0.131763  best_obj=0.002101  lr=0.00249  geo=1.00  patch_std=0.1552 [0.000,0.995]
  Step  7340/10000  loss=0.127946  best_obj=0.002101  lr=0.00248  geo=1.00  patch_std=0.1551 [0.000,1.000]
  Step  7350/10000  loss=0.170262  best_obj=0.002101  lr=0.00247  geo=1.00  patch_std=0.1551 [0.000,1.000]
  Step  7360/10000  loss=0.117747  best_obj=0.002101  lr=0.00246  geo=1.00  patch_std=0.1552 [0.000,1.000]
  Step  7370/10000  loss=0.139010  best_obj=0.002101  lr=0.00245  geo=1.00  patch_std=0.1551 [0.002,1.000]
  Step  7380/10000  loss=0.226599  best_obj=0.002101  lr=0.00244  geo=1.00  patch_std=0.1549 [0.000,1.000]
  Step  7390/10000  loss=0.188970  best_obj=0.002101  lr=0.00243  geo=1.00  patch_std=0.1548 [0.000,1.000]
  Step  7400/10000  loss=0.162483  best_obj=0.002101  lr=0.00242  geo=1.00  patch_std=0.1548 [0.001,1.000]
[CONF]  Step  7400  mean_conf=0.3746  (baseline=0.8849, Δ=-57.7%)  suppressed(<0.25)=32/72
  Step  7410/10000  loss=0.226856  best_obj=0.002101  lr=0.00241  geo=1.00  patch_std=0.1547 [0.002,1.000]
  Step  7420/10000  loss=0.187290  best_obj=0.002101  lr=0.00240  geo=1.00  patch_std=0.1545 [0.000,1.000]
  Step  7430/10000  loss=0.129467  best_obj=0.002101  lr=0.00239  geo=1.00  patch_std=0.1546 [0.000,1.000]
  Step  7440/10000  loss=0.158895  best_obj=0.002101  lr=0.00238  geo=1.00  patch_std=0.1549 [0.000,1.000]
  Step  7450/10000  loss=0.137462  best_obj=0.002101  lr=0.00237  geo=1.00  patch_std=0.1550 [0.000,1.000]
  Step  7460/10000  loss=0.151617  best_obj=0.002101  lr=0.00236  geo=1.00  patch_std=0.1551 [0.000,1.000]
  Step  7470/10000  loss=0.158738  best_obj=0.002101  lr=0.00235  geo=1.00  patch_std=0.1550 [0.000,1.000]
  Step  7480/10000  loss=0.136519  best_obj=0.002101  lr=0.00234  geo=1.00  patch_std=0.1550 [0.000,1.000]
  Step  7490/10000  loss=0.180825  best_obj=0.002101  lr=0.00233  geo=1.00  patch_std=0.1550 [0.000,1.000]
  Step  7500/10000  loss=0.208655  best_obj=0.002101  lr=0.00232  geo=1.00  patch_std=0.1551 [0.002,1.000]
  Step  7510/10000  loss=0.181391  best_obj=0.002101  lr=0.00231  geo=1.00  patch_std=0.1551 [0.000,1.000]
  Step  7520/10000  loss=0.155819  best_obj=0.002101  lr=0.00230  geo=1.00  patch_std=0.1550 [0.002,1.000]
  Step  7530/10000  loss=0.242087  best_obj=0.002101  lr=0.00229  geo=1.00  patch_std=0.1550 [0.000,1.000]
  Step  7540/10000  loss=0.133610  best_obj=0.002101  lr=0.00228  geo=1.00  patch_std=0.1551 [0.000,1.000]
  Step  7550/10000  loss=0.162847  best_obj=0.002101  lr=0.00227  geo=1.00  patch_std=0.1551 [0.004,1.000]
  Step  7560/10000  loss=0.186101  best_obj=0.002101  lr=0.00226  geo=1.00  patch_std=0.1550 [0.001,1.000]
  Step  7570/10000  loss=0.168322  best_obj=0.002101  lr=0.00225  geo=1.00  patch_std=0.1549 [0.003,1.000]
  Step  7580/10000  loss=0.149658  best_obj=0.002101  lr=0.00224  geo=1.00  patch_std=0.1548 [0.000,1.000]
  Step  7590/10000  loss=0.189456  best_obj=0.002101  lr=0.00223  geo=1.00  patch_std=0.1547 [0.005,1.000]
  Step  7600/10000  loss=0.163458  best_obj=0.002101  lr=0.00222  geo=1.00  patch_std=0.1548 [0.003,1.000]
[CONF]  Step  7600  mean_conf=0.3323  (baseline=0.8849, Δ=-62.4%)  suppressed(<0.25)=37/72
  Step  7610/10000  loss=0.139644  best_obj=0.002101  lr=0.00221  geo=1.00  patch_std=0.1548 [0.005,1.000]
  Step  7620/10000  loss=0.131387  best_obj=0.002101  lr=0.00220  geo=1.00  patch_std=0.1548 [0.008,1.000]
  Step  7630/10000  loss=0.152649  best_obj=0.002101  lr=0.00219  geo=1.00  patch_std=0.1550 [0.001,1.000]
  Step  7640/10000  loss=0.150635  best_obj=0.002101  lr=0.00218  geo=1.00  patch_std=0.1550 [0.007,1.000]
  Step  7650/10000  loss=0.145265  best_obj=0.002101  lr=0.00217  geo=1.00  patch_std=0.1550 [0.003,1.000]
  Step  7660/10000  loss=0.178503  best_obj=0.002101  lr=0.00216  geo=1.00  patch_std=0.1551 [0.001,1.000]
  Step  7670/10000  loss=0.147507  best_obj=0.002101  lr=0.00215  geo=1.00  patch_std=0.1551 [0.004,0.998]
  Step  7680/10000  loss=0.089434  best_obj=0.002101  lr=0.00214  geo=1.00  patch_std=0.1551 [0.000,0.998]
  Step  7690/10000  loss=0.138388  best_obj=0.002101  lr=0.00213  geo=1.00  patch_std=0.1552 [0.000,1.000]
  Step  7700/10000  loss=0.162603  best_obj=0.002101  lr=0.00212  geo=1.00  patch_std=0.1552 [0.000,1.000]
  Step  7710/10000  loss=0.119010  best_obj=0.002101  lr=0.00212  geo=1.00  patch_std=0.1552 [0.000,1.000]
  Step  7720/10000  loss=0.143909  best_obj=0.002101  lr=0.00211  geo=1.00  patch_std=0.1551 [0.000,1.000]
  Step  7730/10000  loss=0.160288  best_obj=0.002101  lr=0.00210  geo=1.00  patch_std=0.1550 [0.000,1.000]
  Step  7740/10000  loss=0.169600  best_obj=0.002101  lr=0.00209  geo=1.00  patch_std=0.1550 [0.000,1.000]
  Step  7750/10000  loss=0.233680  best_obj=0.002101  lr=0.00208  geo=1.00  patch_std=0.1550 [0.000,0.999]
  Step  7760/10000  loss=0.146243  best_obj=0.002101  lr=0.00207  geo=1.00  patch_std=0.1551 [0.002,1.000]
  Step  7770/10000  loss=0.224717  best_obj=0.002101  lr=0.00206  geo=1.00  patch_std=0.1551 [0.000,1.000]
  Step  7780/10000  loss=0.158448  best_obj=0.002101  lr=0.00205  geo=1.00  patch_std=0.1551 [0.002,1.000]
  Step  7790/10000  loss=0.211194  best_obj=0.002101  lr=0.00204  geo=1.00  patch_std=0.1553 [0.002,1.000]
  Step  7800/10000  loss=0.162461  best_obj=0.002101  lr=0.00203  geo=1.00  patch_std=0.1553 [0.000,1.000]
[CONF]  Step  7800  mean_conf=0.3236  (baseline=0.8849, Δ=-63.4%)  suppressed(<0.25)=40/72
  Step  7810/10000  loss=0.149508  best_obj=0.002101  lr=0.00202  geo=1.00  patch_std=0.1554 [0.000,1.000]
  Step  7820/10000  loss=0.139924  best_obj=0.002101  lr=0.00201  geo=1.00  patch_std=0.1554 [0.000,1.000]
  Step  7830/10000  loss=0.123623  best_obj=0.002101  lr=0.00201  geo=1.00  patch_std=0.1556 [0.000,1.000]
  Step  7840/10000  loss=0.101815  best_obj=0.002101  lr=0.00200  geo=1.00  patch_std=0.1555 [0.000,1.000]
  Step  7850/10000  loss=0.153389  best_obj=0.002101  lr=0.00199  geo=1.00  patch_std=0.1558 [0.000,1.000]
  Step  7860/10000  loss=0.140462  best_obj=0.002101  lr=0.00198  geo=1.00  patch_std=0.1558 [0.000,1.000]
  Step  7870/10000  loss=0.290538  best_obj=0.002101  lr=0.00197  geo=1.00  patch_std=0.1558 [0.000,1.000]
  Step  7880/10000  loss=0.152148  best_obj=0.002101  lr=0.00196  geo=1.00  patch_std=0.1557 [0.002,1.000]
  Step  7890/10000  loss=0.108703  best_obj=0.002101  lr=0.00195  geo=1.00  patch_std=0.1557 [0.004,1.000]
  Step  7900/10000  loss=0.164018  best_obj=0.002101  lr=0.00194  geo=1.00  patch_std=0.1556 [0.006,1.000]
  Step  7910/10000  loss=0.114441  best_obj=0.002101  lr=0.00194  geo=1.00  patch_std=0.1556 [0.002,1.000]
  Step  7920/10000  loss=0.144584  best_obj=0.002101  lr=0.00193  geo=1.00  patch_std=0.1556 [0.000,1.000]
  Step  7930/10000  loss=0.232080  best_obj=0.002101  lr=0.00192  geo=1.00  patch_std=0.1557 [0.000,1.000]
  Step  7940/10000  loss=0.155028  best_obj=0.002101  lr=0.00191  geo=1.00  patch_std=0.1555 [0.004,0.998]
  Step  7950/10000  loss=0.170420  best_obj=0.002101  lr=0.00190  geo=1.00  patch_std=0.1555 [0.000,1.000]
  Step  7960/10000  loss=0.143942  best_obj=0.002101  lr=0.00189  geo=1.00  patch_std=0.1556 [0.002,1.000]
  Step  7970/10000  loss=0.204431  best_obj=0.002101  lr=0.00188  geo=1.00  patch_std=0.1558 [0.000,1.000]
  Step  7980/10000  loss=0.193309  best_obj=0.002101  lr=0.00188  geo=1.00  patch_std=0.1560 [0.001,1.000]
  Step  7990/10000  loss=0.146978  best_obj=0.002101  lr=0.00187  geo=1.00  patch_std=0.1560 [0.003,1.000]
  Step  8000/10000  loss=0.157027  best_obj=0.002101  lr=0.00186  geo=1.00  patch_std=0.1560 [0.000,1.000]
[CONF]  Step  8000  mean_conf=0.3342  (baseline=0.8849, Δ=-62.2%)  suppressed(<0.25)=41/72
  Step  8010/10000  loss=0.177749  best_obj=0.002101  lr=0.00185  geo=1.00  patch_std=0.1562 [0.001,1.000]
  Step  8020/10000  loss=0.141842  best_obj=0.002101  lr=0.00184  geo=1.00  patch_std=0.1561 [0.000,0.998]
  Step  8030/10000  loss=0.202437  best_obj=0.002101  lr=0.00183  geo=1.00  patch_std=0.1562 [0.000,1.000]
  Step  8040/10000  loss=0.151310  best_obj=0.002101  lr=0.00183  geo=1.00  patch_std=0.1562 [0.000,0.998]
  Step  8050/10000  loss=0.146009  best_obj=0.002101  lr=0.00182  geo=1.00  patch_std=0.1562 [0.000,1.000]
  Step  8060/10000  loss=0.174607  best_obj=0.002101  lr=0.00181  geo=1.00  patch_std=0.1560 [0.002,1.000]
  Step  8070/10000  loss=0.158347  best_obj=0.002101  lr=0.00180  geo=1.00  patch_std=0.1560 [0.000,1.000]
  Step  8080/10000  loss=0.147971  best_obj=0.002101  lr=0.00179  geo=1.00  patch_std=0.1558 [0.000,1.000]
  Step  8090/10000  loss=0.132914  best_obj=0.002101  lr=0.00179  geo=1.00  patch_std=0.1559 [0.002,0.998]
  Step  8100/10000  loss=0.125849  best_obj=0.002101  lr=0.00178  geo=1.00  patch_std=0.1561 [0.004,1.000]
  Step  8110/10000  loss=0.256150  best_obj=0.002101  lr=0.00177  geo=1.00  patch_std=0.1562 [0.000,0.998]
  Step  8120/10000  loss=0.221628  best_obj=0.002101  lr=0.00176  geo=1.00  patch_std=0.1561 [0.000,0.998]
  Step  8130/10000  loss=0.168405  best_obj=0.002101  lr=0.00175  geo=1.00  patch_std=0.1560 [0.001,1.000]
  Step  8140/10000  loss=0.152535  best_obj=0.002101  lr=0.00175  geo=1.00  patch_std=0.1561 [0.000,1.000]
  Step  8150/10000  loss=0.166246  best_obj=0.002101  lr=0.00174  geo=1.00  patch_std=0.1559 [0.002,0.997]
  Step  8160/10000  loss=0.159487  best_obj=0.002101  lr=0.00173  geo=1.00  patch_std=0.1559 [0.001,0.990]
  Step  8170/10000  loss=0.131082  best_obj=0.002101  lr=0.00172  geo=1.00  patch_std=0.1556 [0.002,0.989]
  Step  8180/10000  loss=0.124306  best_obj=0.002101  lr=0.00172  geo=1.00  patch_std=0.1557 [0.003,0.989]
  Step  8190/10000  loss=0.185665  best_obj=0.002101  lr=0.00171  geo=1.00  patch_std=0.1558 [0.003,0.989]
  Step  8200/10000  loss=0.161721  best_obj=0.002101  lr=0.00170  geo=1.00  patch_std=0.1558 [0.002,0.990]
[CONF]  Step  8200  mean_conf=0.3271  (baseline=0.8849, Δ=-63.0%)  suppressed(<0.25)=40/72
  Step  8210/10000  loss=0.201430  best_obj=0.002101  lr=0.00169  geo=1.00  patch_std=0.1559 [0.005,0.996]
  Step  8220/10000  loss=0.149319  best_obj=0.002101  lr=0.00169  geo=1.00  patch_std=0.1557 [0.011,0.996]
  Step  8230/10000  loss=0.147010  best_obj=0.002101  lr=0.00168  geo=1.00  patch_std=0.1556 [0.006,0.998]
  Step  8240/10000  loss=0.109553  best_obj=0.002101  lr=0.00167  geo=1.00  patch_std=0.1556 [0.006,1.000]
  Step  8250/10000  loss=0.143403  best_obj=0.002101  lr=0.00166  geo=1.00  patch_std=0.1556 [0.002,0.996]
  Step  8260/10000  loss=0.121490  best_obj=0.002101  lr=0.00166  geo=1.00  patch_std=0.1556 [0.004,0.993]
  Step  8270/10000  loss=0.156433  best_obj=0.002101  lr=0.00165  geo=1.00  patch_std=0.1556 [0.001,0.993]
  Step  8280/10000  loss=0.167160  best_obj=0.002101  lr=0.00164  geo=1.00  patch_std=0.1555 [0.004,0.997]
  Step  8290/10000  loss=0.164260  best_obj=0.002101  lr=0.00163  geo=1.00  patch_std=0.1556 [0.005,0.998]
  Step  8300/10000  loss=0.119252  best_obj=0.002101  lr=0.00163  geo=1.00  patch_std=0.1558 [0.002,1.000]
  Step  8310/10000  loss=0.153678  best_obj=0.002101  lr=0.00162  geo=1.00  patch_std=0.1558 [0.002,1.000]
  Step  8320/10000  loss=0.084301  best_obj=0.002101  lr=0.00161  geo=1.00  patch_std=0.1557 [0.002,1.000]
  Step  8330/10000  loss=0.144098  best_obj=0.002101  lr=0.00161  geo=1.00  patch_std=0.1556 [0.001,0.998]
  Step  8340/10000  loss=0.171797  best_obj=0.002101  lr=0.00160  geo=1.00  patch_std=0.1553 [0.003,1.000]
  Step  8350/10000  loss=0.201915  best_obj=0.002101  lr=0.00159  geo=1.00  patch_std=0.1553 [0.004,0.998]
  Step  8360/10000  loss=0.092934  best_obj=0.002101  lr=0.00158  geo=1.00  patch_std=0.1554 [0.003,0.999]
  Step  8370/10000  loss=0.221810  best_obj=0.002101  lr=0.00158  geo=1.00  patch_std=0.1554 [0.004,0.998]
  Step  8380/10000  loss=0.097518  best_obj=0.002101  lr=0.00157  geo=1.00  patch_std=0.1554 [0.004,0.997]
  Step  8390/10000  loss=0.155087  best_obj=0.002101  lr=0.00156  geo=1.00  patch_std=0.1553 [0.001,1.000]
  Step  8400/10000  loss=0.142570  best_obj=0.002101  lr=0.00156  geo=1.00  patch_std=0.1554 [0.000,0.998]
[CONF]  Step  8400  mean_conf=0.3055  (baseline=0.8849, Δ=-65.5%)  suppressed(<0.25)=42/72
  Step  8410/10000  loss=0.139717  best_obj=0.002101  lr=0.00155  geo=1.00  patch_std=0.1553 [0.000,0.997]
  Step  8420/10000  loss=0.116890  best_obj=0.002101  lr=0.00154  geo=1.00  patch_std=0.1553 [0.000,1.000]
  Step  8430/10000  loss=0.151725  best_obj=0.002101  lr=0.00154  geo=1.00  patch_std=0.1552 [0.000,1.000]
  Step  8440/10000  loss=0.126167  best_obj=0.002101  lr=0.00153  geo=1.00  patch_std=0.1550 [0.004,1.000]
  Step  8450/10000  loss=0.136515  best_obj=0.002101  lr=0.00152  geo=1.00  patch_std=0.1551 [0.000,1.000]
  Step  8460/10000  loss=0.161449  best_obj=0.002101  lr=0.00152  geo=1.00  patch_std=0.1551 [0.000,1.000]
  Step  8470/10000  loss=0.177814  best_obj=0.002101  lr=0.00151  geo=1.00  patch_std=0.1552 [0.000,1.000]
  Step  8480/10000  loss=0.168024  best_obj=0.002101  lr=0.00150  geo=1.00  patch_std=0.1554 [0.000,1.000]
  Step  8490/10000  loss=0.128890  best_obj=0.002101  lr=0.00150  geo=1.00  patch_std=0.1554 [0.000,1.000]
  Step  8500/10000  loss=0.129879  best_obj=0.002101  lr=0.00149  geo=1.00  patch_std=0.1555 [0.001,1.000]
  Step  8510/10000  loss=0.143294  best_obj=0.002101  lr=0.00148  geo=1.00  patch_std=0.1554 [0.000,1.000]
  Step  8520/10000  loss=0.158489  best_obj=0.002101  lr=0.00148  geo=1.00  patch_std=0.1555 [0.000,1.000]
  Step  8530/10000  loss=0.155597  best_obj=0.002101  lr=0.00147  geo=1.00  patch_std=0.1554 [0.000,1.000]
  Step  8540/10000  loss=0.220454  best_obj=0.002101  lr=0.00147  geo=1.00  patch_std=0.1555 [0.000,1.000]
  Step  8550/10000  loss=0.154415  best_obj=0.002101  lr=0.00146  geo=1.00  patch_std=0.1554 [0.000,0.999]
  Step  8560/10000  loss=0.113160  best_obj=0.002101  lr=0.00145  geo=1.00  patch_std=0.1555 [0.003,0.999]
  Step  8570/10000  loss=0.106595  best_obj=0.002101  lr=0.00145  geo=1.00  patch_std=0.1555 [0.000,1.000]
  Step  8580/10000  loss=0.127142  best_obj=0.002101  lr=0.00144  geo=1.00  patch_std=0.1556 [0.000,1.000]
  Step  8590/10000  loss=0.127753  best_obj=0.002101  lr=0.00143  geo=1.00  patch_std=0.1556 [0.000,0.999]
  Step  8600/10000  loss=0.146198  best_obj=0.002101  lr=0.00143  geo=1.00  patch_std=0.1558 [0.000,1.000]
[CONF]  Step  8600  mean_conf=0.3159  (baseline=0.8849, Δ=-64.3%)  suppressed(<0.25)=43/72
  Step  8610/10000  loss=0.134311  best_obj=0.002101  lr=0.00142  geo=1.00  patch_std=0.1558 [0.000,0.997]
  Step  8620/10000  loss=0.138897  best_obj=0.002101  lr=0.00142  geo=1.00  patch_std=0.1557 [0.000,0.999]
  Step  8630/10000  loss=0.157507  best_obj=0.002101  lr=0.00141  geo=1.00  patch_std=0.1557 [0.000,0.999]
  Step  8640/10000  loss=0.173710  best_obj=0.002101  lr=0.00140  geo=1.00  patch_std=0.1558 [0.000,0.997]
  Step  8650/10000  loss=0.133295  best_obj=0.002101  lr=0.00140  geo=1.00  patch_std=0.1558 [0.000,0.999]
  Step  8660/10000  loss=0.145837  best_obj=0.002101  lr=0.00139  geo=1.00  patch_std=0.1558 [0.000,0.997]
  Step  8670/10000  loss=0.209122  best_obj=0.002101  lr=0.00139  geo=1.00  patch_std=0.1558 [0.000,0.992]
  Step  8680/10000  loss=0.165222  best_obj=0.002101  lr=0.00138  geo=1.00  patch_std=0.1558 [0.000,0.997]
  Step  8690/10000  loss=0.148975  best_obj=0.002101  lr=0.00138  geo=1.00  patch_std=0.1558 [0.000,0.997]
  Step  8700/10000  loss=0.180878  best_obj=0.002101  lr=0.00137  geo=1.00  patch_std=0.1558 [0.000,0.992]
  Step  8710/10000  loss=0.121490  best_obj=0.002101  lr=0.00136  geo=1.00  patch_std=0.1557 [0.001,0.993]
  Step  8720/10000  loss=0.168503  best_obj=0.002101  lr=0.00136  geo=1.00  patch_std=0.1557 [0.000,0.998]
  Step  8730/10000  loss=0.178578  best_obj=0.002101  lr=0.00135  geo=1.00  patch_std=0.1558 [0.000,0.994]
  Step  8740/10000  loss=0.217469  best_obj=0.002101  lr=0.00135  geo=1.00  patch_std=0.1557 [0.000,1.000]
  Step  8750/10000  loss=0.206692  best_obj=0.002101  lr=0.00134  geo=1.00  patch_std=0.1558 [0.000,0.997]
  Step  8760/10000  loss=0.204647  best_obj=0.002101  lr=0.00134  geo=1.00  patch_std=0.1559 [0.000,0.999]
  Step  8770/10000  loss=0.129010  best_obj=0.002101  lr=0.00133  geo=1.00  patch_std=0.1559 [0.000,0.999]
  Step  8780/10000  loss=0.141792  best_obj=0.002101  lr=0.00133  geo=1.00  patch_std=0.1558 [0.000,0.997]
  Step  8790/10000  loss=0.188013  best_obj=0.002101  lr=0.00132  geo=1.00  patch_std=0.1559 [0.000,0.997]
  Step  8800/10000  loss=0.154619  best_obj=0.002101  lr=0.00132  geo=1.00  patch_std=0.1559 [0.000,1.000]
[CONF]  Step  8800  mean_conf=0.3062  (baseline=0.8849, Δ=-65.4%)  suppressed(<0.25)=40/72
  Step  8810/10000  loss=0.156019  best_obj=0.002101  lr=0.00131  geo=1.00  patch_std=0.1559 [0.000,0.997]
  Step  8820/10000  loss=0.131371  best_obj=0.002101  lr=0.00131  geo=1.00  patch_std=0.1559 [0.000,0.993]
  Step  8830/10000  loss=0.157379  best_obj=0.002101  lr=0.00130  geo=1.00  patch_std=0.1560 [0.000,1.000]
  Step  8840/10000  loss=0.185469  best_obj=0.002101  lr=0.00130  geo=1.00  patch_std=0.1559 [0.000,0.997]
  Step  8850/10000  loss=0.113524  best_obj=0.002101  lr=0.00129  geo=1.00  patch_std=0.1559 [0.000,0.992]
  Step  8860/10000  loss=0.141313  best_obj=0.002101  lr=0.00129  geo=1.00  patch_std=0.1559 [0.001,0.993]
  Step  8870/10000  loss=0.137217  best_obj=0.002101  lr=0.00128  geo=1.00  patch_std=0.1559 [0.000,0.996]
  Step  8880/10000  loss=0.180003  best_obj=0.002101  lr=0.00128  geo=1.00  patch_std=0.1559 [0.000,0.991]
  Step  8890/10000  loss=0.208925  best_obj=0.002101  lr=0.00127  geo=1.00  patch_std=0.1559 [0.000,0.993]
  Step  8900/10000  loss=0.161299  best_obj=0.002101  lr=0.00127  geo=1.00  patch_std=0.1558 [0.000,0.996]
  Step  8910/10000  loss=0.118746  best_obj=0.002101  lr=0.00126  geo=1.00  patch_std=0.1559 [0.003,0.997]
  Step  8920/10000  loss=0.113009  best_obj=0.002101  lr=0.00126  geo=1.00  patch_std=0.1560 [0.001,1.000]
  Step  8930/10000  loss=0.142711  best_obj=0.002101  lr=0.00125  geo=1.00  patch_std=0.1559 [0.000,0.996]
  Step  8940/10000  loss=0.153990  best_obj=0.002101  lr=0.00125  geo=1.00  patch_std=0.1559 [0.000,0.996]
  Step  8950/10000  loss=0.128438  best_obj=0.002101  lr=0.00124  geo=1.00  patch_std=0.1560 [0.000,0.997]
  Step  8960/10000  loss=0.098674  best_obj=0.002101  lr=0.00124  geo=1.00  patch_std=0.1560 [0.000,0.999]
  Step  8970/10000  loss=0.134415  best_obj=0.002101  lr=0.00123  geo=1.00  patch_std=0.1560 [0.000,0.999]
  Step  8980/10000  loss=0.139018  best_obj=0.002101  lr=0.00123  geo=1.00  patch_std=0.1559 [0.000,0.996]
  Step  8990/10000  loss=0.253511  best_obj=0.002101  lr=0.00122  geo=1.00  patch_std=0.1559 [0.002,0.995]
  Step  9000/10000  loss=0.164475  best_obj=0.002101  lr=0.00122  geo=1.00  patch_std=0.1559 [0.001,0.996]
[CONF]  Step  9000  mean_conf=0.3542  (baseline=0.8849, Δ=-60.0%)  suppressed(<0.25)=36/72
  Step  9010/10000  loss=0.174302  best_obj=0.002101  lr=0.00122  geo=1.00  patch_std=0.1559 [0.000,0.991]
  Step  9020/10000  loss=0.256679  best_obj=0.002101  lr=0.00121  geo=1.00  patch_std=0.1559 [0.001,0.996]
  Step  9030/10000  loss=0.177925  best_obj=0.002101  lr=0.00121  geo=1.00  patch_std=0.1559 [0.000,0.994]
  Step  9040/10000  loss=0.110110  best_obj=0.002101  lr=0.00120  geo=1.00  patch_std=0.1557 [0.002,0.996]
  Step  9050/10000  loss=0.138583  best_obj=0.002101  lr=0.00120  geo=1.00  patch_std=0.1557 [0.000,0.991]
  Step  9060/10000  loss=0.109595  best_obj=0.002101  lr=0.00119  geo=1.00  patch_std=0.1557 [0.002,0.990]
  Step  9070/10000  loss=0.116251  best_obj=0.002101  lr=0.00119  geo=1.00  patch_std=0.1557 [0.001,0.992]
  Step  9080/10000  loss=0.143563  best_obj=0.002101  lr=0.00119  geo=1.00  patch_std=0.1556 [0.000,1.000]
  Step  9090/10000  loss=0.133814  best_obj=0.002101  lr=0.00118  geo=1.00  patch_std=0.1557 [0.000,0.998]
  Step  9100/10000  loss=0.179508  best_obj=0.002101  lr=0.00118  geo=1.00  patch_std=0.1557 [0.001,0.996]
  Step  9110/10000  loss=0.142786  best_obj=0.002101  lr=0.00117  geo=1.00  patch_std=0.1558 [0.004,0.996]
  Step  9120/10000  loss=0.149645  best_obj=0.002101  lr=0.00117  geo=1.00  patch_std=0.1560 [0.000,0.998]
  Step  9130/10000  loss=0.117183  best_obj=0.002101  lr=0.00117  geo=1.00  patch_std=0.1558 [0.000,0.996]
  Step  9140/10000  loss=0.132406  best_obj=0.002101  lr=0.00116  geo=1.00  patch_std=0.1560 [0.000,1.000]
  Step  9150/10000  loss=0.163910  best_obj=0.002101  lr=0.00116  geo=1.00  patch_std=0.1558 [0.003,1.000]
  Step  9160/10000  loss=0.155485  best_obj=0.002101  lr=0.00116  geo=1.00  patch_std=0.1559 [0.000,0.999]
  Step  9170/10000  loss=0.128519  best_obj=0.002101  lr=0.00115  geo=1.00  patch_std=0.1558 [0.001,0.995]
  Step  9180/10000  loss=0.132462  best_obj=0.002101  lr=0.00115  geo=1.00  patch_std=0.1559 [0.001,0.993]
  Step  9190/10000  loss=0.150468  best_obj=0.002101  lr=0.00114  geo=1.00  patch_std=0.1560 [0.000,0.998]
  Step  9200/10000  loss=0.162583  best_obj=0.002101  lr=0.00114  geo=1.00  patch_std=0.1558 [0.003,1.000]
[CONF]  Step  9200  mean_conf=0.3321  (baseline=0.8849, Δ=-62.5%)  suppressed(<0.25)=40/72
  Step  9210/10000  loss=0.133039  best_obj=0.002101  lr=0.00114  geo=1.00  patch_std=0.1558 [0.000,0.998]
  Step  9220/10000  loss=0.120035  best_obj=0.002101  lr=0.00113  geo=1.00  patch_std=0.1559 [0.000,1.000]
  Step  9230/10000  loss=0.224220  best_obj=0.002101  lr=0.00113  geo=1.00  patch_std=0.1559 [0.000,0.993]
  Step  9240/10000  loss=0.146580  best_obj=0.002101  lr=0.00113  geo=1.00  patch_std=0.1559 [0.000,0.995]
  Step  9250/10000  loss=0.127502  best_obj=0.002101  lr=0.00112  geo=1.00  patch_std=0.1559 [0.000,0.998]
  Step  9260/10000  loss=0.235990  best_obj=0.002101  lr=0.00112  geo=1.00  patch_std=0.1559 [0.000,0.996]
  Step  9270/10000  loss=0.217059  best_obj=0.002101  lr=0.00112  geo=1.00  patch_std=0.1561 [0.000,1.000]
  Step  9280/10000  loss=0.143712  best_obj=0.002101  lr=0.00111  geo=1.00  patch_std=0.1561 [0.000,0.999]
  Step  9290/10000  loss=0.045616  best_obj=0.002101  lr=0.00111  geo=1.00  patch_std=0.1561 [0.000,1.000]
  Step  9300/10000  loss=0.135921  best_obj=0.002101  lr=0.00111  geo=1.00  patch_std=0.1560 [0.000,1.000]
  Step  9310/10000  loss=0.158207  best_obj=0.002101  lr=0.00111  geo=1.00  patch_std=0.1561 [0.000,1.000]
  Step  9320/10000  loss=0.132265  best_obj=0.002101  lr=0.00110  geo=1.00  patch_std=0.1560 [0.002,0.998]
  Step  9330/10000  loss=0.148029  best_obj=0.002101  lr=0.00110  geo=1.00  patch_std=0.1560 [0.000,0.995]
  Step  9340/10000  loss=0.127408  best_obj=0.002101  lr=0.00110  geo=1.00  patch_std=0.1560 [0.000,0.998]
  Step  9350/10000  loss=0.118674  best_obj=0.002101  lr=0.00109  geo=1.00  patch_std=0.1560 [0.000,0.992]
  Step  9360/10000  loss=0.115421  best_obj=0.002101  lr=0.00109  geo=1.00  patch_std=0.1559 [0.000,0.993]
  Step  9370/10000  loss=0.159039  best_obj=0.002101  lr=0.00109  geo=1.00  patch_std=0.1558 [0.001,0.993]
  Step  9380/10000  loss=0.112053  best_obj=0.002101  lr=0.00109  geo=1.00  patch_std=0.1557 [0.000,1.000]
  Step  9390/10000  loss=0.145019  best_obj=0.002101  lr=0.00108  geo=1.00  patch_std=0.1556 [0.000,1.000]
  Step  9400/10000  loss=0.195185  best_obj=0.002101  lr=0.00108  geo=1.00  patch_std=0.1556 [0.000,1.000]
[CONF]  Step  9400  mean_conf=0.3028  (baseline=0.8849, Δ=-65.8%)  suppressed(<0.25)=41/72
  Step  9410/10000  loss=0.151554  best_obj=0.002101  lr=0.00108  geo=1.00  patch_std=0.1556 [0.000,0.996]
  Step  9420/10000  loss=0.131594  best_obj=0.002101  lr=0.00107  geo=1.00  patch_std=0.1555 [0.000,0.994]
  Step  9430/10000  loss=0.129755  best_obj=0.002101  lr=0.00107  geo=1.00  patch_std=0.1555 [0.000,1.000]
  Step  9440/10000  loss=0.153074  best_obj=0.002101  lr=0.00107  geo=1.00  patch_std=0.1556 [0.000,1.000]
  Step  9450/10000  loss=0.120478  best_obj=0.002101  lr=0.00107  geo=1.00  patch_std=0.1556 [0.000,0.996]
  Step  9460/10000  loss=0.110495  best_obj=0.002101  lr=0.00106  geo=1.00  patch_std=0.1556 [0.001,0.996]
  Step  9470/10000  loss=0.119902  best_obj=0.002101  lr=0.00106  geo=1.00  patch_std=0.1556 [0.004,0.996]
  Step  9480/10000  loss=0.157083  best_obj=0.002101  lr=0.00106  geo=1.00  patch_std=0.1556 [0.004,0.994]
  Step  9490/10000  loss=0.143994  best_obj=0.002101  lr=0.00106  geo=1.00  patch_std=0.1557 [0.000,0.996]
  Step  9500/10000  loss=0.157215  best_obj=0.002101  lr=0.00106  geo=1.00  patch_std=0.1558 [0.001,0.996]
  Step  9510/10000  loss=0.164308  best_obj=0.002101  lr=0.00105  geo=1.00  patch_std=0.1557 [0.002,0.998]
  Step  9520/10000  loss=0.283407  best_obj=0.002101  lr=0.00105  geo=1.00  patch_std=0.1556 [0.003,0.994]
  Step  9530/10000  loss=0.144026  best_obj=0.002101  lr=0.00105  geo=1.00  patch_std=0.1556 [0.002,0.994]
  Step  9540/10000  loss=0.162694  best_obj=0.002101  lr=0.00105  geo=1.00  patch_std=0.1556 [0.001,0.991]
  Step  9550/10000  loss=0.138021  best_obj=0.002101  lr=0.00104  geo=1.00  patch_std=0.1557 [0.000,0.987]
  Step  9560/10000  loss=0.076653  best_obj=0.002101  lr=0.00104  geo=1.00  patch_std=0.1556 [0.001,0.990]
  Step  9570/10000  loss=0.130310  best_obj=0.002101  lr=0.00104  geo=1.00  patch_std=0.1556 [0.001,0.985]
  Step  9580/10000  loss=0.141438  best_obj=0.002101  lr=0.00104  geo=1.00  patch_std=0.1555 [0.003,0.990]
  Step  9590/10000  loss=0.144469  best_obj=0.002101  lr=0.00104  geo=1.00  patch_std=0.1555 [0.003,0.996]
  Step  9600/10000  loss=0.233899  best_obj=0.002101  lr=0.00104  geo=1.00  patch_std=0.1555 [0.005,0.992]
[CONF]  Step  9600  mean_conf=0.2985  (baseline=0.8849, Δ=-66.3%)  suppressed(<0.25)=42/72
  Step  9610/10000  loss=0.128409  best_obj=0.002101  lr=0.00103  geo=1.00  patch_std=0.1553 [0.005,0.991]
  Step  9620/10000  loss=0.139472  best_obj=0.002101  lr=0.00103  geo=1.00  patch_std=0.1553 [0.003,0.991]
  Step  9630/10000  loss=0.162812  best_obj=0.002101  lr=0.00103  geo=1.00  patch_std=0.1554 [0.002,0.993]
  Step  9640/10000  loss=0.152001  best_obj=0.002101  lr=0.00103  geo=1.00  patch_std=0.1553 [0.004,0.989]
  Step  9650/10000  loss=0.158147  best_obj=0.002101  lr=0.00103  geo=1.00  patch_std=0.1553 [0.001,0.991]
  Step  9660/10000  loss=0.180894  best_obj=0.002101  lr=0.00103  geo=1.00  patch_std=0.1552 [0.004,0.993]
  Step  9670/10000  loss=0.158194  best_obj=0.002101  lr=0.00102  geo=1.00  patch_std=0.1553 [0.003,0.998]
  Step  9680/10000  loss=0.160419  best_obj=0.002101  lr=0.00102  geo=1.00  patch_std=0.1553 [0.002,0.998]
  Step  9690/10000  loss=0.180419  best_obj=0.002101  lr=0.00102  geo=1.00  patch_std=0.1554 [0.001,0.996]
  Step  9700/10000  loss=0.140540  best_obj=0.002101  lr=0.00102  geo=1.00  patch_std=0.1554 [0.000,0.995]
  Step  9710/10000  loss=0.260323  best_obj=0.002101  lr=0.00102  geo=1.00  patch_std=0.1554 [0.000,0.996]
  Step  9720/10000  loss=0.222315  best_obj=0.002101  lr=0.00102  geo=1.00  patch_std=0.1553 [0.000,0.994]
  Step  9730/10000  loss=0.103377  best_obj=0.002101  lr=0.00102  geo=1.00  patch_std=0.1554 [0.000,0.995]
  Step  9740/10000  loss=0.133915  best_obj=0.002101  lr=0.00102  geo=1.00  patch_std=0.1555 [0.001,0.995]
  Step  9750/10000  loss=0.124151  best_obj=0.002101  lr=0.00101  geo=1.00  patch_std=0.1554 [0.001,0.997]
  Step  9760/10000  loss=0.141032  best_obj=0.002101  lr=0.00101  geo=1.00  patch_std=0.1555 [0.000,0.993]
  Step  9770/10000  loss=0.156855  best_obj=0.002101  lr=0.00101  geo=1.00  patch_std=0.1555 [0.001,0.994]
  Step  9780/10000  loss=0.181263  best_obj=0.002101  lr=0.00101  geo=1.00  patch_std=0.1556 [0.002,1.000]
  Step  9790/10000  loss=0.154432  best_obj=0.002101  lr=0.00101  geo=1.00  patch_std=0.1555 [0.002,0.998]
  Step  9800/10000  loss=0.251063  best_obj=0.002101  lr=0.00101  geo=1.00  patch_std=0.1555 [0.002,0.999]
[CONF]  Step  9800  mean_conf=0.3311  (baseline=0.8849, Δ=-62.6%)  suppressed(<0.25)=36/72
  Step  9810/10000  loss=0.128662  best_obj=0.002101  lr=0.00101  geo=1.00  patch_std=0.1555 [0.002,1.000]
  Step  9820/10000  loss=0.099231  best_obj=0.002101  lr=0.00101  geo=1.00  patch_std=0.1555 [0.001,1.000]
  Step  9830/10000  loss=0.154043  best_obj=0.002101  lr=0.00101  geo=1.00  patch_std=0.1555 [0.000,1.000]
  Step  9840/10000  loss=0.163262  best_obj=0.002101  lr=0.00101  geo=1.00  patch_std=0.1555 [0.000,1.000]
  Step  9850/10000  loss=0.131867  best_obj=0.002101  lr=0.00100  geo=1.00  patch_std=0.1555 [0.000,1.000]
  Step  9860/10000  loss=0.153114  best_obj=0.002101  lr=0.00100  geo=1.00  patch_std=0.1555 [0.000,0.999]
  Step  9870/10000  loss=0.237300  best_obj=0.002101  lr=0.00100  geo=1.00  patch_std=0.1555 [0.000,1.000]
  Step  9880/10000  loss=0.205337  best_obj=0.002101  lr=0.00100  geo=1.00  patch_std=0.1556 [0.000,1.000]
  Step  9890/10000  loss=0.137060  best_obj=0.002101  lr=0.00100  geo=1.00  patch_std=0.1556 [0.000,1.000]
  Step  9900/10000  loss=0.150126  best_obj=0.002101  lr=0.00100  geo=1.00  patch_std=0.1555 [0.000,1.000]
  Step  9910/10000  loss=0.135077  best_obj=0.002101  lr=0.00100  geo=1.00  patch_std=0.1555 [0.001,1.000]
  Step  9920/10000  loss=0.126859  best_obj=0.002101  lr=0.00100  geo=1.00  patch_std=0.1555 [0.000,0.999]
  Step  9930/10000  loss=0.171813  best_obj=0.002101  lr=0.00100  geo=1.00  patch_std=0.1555 [0.000,0.997]
  Step  9940/10000  loss=0.135687  best_obj=0.002101  lr=0.00100  geo=1.00  patch_std=0.1554 [0.000,0.993]
  Step  9950/10000  loss=0.174066  best_obj=0.002101  lr=0.00100  geo=1.00  patch_std=0.1553 [0.001,0.993]
  Step  9960/10000  loss=0.202725  best_obj=0.002101  lr=0.00100  geo=1.00  patch_std=0.1553 [0.000,0.993]
  Step  9970/10000  loss=0.150215  best_obj=0.002101  lr=0.00100  geo=1.00  patch_std=0.1554 [0.000,0.993]
  Step  9980/10000  loss=0.239430  best_obj=0.002101  lr=0.00100  geo=1.00  patch_std=0.1555 [0.000,0.993]
  Step  9990/10000  loss=0.158020  best_obj=0.002101  lr=0.00100  geo=1.00  patch_std=0.1555 [0.000,0.990]
  Step 10000/10000  loss=0.244837  best_obj=0.002101  lr=0.00100  geo=1.00  patch_std=0.1555 [0.000,0.990]
[CONF]  Step 10000  mean_conf=0.3454  (baseline=0.8849, Δ=-61.0%)  suppressed(<0.25)=37/72
