[SANITY] Step 1 leg patch stats:   std=0.1261  range=[0.000, 0.929]
[SANITY] Leg patch gradient flow OK.
  Step  7810/15000  loss=0.045406  best_obj=0.004975  lr=0.01042  geo=1.00  patch_std=0.1267 [0.000,0.972]
  Step  7820/15000  loss=0.028242  best_obj=0.004975  lr=0.01040  geo=1.00  patch_std=0.1263 [0.000,0.939]
  Step  7830/15000  loss=0.062849  best_obj=0.004975  lr=0.01038  geo=1.00  patch_std=0.1278 [0.000,0.944]
  Step  7840/15000  loss=0.052851  best_obj=0.004975  lr=0.01036  geo=1.00  patch_std=0.1284 [0.000,0.935]
  Step  7850/15000  loss=0.054180  best_obj=0.004045  lr=0.01034  geo=1.00  patch_std=0.1280 [0.000,0.931]
  Step  7860/15000  loss=0.022806  best_obj=0.002812  lr=0.01032  geo=1.00  patch_std=0.1263 [0.000,0.940]
  Step  7870/15000  loss=0.044207  best_obj=0.002812  lr=0.01030  geo=1.00  patch_std=0.1263 [0.000,0.933]
  Step  7880/15000  loss=0.054627  best_obj=0.002812  lr=0.01029  geo=1.00  patch_std=0.1265 [0.000,0.912]
  Step  7890/15000  loss=0.045198  best_obj=0.002812  lr=0.01027  geo=1.00  patch_std=0.1265 [0.000,0.913]
  Step  7900/15000  loss=0.017035  best_obj=0.002812  lr=0.01025  geo=1.00  patch_std=0.1267 [0.000,0.916]
  Step  7910/15000  loss=0.036134  best_obj=0.002812  lr=0.01023  geo=1.00  patch_std=0.1279 [0.000,0.921]
  Step  7920/15000  loss=0.047991  best_obj=0.002812  lr=0.01021  geo=1.00  patch_std=0.1264 [0.000,0.962]
  Step  7930/15000  loss=0.028276  best_obj=0.001471  lr=0.01019  geo=1.00  patch_std=0.1257 [0.000,0.930]
  Step  7940/15000  loss=0.022276  best_obj=0.001471  lr=0.01017  geo=1.00  patch_std=0.1252 [0.000,0.930]
  Step  7950/15000  loss=0.034774  best_obj=0.001471  lr=0.01015  geo=1.00  patch_std=0.1266 [0.000,0.944]
  Step  7960/15000  loss=0.035316  best_obj=0.001471  lr=0.01014  geo=1.00  patch_std=0.1263 [0.000,0.924]
  Step  7970/15000  loss=0.032222  best_obj=0.001471  lr=0.01012  geo=1.00  patch_std=0.1253 [0.000,0.914]
  Step  7980/15000  loss=0.023287  best_obj=0.001471  lr=0.01010  geo=1.00  patch_std=0.1242 [0.000,0.924]
  Step  7990/15000  loss=0.036000  best_obj=0.001471  lr=0.01008  geo=1.00  patch_std=0.1263 [0.000,0.962]
  Step  8000/15000  loss=0.047399  best_obj=0.001471  lr=0.01006  geo=1.00  patch_std=0.1258 [0.000,0.942]
[CONF]  Step  8000  mean_conf=0.5502  (baseline=0.8759, Δ=-37.2%)  suppressed(<0.25)=20/87
  Step  8010/15000  loss=0.038944  best_obj=0.001471  lr=0.01004  geo=1.00  patch_std=0.1256 [0.000,0.951]
  Step  8020/15000  loss=0.013209  best_obj=0.001471  lr=0.01002  geo=1.00  patch_std=0.1271 [0.000,0.941]
  Step  8030/15000  loss=0.039829  best_obj=0.001471  lr=0.01000  geo=1.00  patch_std=0.1284 [0.000,0.959]
  Step  8040/15000  loss=0.014331  best_obj=0.001471  lr=0.00999  geo=1.00  patch_std=0.1251 [0.000,0.933]
  Step  8050/15000  loss=0.040863  best_obj=0.001471  lr=0.00997  geo=1.00  patch_std=0.1261 [0.000,0.942]
  Step  8060/15000  loss=0.016287  best_obj=0.001471  lr=0.00995  geo=1.00  patch_std=0.1253 [0.000,0.942]
  Step  8070/15000  loss=0.043752  best_obj=0.001471  lr=0.00993  geo=1.00  patch_std=0.1264 [0.000,0.915]
  Step  8080/15000  loss=0.036094  best_obj=0.001471  lr=0.00991  geo=1.00  patch_std=0.1263 [0.000,0.937]
  Step  8090/15000  loss=0.013030  best_obj=0.001471  lr=0.00989  geo=1.00  patch_std=0.1262 [0.000,0.925]
  Step  8100/15000  loss=0.041940  best_obj=0.001471  lr=0.00987  geo=1.00  patch_std=0.1277 [0.000,0.932]
  Step  8110/15000  loss=0.033948  best_obj=0.001471  lr=0.00985  geo=1.00  patch_std=0.1253 [0.000,0.922]
  Step  8120/15000  loss=0.029372  best_obj=0.001471  lr=0.00984  geo=1.00  patch_std=0.1257 [0.000,0.915]
  Step  8130/15000  loss=0.020911  best_obj=0.001471  lr=0.00982  geo=1.00  patch_std=0.1263 [0.000,0.916]
  Step  8140/15000  loss=0.072343  best_obj=0.001471  lr=0.00980  geo=1.00  patch_std=0.1266 [0.000,0.913]
  Step  8150/15000  loss=0.023446  best_obj=0.001471  lr=0.00978  geo=1.00  patch_std=0.1257 [0.000,0.893]
  Step  8160/15000  loss=0.049936  best_obj=0.001471  lr=0.00976  geo=1.00  patch_std=0.1263 [0.000,0.904]
  Step  8170/15000  loss=0.028379  best_obj=0.001471  lr=0.00974  geo=1.00  patch_std=0.1277 [0.000,0.929]
  Step  8180/15000  loss=0.046492  best_obj=0.001471  lr=0.00972  geo=1.00  patch_std=0.1255 [0.000,0.899]
  Step  8190/15000  loss=0.047397  best_obj=0.001434  lr=0.00970  geo=1.00  patch_std=0.1257 [0.000,0.917]
  Step  8200/15000  loss=0.044282  best_obj=0.001434  lr=0.00969  geo=1.00  patch_std=0.1248 [0.000,0.904]
[CONF]  Step  8200  mean_conf=0.5256  (baseline=0.8759, Δ=-40.0%)  suppressed(<0.25)=25/87
  Step  8210/15000  loss=0.033520  best_obj=0.001434  lr=0.00967  geo=1.00  patch_std=0.1244 [0.000,0.930]
  Step  8220/15000  loss=0.039670  best_obj=0.001434  lr=0.00965  geo=1.00  patch_std=0.1243 [0.000,0.899]
  Step  8230/15000  loss=0.017173  best_obj=0.001434  lr=0.00963  geo=1.00  patch_std=0.1234 [0.000,0.896]
  Step  8240/15000  loss=0.067459  best_obj=0.001434  lr=0.00961  geo=1.00  patch_std=0.1231 [0.000,0.916]
  Step  8250/15000  loss=0.017567  best_obj=0.001434  lr=0.00959  geo=1.00  patch_std=0.1246 [0.000,0.936]
  Step  8260/15000  loss=0.065303  best_obj=0.001434  lr=0.00957  geo=1.00  patch_std=0.1258 [0.000,0.975]
  Step  8270/15000  loss=0.032982  best_obj=0.001434  lr=0.00956  geo=1.00  patch_std=0.1265 [0.000,0.936]
  Step  8280/15000  loss=0.010316  best_obj=0.001434  lr=0.00954  geo=1.00  patch_std=0.1233 [0.000,0.898]
  Step  8290/15000  loss=0.030910  best_obj=0.001434  lr=0.00952  geo=1.00  patch_std=0.1243 [0.000,0.915]
  Step  8300/15000  loss=0.056248  best_obj=0.001434  lr=0.00950  geo=1.00  patch_std=0.1250 [0.000,0.932]
  Step  8310/15000  loss=0.042230  best_obj=0.001434  lr=0.00948  geo=1.00  patch_std=0.1236 [0.000,0.940]
  Step  8320/15000  loss=0.084828  best_obj=0.001434  lr=0.00946  geo=1.00  patch_std=0.1239 [0.000,0.915]
  Step  8330/15000  loss=0.033118  best_obj=0.001434  lr=0.00944  geo=1.00  patch_std=0.1225 [0.000,0.909]
  Step  8340/15000  loss=0.030590  best_obj=0.001434  lr=0.00943  geo=1.00  patch_std=0.1221 [0.000,0.900]
  Step  8350/15000  loss=0.016883  best_obj=0.001434  lr=0.00941  geo=1.00  patch_std=0.1226 [0.000,0.910]
  Step  8360/15000  loss=0.021306  best_obj=0.001434  lr=0.00939  geo=1.00  patch_std=0.1231 [0.000,0.936]
  Step  8370/15000  loss=0.045657  best_obj=0.001434  lr=0.00937  geo=1.00  patch_std=0.1229 [0.000,0.900]
  Step  8380/15000  loss=0.048632  best_obj=0.001375  lr=0.00935  geo=1.00  patch_std=0.1221 [0.000,0.915]
  Step  8390/15000  loss=0.021411  best_obj=0.001375  lr=0.00933  geo=1.00  patch_std=0.1227 [0.000,0.915]
  Step  8400/15000  loss=0.035183  best_obj=0.001375  lr=0.00931  geo=1.00  patch_std=0.1220 [0.000,0.915]
[CONF]  Step  8400  mean_conf=0.5679  (baseline=0.8759, Δ=-35.2%)  suppressed(<0.25)=19/87
  Step  8410/15000  loss=0.040225  best_obj=0.001375  lr=0.00930  geo=1.00  patch_std=0.1217 [0.000,0.897]
  Step  8420/15000  loss=0.048187  best_obj=0.001113  lr=0.00928  geo=1.00  patch_std=0.1213 [0.000,0.914]
  Step  8430/15000  loss=0.031997  best_obj=0.001113  lr=0.00926  geo=1.00  patch_std=0.1208 [0.000,0.900]
  Step  8440/15000  loss=0.040948  best_obj=0.001113  lr=0.00924  geo=1.00  patch_std=0.1209 [0.000,0.932]
  Step  8450/15000  loss=0.036165  best_obj=0.001113  lr=0.00922  geo=1.00  patch_std=0.1226 [0.000,0.896]
  Step  8460/15000  loss=0.042470  best_obj=0.001113  lr=0.00920  geo=1.00  patch_std=0.1218 [0.000,0.884]
  Step  8470/15000  loss=0.039293  best_obj=0.001113  lr=0.00918  geo=1.00  patch_std=0.1233 [0.000,0.895]
  Step  8480/15000  loss=0.034124  best_obj=0.001113  lr=0.00917  geo=1.00  patch_std=0.1231 [0.000,0.898]
  Step  8490/15000  loss=0.036848  best_obj=0.001113  lr=0.00915  geo=1.00  patch_std=0.1236 [0.000,0.921]
  Step  8500/15000  loss=0.056898  best_obj=0.001113  lr=0.00913  geo=1.00  patch_std=0.1235 [0.000,0.907]
  Step  8510/15000  loss=0.049685  best_obj=0.001113  lr=0.00911  geo=1.00  patch_std=0.1223 [0.000,0.886]
  Step  8520/15000  loss=0.013949  best_obj=0.001113  lr=0.00909  geo=1.00  patch_std=0.1218 [0.000,0.892]
  Step  8530/15000  loss=0.058966  best_obj=0.001113  lr=0.00907  geo=1.00  patch_std=0.1217 [0.000,0.914]
  Step  8540/15000  loss=0.013854  best_obj=0.001113  lr=0.00906  geo=1.00  patch_std=0.1221 [0.000,0.889]
  Step  8550/15000  loss=0.048427  best_obj=0.001113  lr=0.00904  geo=1.00  patch_std=0.1227 [0.000,0.891]
  Step  8560/15000  loss=0.030532  best_obj=0.001113  lr=0.00902  geo=1.00  patch_std=0.1225 [0.000,0.877]
  Step  8570/15000  loss=0.062200  best_obj=0.001113  lr=0.00900  geo=1.00  patch_std=0.1235 [0.000,0.874]
  Step  8580/15000  loss=0.022350  best_obj=0.001113  lr=0.00898  geo=1.00  patch_std=0.1221 [0.000,0.877]
  Step  8590/15000  loss=0.052286  best_obj=0.001113  lr=0.00896  geo=1.00  patch_std=0.1225 [0.000,0.884]
  Step  8600/15000  loss=0.034358  best_obj=0.001113  lr=0.00895  geo=1.00  patch_std=0.1229 [0.000,0.883]
[CONF]  Step  8600  mean_conf=0.5883  (baseline=0.8759, Δ=-32.8%)  suppressed(<0.25)=15/87
  Step  8610/15000  loss=0.012587  best_obj=0.001113  lr=0.00893  geo=1.00  patch_std=0.1215 [0.000,0.869]
  Step  8620/15000  loss=0.022872  best_obj=0.001113  lr=0.00891  geo=1.00  patch_std=0.1208 [0.000,0.884]
  Step  8630/15000  loss=0.014692  best_obj=0.001113  lr=0.00889  geo=1.00  patch_std=0.1221 [0.000,0.869]
  Step  8640/15000  loss=0.052929  best_obj=0.001113  lr=0.00887  geo=1.00  patch_std=0.1221 [0.000,0.892]
  Step  8650/15000  loss=0.041015  best_obj=0.001113  lr=0.00885  geo=1.00  patch_std=0.1211 [0.000,0.876]
  Step  8660/15000  loss=0.022443  best_obj=0.001113  lr=0.00884  geo=1.00  patch_std=0.1202 [0.000,0.876]
  Step  8670/15000  loss=0.045138  best_obj=0.001113  lr=0.00882  geo=1.00  patch_std=0.1193 [0.000,0.863]
  Step  8680/15000  loss=0.064970  best_obj=0.001113  lr=0.00880  geo=1.00  patch_std=0.1205 [0.000,0.882]
  Step  8690/15000  loss=0.020553  best_obj=0.001113  lr=0.00878  geo=1.00  patch_std=0.1200 [0.000,0.894]
  Step  8700/15000  loss=0.027697  best_obj=0.001113  lr=0.00876  geo=1.00  patch_std=0.1191 [0.000,0.894]
  Step  8710/15000  loss=0.033604  best_obj=0.001113  lr=0.00874  geo=1.00  patch_std=0.1192 [0.000,0.896]
  Step  8720/15000  loss=0.028085  best_obj=0.001113  lr=0.00873  geo=1.00  patch_std=0.1179 [0.000,0.876]
  Step  8730/15000  loss=0.044969  best_obj=0.001034  lr=0.00871  geo=1.00  patch_std=0.1171 [0.000,0.876]
  Step  8740/15000  loss=0.010899  best_obj=0.001034  lr=0.00869  geo=1.00  patch_std=0.1162 [0.000,0.868]
  Step  8750/15000  loss=0.018159  best_obj=0.000463  lr=0.00867  geo=1.00  patch_std=0.1160 [0.000,0.878]
  Step  8760/15000  loss=0.067665  best_obj=0.000463  lr=0.00865  geo=1.00  patch_std=0.1165 [0.000,0.887]
  Step  8770/15000  loss=0.019022  best_obj=0.000463  lr=0.00863  geo=1.00  patch_std=0.1168 [0.000,0.885]
  Step  8780/15000  loss=0.043272  best_obj=0.000463  lr=0.00862  geo=1.00  patch_std=0.1164 [0.000,0.893]
  Step  8790/15000  loss=0.017100  best_obj=0.000463  lr=0.00860  geo=1.00  patch_std=0.1162 [0.000,0.876]
  Step  8800/15000  loss=0.026142  best_obj=0.000463  lr=0.00858  geo=1.00  patch_std=0.1158 [0.000,0.868]
[CONF]  Step  8800  mean_conf=0.5810  (baseline=0.8759, Δ=-33.7%)  suppressed(<0.25)=16/87
  Step  8810/15000  loss=0.033243  best_obj=0.000463  lr=0.00856  geo=1.00  patch_std=0.1167 [0.000,0.879]
  Step  8820/15000  loss=0.037674  best_obj=0.000463  lr=0.00854  geo=1.00  patch_std=0.1170 [0.000,0.865]
  Step  8830/15000  loss=0.044226  best_obj=0.000463  lr=0.00853  geo=1.00  patch_std=0.1148 [0.000,0.842]
  Step  8840/15000  loss=0.061057  best_obj=0.000463  lr=0.00851  geo=1.00  patch_std=0.1170 [0.000,0.893]
  Step  8850/15000  loss=0.060679  best_obj=0.000463  lr=0.00849  geo=1.00  patch_std=0.1167 [0.000,0.902]
  Step  8860/15000  loss=0.015722  best_obj=0.000463  lr=0.00847  geo=1.00  patch_std=0.1171 [0.000,0.919]
  Step  8870/15000  loss=0.032823  best_obj=0.000463  lr=0.00845  geo=1.00  patch_std=0.1157 [0.000,0.853]
  Step  8880/15000  loss=0.024589  best_obj=0.000463  lr=0.00844  geo=1.00  patch_std=0.1161 [0.000,0.885]
  Step  8890/15000  loss=0.052763  best_obj=0.000463  lr=0.00842  geo=1.00  patch_std=0.1163 [0.000,0.902]
  Step  8900/15000  loss=0.055323  best_obj=0.000463  lr=0.00840  geo=1.00  patch_std=0.1170 [0.000,0.902]
  Step  8910/15000  loss=0.021372  best_obj=0.000463  lr=0.00838  geo=1.00  patch_std=0.1168 [0.000,0.891]
  Step  8920/15000  loss=0.043587  best_obj=0.000463  lr=0.00836  geo=1.00  patch_std=0.1170 [0.000,0.886]
  Step  8930/15000  loss=0.034972  best_obj=0.000463  lr=0.00835  geo=1.00  patch_std=0.1169 [0.000,0.876]
  Step  8940/15000  loss=0.061915  best_obj=0.000463  lr=0.00833  geo=1.00  patch_std=0.1173 [0.000,0.887]
  Step  8950/15000  loss=0.022301  best_obj=0.000463  lr=0.00831  geo=1.00  patch_std=0.1167 [0.000,0.880]
  Step  8960/15000  loss=0.074996  best_obj=0.000463  lr=0.00829  geo=1.00  patch_std=0.1172 [0.000,0.843]
  Step  8970/15000  loss=0.061302  best_obj=0.000463  lr=0.00827  geo=1.00  patch_std=0.1195 [0.000,0.874]
  Step  8980/15000  loss=0.045106  best_obj=0.000463  lr=0.00826  geo=1.00  patch_std=0.1191 [0.000,0.893]
  Step  8990/15000  loss=0.037367  best_obj=0.000463  lr=0.00824  geo=1.00  patch_std=0.1181 [0.000,0.886]
  Step  9000/15000  loss=0.016270  best_obj=0.000463  lr=0.00822  geo=1.00  patch_std=0.1165 [0.000,0.883]
[CONF]  Step  9000  mean_conf=0.6106  (baseline=0.8759, Δ=-30.3%)  suppressed(<0.25)=13/87
  Step  9010/15000  loss=0.052924  best_obj=0.000463  lr=0.00820  geo=1.00  patch_std=0.1172 [0.000,0.902]
  Step  9020/15000  loss=0.053579  best_obj=0.000463  lr=0.00818  geo=1.00  patch_std=0.1172 [0.000,0.901]
  Step  9030/15000  loss=0.056560  best_obj=0.000463  lr=0.00817  geo=1.00  patch_std=0.1169 [0.000,0.887]
  Step  9040/15000  loss=0.050015  best_obj=0.000463  lr=0.00815  geo=1.00  patch_std=0.1182 [0.000,0.901]
  Step  9050/15000  loss=0.039747  best_obj=0.000463  lr=0.00813  geo=1.00  patch_std=0.1187 [0.000,0.908]
  Step  9060/15000  loss=0.080994  best_obj=0.000463  lr=0.00811  geo=1.00  patch_std=0.1179 [0.000,0.875]
  Step  9070/15000  loss=0.049021  best_obj=0.000463  lr=0.00809  geo=1.00  patch_std=0.1189 [0.000,0.907]
  Step  9080/15000  loss=0.029891  best_obj=0.000463  lr=0.00808  geo=1.00  patch_std=0.1182 [0.000,0.902]
  Step  9090/15000  loss=0.043889  best_obj=0.000463  lr=0.00806  geo=1.00  patch_std=0.1201 [0.000,0.928]
  Step  9100/15000  loss=0.011495  best_obj=0.000463  lr=0.00804  geo=1.00  patch_std=0.1186 [0.000,0.911]
  Step  9110/15000  loss=0.014391  best_obj=0.000463  lr=0.00802  geo=1.00  patch_std=0.1190 [0.000,0.925]
  Step  9120/15000  loss=0.014788  best_obj=0.000463  lr=0.00801  geo=1.00  patch_std=0.1186 [0.000,0.893]
  Step  9130/15000  loss=0.037435  best_obj=0.000463  lr=0.00799  geo=1.00  patch_std=0.1196 [0.000,0.908]
  Step  9140/15000  loss=0.035133  best_obj=0.000463  lr=0.00797  geo=1.00  patch_std=0.1213 [0.000,0.916]
  Step  9150/15000  loss=0.055651  best_obj=0.000463  lr=0.00795  geo=1.00  patch_std=0.1208 [0.000,0.918]
  Step  9160/15000  loss=0.033810  best_obj=0.000463  lr=0.00793  geo=1.00  patch_std=0.1180 [0.000,0.899]
  Step  9170/15000  loss=0.052123  best_obj=0.000463  lr=0.00792  geo=1.00  patch_std=0.1189 [0.000,0.927]
  Step  9180/15000  loss=0.030538  best_obj=0.000463  lr=0.00790  geo=1.00  patch_std=0.1190 [0.000,0.907]
  Step  9190/15000  loss=0.029880  best_obj=0.000463  lr=0.00788  geo=1.00  patch_std=0.1195 [0.000,0.922]
  Step  9200/15000  loss=0.039780  best_obj=0.000463  lr=0.00786  geo=1.00  patch_std=0.1202 [0.000,0.890]
[CONF]  Step  9200  mean_conf=0.6105  (baseline=0.8759, Δ=-30.3%)  suppressed(<0.25)=13/87
  Step  9210/15000  loss=0.017958  best_obj=0.000463  lr=0.00785  geo=1.00  patch_std=0.1202 [0.000,0.889]
  Step  9220/15000  loss=0.049721  best_obj=0.000463  lr=0.00783  geo=1.00  patch_std=0.1208 [0.000,0.883]
  Step  9230/15000  loss=0.030095  best_obj=0.000463  lr=0.00781  geo=1.00  patch_std=0.1213 [0.000,0.902]
  Step  9240/15000  loss=0.068412  best_obj=0.000463  lr=0.00779  geo=1.00  patch_std=0.1203 [0.000,0.899]
  Step  9250/15000  loss=0.060866  best_obj=0.000463  lr=0.00778  geo=1.00  patch_std=0.1206 [0.000,0.906]
  Step  9260/15000  loss=0.026907  best_obj=0.000463  lr=0.00776  geo=1.00  patch_std=0.1210 [0.000,0.900]
  Step  9270/15000  loss=0.032242  best_obj=0.000463  lr=0.00774  geo=1.00  patch_std=0.1222 [0.000,0.930]
  Step  9280/15000  loss=0.021226  best_obj=0.000463  lr=0.00772  geo=1.00  patch_std=0.1204 [0.000,0.904]
  Step  9290/15000  loss=0.045226  best_obj=0.000463  lr=0.00771  geo=1.00  patch_std=0.1203 [0.000,0.920]
  Step  9300/15000  loss=0.010887  best_obj=0.000463  lr=0.00769  geo=1.00  patch_std=0.1190 [0.000,0.889]
  Step  9310/15000  loss=0.025161  best_obj=0.000463  lr=0.00767  geo=1.00  patch_std=0.1194 [0.000,0.888]
  Step  9320/15000  loss=0.050215  best_obj=0.000463  lr=0.00765  geo=1.00  patch_std=0.1189 [0.000,0.898]
  Step  9330/15000  loss=0.022997  best_obj=0.000463  lr=0.00764  geo=1.00  patch_std=0.1194 [0.000,0.891]
  Step  9340/15000  loss=0.043051  best_obj=0.000463  lr=0.00762  geo=1.00  patch_std=0.1188 [0.000,0.896]
  Step  9350/15000  loss=0.027364  best_obj=0.000463  lr=0.00760  geo=1.00  patch_std=0.1184 [0.000,0.899]
  Step  9360/15000  loss=0.048544  best_obj=0.000463  lr=0.00758  geo=1.00  patch_std=0.1184 [0.000,0.899]
  Step  9370/15000  loss=0.036726  best_obj=0.000463  lr=0.00757  geo=1.00  patch_std=0.1190 [0.000,0.912]
  Step  9380/15000  loss=0.062064  best_obj=0.000463  lr=0.00755  geo=1.00  patch_std=0.1199 [0.000,0.903]
  Step  9390/15000  loss=0.032676  best_obj=0.000463  lr=0.00753  geo=1.00  patch_std=0.1193 [0.000,0.903]
  Step  9400/15000  loss=0.015015  best_obj=0.000463  lr=0.00751  geo=1.00  patch_std=0.1201 [0.000,0.878]
[CONF]  Step  9400  mean_conf=0.5862  (baseline=0.8759, Δ=-33.1%)  suppressed(<0.25)=17/87
  Step  9410/15000  loss=0.038163  best_obj=0.000463  lr=0.00750  geo=1.00  patch_std=0.1198 [0.000,0.869]
  Step  9420/15000  loss=0.031530  best_obj=0.000463  lr=0.00748  geo=1.00  patch_std=0.1188 [0.000,0.869]
  Step  9430/15000  loss=0.042552  best_obj=0.000463  lr=0.00746  geo=1.00  patch_std=0.1186 [0.000,0.875]
  Step  9440/15000  loss=0.030766  best_obj=0.000463  lr=0.00744  geo=1.00  patch_std=0.1188 [0.000,0.873]
  Step  9450/15000  loss=0.025586  best_obj=0.000463  lr=0.00743  geo=1.00  patch_std=0.1185 [0.000,0.876]
  Step  9460/15000  loss=0.046893  best_obj=0.000463  lr=0.00741  geo=1.00  patch_std=0.1182 [0.000,0.886]
  Step  9470/15000  loss=0.031059  best_obj=0.000463  lr=0.00739  geo=1.00  patch_std=0.1176 [0.000,0.885]
  Step  9480/15000  loss=0.043206  best_obj=0.000463  lr=0.00737  geo=1.00  patch_std=0.1167 [0.000,0.871]
  Step  9490/15000  loss=0.023943  best_obj=0.000463  lr=0.00736  geo=1.00  patch_std=0.1164 [0.000,0.855]
  Step  9500/15000  loss=0.033760  best_obj=0.000463  lr=0.00734  geo=1.00  patch_std=0.1170 [0.000,0.868]
  Step  9510/15000  loss=0.051273  best_obj=0.000463  lr=0.00732  geo=1.00  patch_std=0.1174 [0.000,0.865]
  Step  9520/15000  loss=0.015909  best_obj=0.000463  lr=0.00731  geo=1.00  patch_std=0.1172 [0.000,0.861]
  Step  9530/15000  loss=0.012005  best_obj=0.000463  lr=0.00729  geo=1.00  patch_std=0.1174 [0.000,0.867]
  Step  9540/15000  loss=0.010106  best_obj=0.000463  lr=0.00727  geo=1.00  patch_std=0.1173 [0.000,0.874]
  Step  9550/15000  loss=0.035595  best_obj=0.000463  lr=0.00725  geo=1.00  patch_std=0.1180 [0.000,0.894]
  Step  9560/15000  loss=0.092163  best_obj=0.000463  lr=0.00724  geo=1.00  patch_std=0.1184 [0.000,0.896]
  Step  9570/15000  loss=0.037440  best_obj=0.000463  lr=0.00722  geo=1.00  patch_std=0.1182 [0.000,0.896]
  Step  9580/15000  loss=0.034194  best_obj=0.000463  lr=0.00720  geo=1.00  patch_std=0.1170 [0.000,0.874]
  Step  9590/15000  loss=0.011051  best_obj=0.000463  lr=0.00719  geo=1.00  patch_std=0.1170 [0.000,0.867]
  Step  9600/15000  loss=0.075348  best_obj=0.000463  lr=0.00717  geo=1.00  patch_std=0.1179 [0.000,0.910]
[CONF]  Step  9600  mean_conf=0.6121  (baseline=0.8759, Δ=-30.1%)  suppressed(<0.25)=12/87
  Step  9610/15000  loss=0.050002  best_obj=0.000463  lr=0.00715  geo=1.00  patch_std=0.1194 [0.000,0.894]
  Step  9620/15000  loss=0.035609  best_obj=0.000463  lr=0.00713  geo=1.00  patch_std=0.1193 [0.000,0.904]
  Step  9630/15000  loss=0.029896  best_obj=0.000463  lr=0.00712  geo=1.00  patch_std=0.1197 [0.000,0.924]
  Step  9640/15000  loss=0.012182  best_obj=0.000463  lr=0.00710  geo=1.00  patch_std=0.1181 [0.000,0.896]
  Step  9650/15000  loss=0.012878  best_obj=0.000463  lr=0.00708  geo=1.00  patch_std=0.1180 [0.000,0.889]
  Step  9660/15000  loss=0.044232  best_obj=0.000463  lr=0.00707  geo=1.00  patch_std=0.1180 [0.000,0.888]
  Step  9670/15000  loss=0.026531  best_obj=0.000463  lr=0.00705  geo=1.00  patch_std=0.1181 [0.000,0.874]
  Step  9680/15000  loss=0.091763  best_obj=0.000463  lr=0.00703  geo=1.00  patch_std=0.1186 [0.000,0.858]
  Step  9690/15000  loss=0.013947  best_obj=0.000463  lr=0.00702  geo=1.00  patch_std=0.1189 [0.000,0.883]
  Step  9700/15000  loss=0.028042  best_obj=0.000463  lr=0.00700  geo=1.00  patch_std=0.1185 [0.000,0.867]
  Step  9710/15000  loss=0.025115  best_obj=0.000463  lr=0.00698  geo=1.00  patch_std=0.1184 [0.000,0.861]
  Step  9720/15000  loss=0.078535  best_obj=0.000463  lr=0.00697  geo=1.00  patch_std=0.1193 [0.000,0.885]
  Step  9730/15000  loss=0.013443  best_obj=0.000463  lr=0.00695  geo=1.00  patch_std=0.1180 [0.000,0.890]
  Step  9740/15000  loss=0.034138  best_obj=0.000463  lr=0.00693  geo=1.00  patch_std=0.1186 [0.000,0.909]
  Step  9750/15000  loss=0.040634  best_obj=0.000463  lr=0.00691  geo=1.00  patch_std=0.1186 [0.000,0.909]
  Step  9760/15000  loss=0.013832  best_obj=0.000463  lr=0.00690  geo=1.00  patch_std=0.1174 [0.000,0.868]
  Step  9770/15000  loss=0.031956  best_obj=0.000463  lr=0.00688  geo=1.00  patch_std=0.1163 [0.000,0.854]
  Step  9780/15000  loss=0.020334  best_obj=0.000463  lr=0.00686  geo=1.00  patch_std=0.1167 [0.000,0.860]
  Step  9790/15000  loss=0.069072  best_obj=0.000463  lr=0.00685  geo=1.00  patch_std=0.1183 [0.000,0.894]
  Step  9800/15000  loss=0.058184  best_obj=0.000463  lr=0.00683  geo=1.00  patch_std=0.1179 [0.000,0.900]
[CONF]  Step  9800  mean_conf=0.6081  (baseline=0.8759, Δ=-30.6%)  suppressed(<0.25)=13/87
  Step  9810/15000  loss=0.031393  best_obj=0.000463  lr=0.00681  geo=1.00  patch_std=0.1173 [0.000,0.885]
  Step  9820/15000  loss=0.046578  best_obj=0.000463  lr=0.00680  geo=1.00  patch_std=0.1172 [0.000,0.907]
  Step  9830/15000  loss=0.037439  best_obj=0.000463  lr=0.00678  geo=1.00  patch_std=0.1173 [0.000,0.894]
  Step  9840/15000  loss=0.027051  best_obj=0.000463  lr=0.00676  geo=1.00  patch_std=0.1161 [0.000,0.880]
  Step  9850/15000  loss=0.049209  best_obj=0.000463  lr=0.00675  geo=1.00  patch_std=0.1162 [0.000,0.866]
  Step  9860/15000  loss=0.042972  best_obj=0.000463  lr=0.00673  geo=1.00  patch_std=0.1165 [0.000,0.880]
  Step  9870/15000  loss=0.030285  best_obj=0.000463  lr=0.00671  geo=1.00  patch_std=0.1169 [0.000,0.881]
  Step  9880/15000  loss=0.021320  best_obj=0.000463  lr=0.00670  geo=1.00  patch_std=0.1168 [0.000,0.895]
  Step  9890/15000  loss=0.017530  best_obj=0.000463  lr=0.00668  geo=1.00  patch_std=0.1158 [0.000,0.868]
  Step  9900/15000  loss=0.037062  best_obj=0.000463  lr=0.00666  geo=1.00  patch_std=0.1152 [0.000,0.853]
  Step  9910/15000  loss=0.027788  best_obj=0.000463  lr=0.00665  geo=1.00  patch_std=0.1150 [0.000,0.855]
  Step  9920/15000  loss=0.022103  best_obj=0.000463  lr=0.00663  geo=1.00  patch_std=0.1160 [0.000,0.842]
  Step  9930/15000  loss=0.014100  best_obj=0.000463  lr=0.00662  geo=1.00  patch_std=0.1168 [0.000,0.857]
  Step  9940/15000  loss=0.010660  best_obj=0.000463  lr=0.00660  geo=1.00  patch_std=0.1176 [0.000,0.884]
  Step  9950/15000  loss=0.051601  best_obj=0.000463  lr=0.00658  geo=1.00  patch_std=0.1180 [0.000,0.886]
  Step  9960/15000  loss=0.022660  best_obj=0.000463  lr=0.00657  geo=1.00  patch_std=0.1189 [0.000,0.888]
  Step  9970/15000  loss=0.121905  best_obj=0.000463  lr=0.00655  geo=1.00  patch_std=0.1202 [0.000,0.905]
  Step  9980/15000  loss=0.015538  best_obj=0.000463  lr=0.00653  geo=1.00  patch_std=0.1204 [0.000,0.907]
  Step  9990/15000  loss=0.010060  best_obj=0.000463  lr=0.00652  geo=1.00  patch_std=0.1204 [0.000,0.886]
  Step 10000/15000  loss=0.019556  best_obj=0.000463  lr=0.00650  geo=1.00  patch_std=0.1195 [0.000,0.891]
[CONF]  Step 10000  mean_conf=0.5888  (baseline=0.8759, Δ=-32.8%)  suppressed(<0.25)=16/87
  Step 10010/15000  loss=0.025601  best_obj=0.000463  lr=0.00648  geo=1.00  patch_std=0.1187 [0.000,0.912]
  Step 10020/15000  loss=0.080933  best_obj=0.000463  lr=0.00647  geo=1.00  patch_std=0.1196 [0.000,0.912]
  Step 10030/15000  loss=0.040877  best_obj=0.000463  lr=0.00645  geo=1.00  patch_std=0.1196 [0.000,0.912]
  Step 10040/15000  loss=0.026131  best_obj=0.000463  lr=0.00644  geo=1.00  patch_std=0.1190 [0.000,0.893]
  Step 10050/15000  loss=0.020150  best_obj=0.000463  lr=0.00642  geo=1.00  patch_std=0.1185 [0.000,0.867]
  Step 10060/15000  loss=0.010652  best_obj=0.000463  lr=0.00640  geo=1.00  patch_std=0.1179 [0.000,0.872]
  Step 10070/15000  loss=0.053150  best_obj=0.000463  lr=0.00639  geo=1.00  patch_std=0.1181 [0.000,0.872]
  Step 10080/15000  loss=0.025813  best_obj=0.000463  lr=0.00637  geo=1.00  patch_std=0.1172 [0.000,0.871]
  Step 10090/15000  loss=0.046756  best_obj=0.000463  lr=0.00635  geo=1.00  patch_std=0.1178 [0.000,0.846]
  Step 10100/15000  loss=0.018030  best_obj=0.000463  lr=0.00634  geo=1.00  patch_std=0.1177 [0.000,0.850]
  Step 10110/15000  loss=0.030482  best_obj=0.000463  lr=0.00632  geo=1.00  patch_std=0.1184 [0.000,0.871]
  Step 10120/15000  loss=0.060177  best_obj=0.000463  lr=0.00631  geo=1.00  patch_std=0.1183 [0.000,0.897]
  Step 10130/15000  loss=0.043062  best_obj=0.000463  lr=0.00629  geo=1.00  patch_std=0.1179 [0.000,0.878]
  Step 10140/15000  loss=0.020417  best_obj=0.000463  lr=0.00627  geo=1.00  patch_std=0.1179 [0.000,0.860]
  Step 10150/15000  loss=0.023512  best_obj=0.000463  lr=0.00626  geo=1.00  patch_std=0.1188 [0.000,0.869]
  Step 10160/15000  loss=0.020744  best_obj=0.000463  lr=0.00624  geo=1.00  patch_std=0.1180 [0.000,0.894]
  Step 10170/15000  loss=0.030835  best_obj=0.000463  lr=0.00623  geo=1.00  patch_std=0.1186 [0.000,0.906]
  Step 10180/15000  loss=0.063409  best_obj=0.000463  lr=0.00621  geo=1.00  patch_std=0.1181 [0.000,0.915]
  Step 10190/15000  loss=0.038788  best_obj=0.000463  lr=0.00619  geo=1.00  patch_std=0.1179 [0.000,0.927]
  Step 10200/15000  loss=0.045705  best_obj=0.000463  lr=0.00618  geo=1.00  patch_std=0.1189 [0.000,0.915]
[CONF]  Step 10200  mean_conf=0.5847  (baseline=0.8759, Δ=-33.2%)  suppressed(<0.25)=15/87
  Step 10210/15000  loss=0.055824  best_obj=0.000463  lr=0.00616  geo=1.00  patch_std=0.1177 [0.000,0.890]
  Step 10220/15000  loss=0.017026  best_obj=0.000463  lr=0.00615  geo=1.00  patch_std=0.1182 [0.000,0.879]
  Step 10230/15000  loss=0.024050  best_obj=0.000463  lr=0.00613  geo=1.00  patch_std=0.1180 [0.000,0.860]
  Step 10240/15000  loss=0.113352  best_obj=0.000463  lr=0.00611  geo=1.00  patch_std=0.1186 [0.000,0.884]
  Step 10250/15000  loss=0.029083  best_obj=0.000463  lr=0.00610  geo=1.00  patch_std=0.1170 [0.000,0.872]
  Step 10260/15000  loss=0.053630  best_obj=0.000463  lr=0.00608  geo=1.00  patch_std=0.1163 [0.000,0.872]
  Step 10270/15000  loss=0.009253  best_obj=0.000463  lr=0.00607  geo=1.00  patch_std=0.1158 [0.000,0.846]
  Step 10280/15000  loss=0.039442  best_obj=0.000463  lr=0.00605  geo=1.00  patch_std=0.1161 [0.000,0.836]
  Step 10290/15000  loss=0.031046  best_obj=0.000463  lr=0.00604  geo=1.00  patch_std=0.1160 [0.000,0.838]
  Step 10300/15000  loss=0.023359  best_obj=0.000463  lr=0.00602  geo=1.00  patch_std=0.1168 [0.000,0.858]
  Step 10310/15000  loss=0.069246  best_obj=0.000463  lr=0.00600  geo=1.00  patch_std=0.1155 [0.000,0.837]
  Step 10320/15000  loss=0.029758  best_obj=0.000463  lr=0.00599  geo=1.00  patch_std=0.1162 [0.000,0.852]
  Step 10330/15000  loss=0.006867  best_obj=0.000463  lr=0.00597  geo=1.00  patch_std=0.1150 [0.000,0.836]
  Step 10340/15000  loss=0.007736  best_obj=0.000463  lr=0.00596  geo=1.00  patch_std=0.1154 [0.000,0.847]
  Step 10350/15000  loss=0.031935  best_obj=0.000463  lr=0.00594  geo=1.00  patch_std=0.1153 [0.000,0.859]
  Step 10360/15000  loss=0.064444  best_obj=0.000463  lr=0.00593  geo=1.00  patch_std=0.1160 [0.000,0.852]
  Step 10370/15000  loss=0.067582  best_obj=0.000463  lr=0.00591  geo=1.00  patch_std=0.1166 [0.000,0.852]
  Step 10380/15000  loss=0.018570  best_obj=0.000463  lr=0.00590  geo=1.00  patch_std=0.1161 [0.000,0.846]
  Step 10390/15000  loss=0.034198  best_obj=0.000463  lr=0.00588  geo=1.00  patch_std=0.1171 [0.000,0.858]
  Step 10400/15000  loss=0.018418  best_obj=0.000463  lr=0.00586  geo=1.00  patch_std=0.1178 [0.000,0.878]
[CONF]  Step 10400  mean_conf=0.5997  (baseline=0.8759, Δ=-31.5%)  suppressed(<0.25)=14/87
  Step 10410/15000  loss=0.050716  best_obj=0.000463  lr=0.00585  geo=1.00  patch_std=0.1176 [0.000,0.854]
  Step 10420/15000  loss=0.071731  best_obj=0.000463  lr=0.00583  geo=1.00  patch_std=0.1172 [0.000,0.862]
  Step 10430/15000  loss=0.077687  best_obj=0.000463  lr=0.00582  geo=1.00  patch_std=0.1161 [0.000,0.840]
  Step 10440/15000  loss=0.033271  best_obj=0.000463  lr=0.00580  geo=1.00  patch_std=0.1155 [0.000,0.858]
  Step 10450/15000  loss=0.048769  best_obj=0.000463  lr=0.00579  geo=1.00  patch_std=0.1153 [0.000,0.867]
  Step 10460/15000  loss=0.044868  best_obj=0.000463  lr=0.00577  geo=1.00  patch_std=0.1152 [0.000,0.867]
  Step 10470/15000  loss=0.019892  best_obj=0.000463  lr=0.00576  geo=1.00  patch_std=0.1146 [0.000,0.859]
  Step 10480/15000  loss=0.029596  best_obj=0.000463  lr=0.00574  geo=1.00  patch_std=0.1160 [0.000,0.907]
  Step 10490/15000  loss=0.050653  best_obj=0.000463  lr=0.00573  geo=1.00  patch_std=0.1163 [0.000,0.919]
  Step 10500/15000  loss=0.013395  best_obj=0.000463  lr=0.00571  geo=1.00  patch_std=0.1156 [0.000,0.884]
  Step 10510/15000  loss=0.033413  best_obj=0.000463  lr=0.00570  geo=1.00  patch_std=0.1146 [0.000,0.862]
  Step 10520/15000  loss=0.059922  best_obj=0.000463  lr=0.00568  geo=1.00  patch_std=0.1142 [0.000,0.851]
  Step 10530/15000  loss=0.058796  best_obj=0.000463  lr=0.00566  geo=1.00  patch_std=0.1149 [0.000,0.855]
  Step 10540/15000  loss=0.062205  best_obj=0.000463  lr=0.00565  geo=1.00  patch_std=0.1149 [0.000,0.851]
  Step 10550/15000  loss=0.013537  best_obj=0.000463  lr=0.00563  geo=1.00  patch_std=0.1152 [0.000,0.851]
  Step 10560/15000  loss=0.019647  best_obj=0.000463  lr=0.00562  geo=1.00  patch_std=0.1159 [0.000,0.859]
  Step 10570/15000  loss=0.031192  best_obj=0.000463  lr=0.00560  geo=1.00  patch_std=0.1164 [0.000,0.870]
  Step 10580/15000  loss=0.026774  best_obj=0.000463  lr=0.00559  geo=1.00  patch_std=0.1163 [0.000,0.859]
  Step 10590/15000  loss=0.028505  best_obj=0.000463  lr=0.00557  geo=1.00  patch_std=0.1167 [0.000,0.870]
  Step 10600/15000  loss=0.036501  best_obj=0.000463  lr=0.00556  geo=1.00  patch_std=0.1155 [0.000,0.875]
[CONF]  Step 10600  mean_conf=0.6137  (baseline=0.8759, Δ=-29.9%)  suppressed(<0.25)=17/87
  Step 10610/15000  loss=0.012941  best_obj=0.000463  lr=0.00554  geo=1.00  patch_std=0.1163 [0.000,0.875]
  Step 10620/15000  loss=0.025528  best_obj=0.000463  lr=0.00553  geo=1.00  patch_std=0.1161 [0.000,0.897]
  Step 10630/15000  loss=0.014894  best_obj=0.000463  lr=0.00551  geo=1.00  patch_std=0.1151 [0.000,0.864]
  Step 10640/15000  loss=0.054122  best_obj=0.000463  lr=0.00550  geo=1.00  patch_std=0.1140 [0.000,0.842]
  Step 10650/15000  loss=0.024745  best_obj=0.000463  lr=0.00548  geo=1.00  patch_std=0.1146 [0.000,0.827]
  Step 10660/15000  loss=0.037343  best_obj=0.000463  lr=0.00547  geo=1.00  patch_std=0.1144 [0.000,0.842]
  Step 10670/15000  loss=0.005741  best_obj=0.000463  lr=0.00545  geo=1.00  patch_std=0.1141 [0.000,0.833]
  Step 10680/15000  loss=0.018549  best_obj=0.000463  lr=0.00544  geo=1.00  patch_std=0.1139 [0.000,0.812]
  Step 10690/15000  loss=0.018234  best_obj=0.000463  lr=0.00542  geo=1.00  patch_std=0.1137 [0.000,0.816]
  Step 10700/15000  loss=0.043020  best_obj=0.000463  lr=0.00541  geo=1.00  patch_std=0.1138 [0.000,0.814]
  Step 10710/15000  loss=0.049449  best_obj=0.000463  lr=0.00540  geo=1.00  patch_std=0.1132 [0.000,0.820]
  Step 10720/15000  loss=0.036069  best_obj=0.000463  lr=0.00538  geo=1.00  patch_std=0.1137 [0.000,0.831]
  Step 10730/15000  loss=0.036661  best_obj=0.000463  lr=0.00537  geo=1.00  patch_std=0.1138 [0.000,0.820]
  Step 10740/15000  loss=0.005573  best_obj=0.000463  lr=0.00535  geo=1.00  patch_std=0.1135 [0.000,0.820]
  Step 10750/15000  loss=0.035105  best_obj=0.000252  lr=0.00534  geo=1.00  patch_std=0.1137 [0.000,0.816]
  Step 10760/15000  loss=0.011858  best_obj=0.000252  lr=0.00532  geo=1.00  patch_std=0.1129 [0.000,0.800]
  Step 10770/15000  loss=0.006361  best_obj=0.000252  lr=0.00531  geo=1.00  patch_std=0.1131 [0.000,0.795]
  Step 10780/15000  loss=0.043947  best_obj=0.000252  lr=0.00529  geo=1.00  patch_std=0.1127 [0.000,0.805]
  Step 10790/15000  loss=0.041517  best_obj=0.000252  lr=0.00528  geo=1.00  patch_std=0.1121 [0.000,0.800]
  Step 10800/15000  loss=0.016088  best_obj=0.000252  lr=0.00526  geo=1.00  patch_std=0.1128 [0.000,0.819]
[CONF]  Step 10800  mean_conf=0.5640  (baseline=0.8759, Δ=-35.6%)  suppressed(<0.25)=22/87
  Step 10810/15000  loss=0.035792  best_obj=0.000252  lr=0.00525  geo=1.00  patch_std=0.1122 [0.000,0.795]
  Step 10820/15000  loss=0.023070  best_obj=0.000252  lr=0.00523  geo=1.00  patch_std=0.1126 [0.000,0.800]
  Step 10830/15000  loss=0.048361  best_obj=0.000252  lr=0.00522  geo=1.00  patch_std=0.1121 [0.000,0.809]
  Step 10840/15000  loss=0.017170  best_obj=0.000252  lr=0.00521  geo=1.00  patch_std=0.1130 [0.000,0.833]
  Step 10850/15000  loss=0.029240  best_obj=0.000252  lr=0.00519  geo=1.00  patch_std=0.1133 [0.000,0.826]
  Step 10860/15000  loss=0.016452  best_obj=0.000252  lr=0.00518  geo=1.00  patch_std=0.1128 [0.000,0.823]
  Step 10870/15000  loss=0.101063  best_obj=0.000252  lr=0.00516  geo=1.00  patch_std=0.1126 [0.000,0.831]
  Step 10880/15000  loss=0.034614  best_obj=0.000252  lr=0.00515  geo=1.00  patch_std=0.1124 [0.000,0.839]
  Step 10890/15000  loss=0.027623  best_obj=0.000252  lr=0.00513  geo=1.00  patch_std=0.1123 [0.000,0.831]
  Step 10900/15000  loss=0.023266  best_obj=0.000252  lr=0.00512  geo=1.00  patch_std=0.1130 [0.000,0.841]
  Step 10910/15000  loss=0.064873  best_obj=0.000252  lr=0.00511  geo=1.00  patch_std=0.1130 [0.000,0.823]
  Step 10920/15000  loss=0.039870  best_obj=0.000252  lr=0.00509  geo=1.00  patch_std=0.1136 [0.000,0.841]
  Step 10930/15000  loss=0.065833  best_obj=0.000252  lr=0.00508  geo=1.00  patch_std=0.1133 [0.000,0.841]
  Step 10940/15000  loss=0.009750  best_obj=0.000252  lr=0.00506  geo=1.00  patch_std=0.1130 [0.000,0.862]
  Step 10950/15000  loss=0.036523  best_obj=0.000252  lr=0.00505  geo=1.00  patch_std=0.1136 [0.000,0.852]
  Step 10960/15000  loss=0.015328  best_obj=0.000252  lr=0.00503  geo=1.00  patch_std=0.1125 [0.000,0.841]
  Step 10970/15000  loss=0.032698  best_obj=0.000252  lr=0.00502  geo=1.00  patch_std=0.1128 [0.000,0.852]
  Step 10980/15000  loss=0.008362  best_obj=0.000252  lr=0.00501  geo=1.00  patch_std=0.1124 [0.000,0.841]
  Step 10990/15000  loss=0.022875  best_obj=0.000252  lr=0.00499  geo=1.00  patch_std=0.1125 [0.000,0.827]
  Step 11000/15000  loss=0.016054  best_obj=0.000252  lr=0.00498  geo=1.00  patch_std=0.1120 [0.000,0.821]
[CONF]  Step 11000  mean_conf=0.5655  (baseline=0.8759, Δ=-35.4%)  suppressed(<0.25)=19/87
  Step 11010/15000  loss=0.081067  best_obj=0.000252  lr=0.00496  geo=1.00  patch_std=0.1130 [0.000,0.857]
  Step 11020/15000  loss=0.032731  best_obj=0.000252  lr=0.00495  geo=1.00  patch_std=0.1132 [0.000,0.857]
  Step 11030/15000  loss=0.040980  best_obj=0.000252  lr=0.00494  geo=1.00  patch_std=0.1139 [0.000,0.861]
  Step 11040/15000  loss=0.045689  best_obj=0.000252  lr=0.00492  geo=1.00  patch_std=0.1132 [0.000,0.841]
  Step 11050/15000  loss=0.026540  best_obj=0.000252  lr=0.00491  geo=1.00  patch_std=0.1136 [0.000,0.834]
  Step 11060/15000  loss=0.027797  best_obj=0.000252  lr=0.00489  geo=1.00  patch_std=0.1135 [0.000,0.844]
  Step 11070/15000  loss=0.016952  best_obj=0.000252  lr=0.00488  geo=1.00  patch_std=0.1132 [0.000,0.839]
  Step 11080/15000  loss=0.045366  best_obj=0.000252  lr=0.00487  geo=1.00  patch_std=0.1124 [0.000,0.823]
  Step 11090/15000  loss=0.035847  best_obj=0.000252  lr=0.00485  geo=1.00  patch_std=0.1126 [0.000,0.829]
  Step 11100/15000  loss=0.057885  best_obj=0.000252  lr=0.00484  geo=1.00  patch_std=0.1128 [0.000,0.838]
  Step 11110/15000  loss=0.019326  best_obj=0.000252  lr=0.00483  geo=1.00  patch_std=0.1127 [0.000,0.842]
  Step 11120/15000  loss=0.055926  best_obj=0.000252  lr=0.00481  geo=1.00  patch_std=0.1122 [0.000,0.833]
  Step 11130/15000  loss=0.044427  best_obj=0.000252  lr=0.00480  geo=1.00  patch_std=0.1117 [0.000,0.817]
  Step 11140/15000  loss=0.067981  best_obj=0.000252  lr=0.00478  geo=1.00  patch_std=0.1131 [0.000,0.836]
  Step 11150/15000  loss=0.040063  best_obj=0.000252  lr=0.00477  geo=1.00  patch_std=0.1129 [0.000,0.852]
  Step 11160/15000  loss=0.056648  best_obj=0.000252  lr=0.00476  geo=1.00  patch_std=0.1130 [0.000,0.862]
  Step 11170/15000  loss=0.027248  best_obj=0.000252  lr=0.00474  geo=1.00  patch_std=0.1132 [0.000,0.868]
  Step 11180/15000  loss=0.080588  best_obj=0.000252  lr=0.00473  geo=1.00  patch_std=0.1145 [0.000,0.871]
  Step 11190/15000  loss=0.015409  best_obj=0.000252  lr=0.00472  geo=1.00  patch_std=0.1136 [0.000,0.843]
  Step 11200/15000  loss=0.041466  best_obj=0.000252  lr=0.00470  geo=1.00  patch_std=0.1131 [0.000,0.835]
[CONF]  Step 11200  mean_conf=0.5744  (baseline=0.8759, Δ=-34.4%)  suppressed(<0.25)=16/87
  Step 11210/15000  loss=0.018825  best_obj=0.000252  lr=0.00469  geo=1.00  patch_std=0.1132 [0.000,0.836]
  Step 11220/15000  loss=0.019480  best_obj=0.000252  lr=0.00468  geo=1.00  patch_std=0.1128 [0.000,0.840]
  Step 11230/15000  loss=0.026948  best_obj=0.000252  lr=0.00466  geo=1.00  patch_std=0.1129 [0.000,0.833]
  Step 11240/15000  loss=0.033776  best_obj=0.000252  lr=0.00465  geo=1.00  patch_std=0.1129 [0.000,0.833]
  Step 11250/15000  loss=0.048028  best_obj=0.000252  lr=0.00464  geo=1.00  patch_std=0.1140 [0.000,0.834]
  Step 11260/15000  loss=0.028814  best_obj=0.000252  lr=0.00462  geo=1.00  patch_std=0.1140 [0.000,0.831]
  Step 11270/15000  loss=0.023871  best_obj=0.000252  lr=0.00461  geo=1.00  patch_std=0.1139 [0.000,0.848]
  Step 11280/15000  loss=0.021462  best_obj=0.000252  lr=0.00460  geo=1.00  patch_std=0.1142 [0.000,0.858]
  Step 11290/15000  loss=0.032965  best_obj=0.000252  lr=0.00458  geo=1.00  patch_std=0.1139 [0.000,0.865]
  Step 11300/15000  loss=0.014193  best_obj=0.000252  lr=0.00457  geo=1.00  patch_std=0.1137 [0.000,0.831]
  Step 11310/15000  loss=0.019472  best_obj=0.000252  lr=0.00456  geo=1.00  patch_std=0.1136 [0.000,0.841]
  Step 11320/15000  loss=0.046248  best_obj=0.000252  lr=0.00454  geo=1.00  patch_std=0.1141 [0.000,0.857]
  Step 11330/15000  loss=0.045129  best_obj=0.000252  lr=0.00453  geo=1.00  patch_std=0.1146 [0.000,0.848]
  Step 11340/15000  loss=0.014091  best_obj=0.000252  lr=0.00452  geo=1.00  patch_std=0.1140 [0.000,0.843]
  Step 11350/15000  loss=0.050903  best_obj=0.000252  lr=0.00450  geo=1.00  patch_std=0.1148 [0.000,0.841]
  Step 11360/15000  loss=0.030631  best_obj=0.000252  lr=0.00449  geo=1.00  patch_std=0.1158 [0.000,0.867]
  Step 11370/15000  loss=0.048995  best_obj=0.000252  lr=0.00448  geo=1.00  patch_std=0.1164 [0.000,0.873]
  Step 11380/15000  loss=0.083495  best_obj=0.000252  lr=0.00447  geo=1.00  patch_std=0.1159 [0.000,0.878]
  Step 11390/15000  loss=0.025594  best_obj=0.000252  lr=0.00445  geo=1.00  patch_std=0.1156 [0.000,0.869]
  Step 11400/15000  loss=0.069366  best_obj=0.000252  lr=0.00444  geo=1.00  patch_std=0.1156 [0.000,0.867]
[CONF]  Step 11400  mean_conf=0.5914  (baseline=0.8759, Δ=-32.5%)  suppressed(<0.25)=18/87
  Step 11410/15000  loss=0.050170  best_obj=0.000252  lr=0.00443  geo=1.00  patch_std=0.1155 [0.000,0.859]
  Step 11420/15000  loss=0.048883  best_obj=0.000252  lr=0.00441  geo=1.00  patch_std=0.1139 [0.000,0.853]
  Step 11430/15000  loss=0.019033  best_obj=0.000252  lr=0.00440  geo=1.00  patch_std=0.1134 [0.000,0.850]
  Step 11440/15000  loss=0.016726  best_obj=0.000252  lr=0.00439  geo=1.00  patch_std=0.1131 [0.000,0.859]
  Step 11450/15000  loss=0.017916  best_obj=0.000252  lr=0.00438  geo=1.00  patch_std=0.1137 [0.000,0.836]
  Step 11460/15000  loss=0.036236  best_obj=0.000252  lr=0.00436  geo=1.00  patch_std=0.1138 [0.000,0.858]
  Step 11470/15000  loss=0.027876  best_obj=0.000252  lr=0.00435  geo=1.00  patch_std=0.1138 [0.000,0.850]
  Step 11480/15000  loss=0.042211  best_obj=0.000252  lr=0.00434  geo=1.00  patch_std=0.1149 [0.000,0.866]
  Step 11490/15000  loss=0.043009  best_obj=0.000252  lr=0.00432  geo=1.00  patch_std=0.1152 [0.000,0.866]
  Step 11500/15000  loss=0.050438  best_obj=0.000252  lr=0.00431  geo=1.00  patch_std=0.1151 [0.000,0.865]
  Step 11510/15000  loss=0.061768  best_obj=0.000252  lr=0.00430  geo=1.00  patch_std=0.1154 [0.000,0.871]
  Step 11520/15000  loss=0.040965  best_obj=0.000252  lr=0.00429  geo=1.00  patch_std=0.1152 [0.000,0.856]
  Step 11530/15000  loss=0.026129  best_obj=0.000252  lr=0.00427  geo=1.00  patch_std=0.1153 [0.000,0.864]
  Step 11540/15000  loss=0.030490  best_obj=0.000252  lr=0.00426  geo=1.00  patch_std=0.1148 [0.000,0.847]
  Step 11550/15000  loss=0.027313  best_obj=0.000252  lr=0.00425  geo=1.00  patch_std=0.1142 [0.000,0.839]
  Step 11560/15000  loss=0.013658  best_obj=0.000252  lr=0.00424  geo=1.00  patch_std=0.1146 [0.000,0.845]
  Step 11570/15000  loss=0.040205  best_obj=0.000252  lr=0.00422  geo=1.00  patch_std=0.1153 [0.000,0.837]
  Step 11580/15000  loss=0.030418  best_obj=0.000252  lr=0.00421  geo=1.00  patch_std=0.1143 [0.000,0.830]
  Step 11590/15000  loss=0.010329  best_obj=0.000252  lr=0.00420  geo=1.00  patch_std=0.1138 [0.000,0.830]
  Step 11600/15000  loss=0.050974  best_obj=0.000252  lr=0.00419  geo=1.00  patch_std=0.1141 [0.000,0.833]
[CONF]  Step 11600  mean_conf=0.6137  (baseline=0.8759, Δ=-29.9%)  suppressed(<0.25)=13/87
  Step 11610/15000  loss=0.043170  best_obj=0.000252  lr=0.00418  geo=1.00  patch_std=0.1138 [0.000,0.826]
  Step 11620/15000  loss=0.022067  best_obj=0.000252  lr=0.00416  geo=1.00  patch_std=0.1142 [0.000,0.833]
  Step 11630/15000  loss=0.013338  best_obj=0.000252  lr=0.00415  geo=1.00  patch_std=0.1140 [0.000,0.832]
  Step 11640/15000  loss=0.037442  best_obj=0.000252  lr=0.00414  geo=1.00  patch_std=0.1137 [0.000,0.828]
  Step 11650/15000  loss=0.035873  best_obj=0.000252  lr=0.00413  geo=1.00  patch_std=0.1135 [0.000,0.827]
  Step 11660/15000  loss=0.063834  best_obj=0.000252  lr=0.00411  geo=1.00  patch_std=0.1133 [0.000,0.828]
  Step 11670/15000  loss=0.029409  best_obj=0.000252  lr=0.00410  geo=1.00  patch_std=0.1137 [0.000,0.823]
  Step 11680/15000  loss=0.028357  best_obj=0.000252  lr=0.00409  geo=1.00  patch_std=0.1140 [0.000,0.829]
  Step 11690/15000  loss=0.037631  best_obj=0.000252  lr=0.00408  geo=1.00  patch_std=0.1134 [0.000,0.827]
  Step 11700/15000  loss=0.021834  best_obj=0.000252  lr=0.00407  geo=1.00  patch_std=0.1127 [0.000,0.806]
  Step 11710/15000  loss=0.014376  best_obj=0.000252  lr=0.00405  geo=1.00  patch_std=0.1127 [0.000,0.806]
  Step 11720/15000  loss=0.015555  best_obj=0.000252  lr=0.00404  geo=1.00  patch_std=0.1131 [0.000,0.814]
  Step 11730/15000  loss=0.056342  best_obj=0.000252  lr=0.00403  geo=1.00  patch_std=0.1135 [0.000,0.821]
  Step 11740/15000  loss=0.014707  best_obj=0.000252  lr=0.00402  geo=1.00  patch_std=0.1138 [0.000,0.813]
  Step 11750/15000  loss=0.049108  best_obj=0.000252  lr=0.00401  geo=1.00  patch_std=0.1136 [0.000,0.813]
  Step 11760/15000  loss=0.009196  best_obj=0.000252  lr=0.00399  geo=1.00  patch_std=0.1139 [0.000,0.822]
  Step 11770/15000  loss=0.049095  best_obj=0.000252  lr=0.00398  geo=1.00  patch_std=0.1136 [0.000,0.827]
  Step 11780/15000  loss=0.024122  best_obj=0.000252  lr=0.00397  geo=1.00  patch_std=0.1144 [0.000,0.843]
  Step 11790/15000  loss=0.101813  best_obj=0.000252  lr=0.00396  geo=1.00  patch_std=0.1144 [0.000,0.836]
  Step 11800/15000  loss=0.018654  best_obj=0.000252  lr=0.00395  geo=1.00  patch_std=0.1137 [0.000,0.829]
[CONF]  Step 11800  mean_conf=0.5838  (baseline=0.8759, Δ=-33.3%)  suppressed(<0.25)=18/87
  Step 11810/15000  loss=0.030033  best_obj=0.000252  lr=0.00394  geo=1.00  patch_std=0.1144 [0.000,0.843]
  Step 11820/15000  loss=0.013075  best_obj=0.000252  lr=0.00392  geo=1.00  patch_std=0.1142 [0.000,0.843]
  Step 11830/15000  loss=0.021149  best_obj=0.000252  lr=0.00391  geo=1.00  patch_std=0.1141 [0.000,0.842]
  Step 11840/15000  loss=0.028009  best_obj=0.000252  lr=0.00390  geo=1.00  patch_std=0.1137 [0.000,0.840]
  Step 11850/15000  loss=0.068176  best_obj=0.000252  lr=0.00389  geo=1.00  patch_std=0.1137 [0.000,0.847]
  Step 11860/15000  loss=0.039590  best_obj=0.000252  lr=0.00388  geo=1.00  patch_std=0.1139 [0.000,0.854]
  Step 11870/15000  loss=0.021910  best_obj=0.000252  lr=0.00387  geo=1.00  patch_std=0.1134 [0.000,0.837]
  Step 11880/15000  loss=0.026620  best_obj=0.000252  lr=0.00385  geo=1.00  patch_std=0.1138 [0.000,0.844]
  Step 11890/15000  loss=0.037305  best_obj=0.000252  lr=0.00384  geo=1.00  patch_std=0.1131 [0.000,0.834]
  Step 11900/15000  loss=0.027195  best_obj=0.000252  lr=0.00383  geo=1.00  patch_std=0.1129 [0.000,0.822]
  Step 11910/15000  loss=0.009183  best_obj=0.000252  lr=0.00382  geo=1.00  patch_std=0.1121 [0.000,0.805]
  Step 11920/15000  loss=0.033079  best_obj=0.000252  lr=0.00381  geo=1.00  patch_std=0.1118 [0.000,0.804]
  Step 11930/15000  loss=0.051673  best_obj=0.000252  lr=0.00380  geo=1.00  patch_std=0.1122 [0.000,0.809]
  Step 11940/15000  loss=0.024241  best_obj=0.000252  lr=0.00379  geo=1.00  patch_std=0.1129 [0.000,0.816]
  Step 11950/15000  loss=0.013387  best_obj=0.000252  lr=0.00377  geo=1.00  patch_std=0.1124 [0.000,0.819]
  Step 11960/15000  loss=0.026963  best_obj=0.000252  lr=0.00376  geo=1.00  patch_std=0.1110 [0.000,0.811]
  Step 11970/15000  loss=0.011979  best_obj=0.000252  lr=0.00375  geo=1.00  patch_std=0.1118 [0.000,0.811]
  Step 11980/15000  loss=0.028303  best_obj=0.000252  lr=0.00374  geo=1.00  patch_std=0.1115 [0.000,0.806]
  Step 11990/15000  loss=0.037061  best_obj=0.000252  lr=0.00373  geo=1.00  patch_std=0.1116 [0.000,0.813]
  Step 12000/15000  loss=0.057723  best_obj=0.000252  lr=0.00372  geo=1.00  patch_std=0.1118 [0.000,0.826]
[CONF]  Step 12000  mean_conf=0.5664  (baseline=0.8759, Δ=-35.3%)  suppressed(<0.25)=16/87
  Step 12010/15000  loss=0.033213  best_obj=0.000252  lr=0.00371  geo=1.00  patch_std=0.1118 [0.000,0.829]
  Step 12020/15000  loss=0.017047  best_obj=0.000252  lr=0.00370  geo=1.00  patch_std=0.1122 [0.000,0.836]
  Step 12030/15000  loss=0.058888  best_obj=0.000252  lr=0.00369  geo=1.00  patch_std=0.1117 [0.000,0.836]
  Step 12040/15000  loss=0.046031  best_obj=0.000252  lr=0.00368  geo=1.00  patch_std=0.1119 [0.000,0.835]
  Step 12050/15000  loss=0.022956  best_obj=0.000252  lr=0.00366  geo=1.00  patch_std=0.1119 [0.000,0.842]
  Step 12060/15000  loss=0.056607  best_obj=0.000252  lr=0.00365  geo=1.00  patch_std=0.1121 [0.000,0.850]
  Step 12070/15000  loss=0.028958  best_obj=0.000252  lr=0.00364  geo=1.00  patch_std=0.1128 [0.000,0.850]
  Step 12080/15000  loss=0.043189  best_obj=0.000252  lr=0.00363  geo=1.00  patch_std=0.1130 [0.000,0.850]
  Step 12090/15000  loss=0.027425  best_obj=0.000252  lr=0.00362  geo=1.00  patch_std=0.1132 [0.000,0.850]
  Step 12100/15000  loss=0.009312  best_obj=0.000252  lr=0.00361  geo=1.00  patch_std=0.1128 [0.000,0.842]
  Step 12110/15000  loss=0.048506  best_obj=0.000252  lr=0.00360  geo=1.00  patch_std=0.1127 [0.000,0.845]
  Step 12120/15000  loss=0.015538  best_obj=0.000252  lr=0.00359  geo=1.00  patch_std=0.1129 [0.000,0.849]
  Step 12130/15000  loss=0.062274  best_obj=0.000252  lr=0.00358  geo=1.00  patch_std=0.1130 [0.000,0.860]
  Step 12140/15000  loss=0.048019  best_obj=0.000252  lr=0.00357  geo=1.00  patch_std=0.1125 [0.000,0.860]
  Step 12150/15000  loss=0.023977  best_obj=0.000252  lr=0.00356  geo=1.00  patch_std=0.1122 [0.000,0.839]
  Step 12160/15000  loss=0.023086  best_obj=0.000252  lr=0.00355  geo=1.00  patch_std=0.1121 [0.000,0.855]
  Step 12170/15000  loss=0.022358  best_obj=0.000252  lr=0.00354  geo=1.00  patch_std=0.1119 [0.000,0.855]
  Step 12180/15000  loss=0.017716  best_obj=0.000252  lr=0.00352  geo=1.00  patch_std=0.1120 [0.000,0.869]
  Step 12190/15000  loss=0.025341  best_obj=0.000252  lr=0.00351  geo=1.00  patch_std=0.1120 [0.000,0.869]
  Step 12200/15000  loss=0.010454  best_obj=0.000252  lr=0.00350  geo=1.00  patch_std=0.1117 [0.000,0.848]
[CONF]  Step 12200  mean_conf=0.5556  (baseline=0.8759, Δ=-36.6%)  suppressed(<0.25)=16/87
  Step 12210/15000  loss=0.005967  best_obj=0.000252  lr=0.00349  geo=1.00  patch_std=0.1118 [0.000,0.848]
  Step 12220/15000  loss=0.036952  best_obj=0.000252  lr=0.00348  geo=1.00  patch_std=0.1119 [0.000,0.841]
  Step 12230/15000  loss=0.014103  best_obj=0.000252  lr=0.00347  geo=1.00  patch_std=0.1119 [0.000,0.826]
  Step 12240/15000  loss=0.041217  best_obj=0.000252  lr=0.00346  geo=1.00  patch_std=0.1118 [0.000,0.827]
  Step 12250/15000  loss=0.028526  best_obj=0.000252  lr=0.00345  geo=1.00  patch_std=0.1111 [0.000,0.817]
  Step 12260/15000  loss=0.038790  best_obj=0.000252  lr=0.00344  geo=1.00  patch_std=0.1110 [0.000,0.817]
  Step 12270/15000  loss=0.030010  best_obj=0.000252  lr=0.00343  geo=1.00  patch_std=0.1115 [0.000,0.824]
  Step 12280/15000  loss=0.012493  best_obj=0.000252  lr=0.00342  geo=1.00  patch_std=0.1112 [0.000,0.831]
  Step 12290/15000  loss=0.016311  best_obj=0.000252  lr=0.00341  geo=1.00  patch_std=0.1114 [0.000,0.838]
  Step 12300/15000  loss=0.022861  best_obj=0.000252  lr=0.00340  geo=1.00  patch_std=0.1114 [0.000,0.838]
  Step 12310/15000  loss=0.053423  best_obj=0.000252  lr=0.00339  geo=1.00  patch_std=0.1118 [0.000,0.831]
  Step 12320/15000  loss=0.038033  best_obj=0.000252  lr=0.00338  geo=1.00  patch_std=0.1122 [0.000,0.834]
  Step 12330/15000  loss=0.050074  best_obj=0.000252  lr=0.00337  geo=1.00  patch_std=0.1119 [0.000,0.833]
  Step 12340/15000  loss=0.008059  best_obj=0.000252  lr=0.00336  geo=1.00  patch_std=0.1118 [0.000,0.824]
  Step 12350/15000  loss=0.023355  best_obj=0.000252  lr=0.00335  geo=1.00  patch_std=0.1123 [0.000,0.834]
  Step 12360/15000  loss=0.033515  best_obj=0.000252  lr=0.00334  geo=1.00  patch_std=0.1124 [0.000,0.840]
  Step 12370/15000  loss=0.030685  best_obj=0.000252  lr=0.00333  geo=1.00  patch_std=0.1124 [0.000,0.846]
  Step 12380/15000  loss=0.043776  best_obj=0.000252  lr=0.00332  geo=1.00  patch_std=0.1123 [0.000,0.846]
  Step 12390/15000  loss=0.018569  best_obj=0.000252  lr=0.00331  geo=1.00  patch_std=0.1123 [0.000,0.846]
  Step 12400/15000  loss=0.007223  best_obj=0.000252  lr=0.00330  geo=1.00  patch_std=0.1119 [0.000,0.840]
[CONF]  Step 12400  mean_conf=0.5580  (baseline=0.8759, Δ=-36.3%)  suppressed(<0.25)=19/87
  Step 12410/15000  loss=0.014699  best_obj=0.000252  lr=0.00329  geo=1.00  patch_std=0.1123 [0.000,0.846]
  Step 12420/15000  loss=0.011871  best_obj=0.000252  lr=0.00328  geo=1.00  patch_std=0.1122 [0.000,0.833]
  Step 12430/15000  loss=0.046891  best_obj=0.000252  lr=0.00327  geo=1.00  patch_std=0.1126 [0.000,0.836]
  Step 12440/15000  loss=0.025374  best_obj=0.000252  lr=0.00326  geo=1.00  patch_std=0.1131 [0.000,0.836]
  Step 12450/15000  loss=0.043177  best_obj=0.000252  lr=0.00325  geo=1.00  patch_std=0.1125 [0.000,0.826]
  Step 12460/15000  loss=0.029103  best_obj=0.000252  lr=0.00324  geo=1.00  patch_std=0.1127 [0.000,0.833]
  Step 12470/15000  loss=0.049424  best_obj=0.000252  lr=0.00323  geo=1.00  patch_std=0.1129 [0.000,0.830]
  Step 12480/15000  loss=0.053402  best_obj=0.000252  lr=0.00322  geo=1.00  patch_std=0.1131 [0.000,0.840]
  Step 12490/15000  loss=0.040248  best_obj=0.000252  lr=0.00322  geo=1.00  patch_std=0.1132 [0.000,0.833]
  Step 12500/15000  loss=0.048075  best_obj=0.000252  lr=0.00321  geo=1.00  patch_std=0.1133 [0.000,0.833]
  Step 12510/15000  loss=0.097376  best_obj=0.000252  lr=0.00320  geo=1.00  patch_std=0.1128 [0.000,0.826]
  Step 12520/15000  loss=0.014284  best_obj=0.000252  lr=0.00319  geo=1.00  patch_std=0.1125 [0.000,0.818]
  Step 12530/15000  loss=0.060809  best_obj=0.000252  lr=0.00318  geo=1.00  patch_std=0.1124 [0.000,0.823]
  Step 12540/15000  loss=0.029007  best_obj=0.000252  lr=0.00317  geo=1.00  patch_std=0.1123 [0.000,0.823]
  Step 12550/15000  loss=0.054233  best_obj=0.000252  lr=0.00316  geo=1.00  patch_std=0.1121 [0.000,0.817]
  Step 12560/15000  loss=0.052777  best_obj=0.000252  lr=0.00315  geo=1.00  patch_std=0.1121 [0.000,0.829]
  Step 12570/15000  loss=0.042920  best_obj=0.000252  lr=0.00314  geo=1.00  patch_std=0.1124 [0.000,0.842]
  Step 12580/15000  loss=0.015544  best_obj=0.000252  lr=0.00313  geo=1.00  patch_std=0.1117 [0.000,0.848]
  Step 12590/15000  loss=0.041161  best_obj=0.000252  lr=0.00312  geo=1.00  patch_std=0.1123 [0.000,0.842]
  Step 12600/15000  loss=0.044312  best_obj=0.000252  lr=0.00311  geo=1.00  patch_std=0.1121 [0.000,0.851]
[CONF]  Step 12600  mean_conf=0.5541  (baseline=0.8759, Δ=-36.7%)  suppressed(<0.25)=22/87
  Step 12610/15000  loss=0.065940  best_obj=0.000252  lr=0.00310  geo=1.00  patch_std=0.1120 [0.000,0.851]
  Step 12620/15000  loss=0.035460  best_obj=0.000252  lr=0.00310  geo=1.00  patch_std=0.1119 [0.000,0.851]
  Step 12630/15000  loss=0.037179  best_obj=0.000252  lr=0.00309  geo=1.00  patch_std=0.1119 [0.000,0.848]
  Step 12640/15000  loss=0.019332  best_obj=0.000252  lr=0.00308  geo=1.00  patch_std=0.1120 [0.000,0.851]
  Step 12650/15000  loss=0.071432  best_obj=0.000252  lr=0.00307  geo=1.00  patch_std=0.1122 [0.000,0.858]
  Step 12660/15000  loss=0.033854  best_obj=0.000252  lr=0.00306  geo=1.00  patch_std=0.1124 [0.000,0.860]
  Step 12670/15000  loss=0.008788  best_obj=0.000252  lr=0.00305  geo=1.00  patch_std=0.1124 [0.000,0.860]
  Step 12680/15000  loss=0.075245  best_obj=0.000252  lr=0.00304  geo=1.00  patch_std=0.1127 [0.000,0.854]
  Step 12690/15000  loss=0.019879  best_obj=0.000252  lr=0.00303  geo=1.00  patch_std=0.1124 [0.000,0.848]
  Step 12700/15000  loss=0.042574  best_obj=0.000252  lr=0.00302  geo=1.00  patch_std=0.1125 [0.000,0.854]
  Step 12710/15000  loss=0.056671  best_obj=0.000252  lr=0.00302  geo=1.00  patch_std=0.1128 [0.000,0.854]
  Step 12720/15000  loss=0.036529  best_obj=0.000252  lr=0.00301  geo=1.00  patch_std=0.1130 [0.000,0.854]
  Step 12730/15000  loss=0.059995  best_obj=0.000252  lr=0.00300  geo=1.00  patch_std=0.1133 [0.000,0.848]
  Step 12740/15000  loss=0.027021  best_obj=0.000252  lr=0.00299  geo=1.00  patch_std=0.1124 [0.000,0.833]
  Step 12750/15000  loss=0.039654  best_obj=0.000252  lr=0.00298  geo=1.00  patch_std=0.1124 [0.000,0.830]
  Step 12760/15000  loss=0.021224  best_obj=0.000252  lr=0.00297  geo=1.00  patch_std=0.1120 [0.000,0.821]
  Step 12770/15000  loss=0.025192  best_obj=0.000252  lr=0.00296  geo=1.00  patch_std=0.1119 [0.000,0.815]
  Step 12780/15000  loss=0.025202  best_obj=0.000252  lr=0.00296  geo=1.00  patch_std=0.1117 [0.000,0.811]
  Step 12790/15000  loss=0.029993  best_obj=0.000252  lr=0.00295  geo=1.00  patch_std=0.1116 [0.000,0.811]
  Step 12800/15000  loss=0.055915  best_obj=0.000252  lr=0.00294  geo=1.00  patch_std=0.1109 [0.000,0.800]
[CONF]  Step 12800  mean_conf=0.5657  (baseline=0.8759, Δ=-35.4%)  suppressed(<0.25)=18/87
  Step 12810/15000  loss=0.042630  best_obj=0.000252  lr=0.00293  geo=1.00  patch_std=0.1110 [0.000,0.802]
  Step 12820/15000  loss=0.020985  best_obj=0.000252  lr=0.00292  geo=1.00  patch_std=0.1107 [0.000,0.800]
  Step 12830/15000  loss=0.047214  best_obj=0.000252  lr=0.00291  geo=1.00  patch_std=0.1106 [0.000,0.801]
  Step 12840/15000  loss=0.011548  best_obj=0.000252  lr=0.00291  geo=1.00  patch_std=0.1100 [0.000,0.800]
  Step 12850/15000  loss=0.044153  best_obj=0.000252  lr=0.00290  geo=1.00  patch_std=0.1098 [0.000,0.800]
  Step 12860/15000  loss=0.005430  best_obj=0.000252  lr=0.00289  geo=1.00  patch_std=0.1101 [0.000,0.812]
  Step 12870/15000  loss=0.058235  best_obj=0.000252  lr=0.00288  geo=1.00  patch_std=0.1103 [0.000,0.818]
  Step 12880/15000  loss=0.015449  best_obj=0.000252  lr=0.00287  geo=1.00  patch_std=0.1103 [0.000,0.818]
  Step 12890/15000  loss=0.019526  best_obj=0.000252  lr=0.00286  geo=1.00  patch_std=0.1100 [0.000,0.813]
  Step 12900/15000  loss=0.035609  best_obj=0.000252  lr=0.00286  geo=1.00  patch_std=0.1091 [0.000,0.808]
  Step 12910/15000  loss=0.052688  best_obj=0.000252  lr=0.00285  geo=1.00  patch_std=0.1090 [0.000,0.818]
  Step 12920/15000  loss=0.033386  best_obj=0.000252  lr=0.00284  geo=1.00  patch_std=0.1091 [0.000,0.814]
  Step 12930/15000  loss=0.053894  best_obj=0.000252  lr=0.00283  geo=1.00  patch_std=0.1094 [0.000,0.824]
  Step 12940/15000  loss=0.037561  best_obj=0.000252  lr=0.00282  geo=1.00  patch_std=0.1095 [0.000,0.833]
  Step 12950/15000  loss=0.084171  best_obj=0.000252  lr=0.00282  geo=1.00  patch_std=0.1094 [0.000,0.839]
  Step 12960/15000  loss=0.064455  best_obj=0.000252  lr=0.00281  geo=1.00  patch_std=0.1095 [0.000,0.847]
  Step 12970/15000  loss=0.032199  best_obj=0.000252  lr=0.00280  geo=1.00  patch_std=0.1097 [0.000,0.861]
  Step 12980/15000  loss=0.049209  best_obj=0.000252  lr=0.00279  geo=1.00  patch_std=0.1092 [0.000,0.847]
  Step 12990/15000  loss=0.025618  best_obj=0.000252  lr=0.00279  geo=1.00  patch_std=0.1094 [0.000,0.864]
  Step 13000/15000  loss=0.052802  best_obj=0.000252  lr=0.00278  geo=1.00  patch_std=0.1097 [0.000,0.858]
[CONF]  Step 13000  mean_conf=0.5449  (baseline=0.8759, Δ=-37.8%)  suppressed(<0.25)=20/87
  Step 13010/15000  loss=0.048355  best_obj=0.000252  lr=0.00277  geo=1.00  patch_std=0.1097 [0.000,0.864]
  Step 13020/15000  loss=0.079283  best_obj=0.000252  lr=0.00276  geo=1.00  patch_std=0.1096 [0.000,0.864]
  Step 13030/15000  loss=0.050614  best_obj=0.000252  lr=0.00276  geo=1.00  patch_std=0.1097 [0.000,0.864]
  Step 13040/15000  loss=0.036902  best_obj=0.000252  lr=0.00275  geo=1.00  patch_std=0.1096 [0.000,0.856]
  Step 13050/15000  loss=0.029389  best_obj=0.000252  lr=0.00274  geo=1.00  patch_std=0.1093 [0.000,0.850]
  Step 13060/15000  loss=0.013233  best_obj=0.000252  lr=0.00273  geo=1.00  patch_std=0.1093 [0.000,0.842]
  Step 13070/15000  loss=0.011984  best_obj=0.000252  lr=0.00273  geo=1.00  patch_std=0.1094 [0.000,0.834]
  Step 13080/15000  loss=0.019559  best_obj=0.000252  lr=0.00272  geo=1.00  patch_std=0.1093 [0.000,0.825]
  Step 13090/15000  loss=0.053900  best_obj=0.000252  lr=0.00271  geo=1.00  patch_std=0.1091 [0.000,0.820]
  Step 13100/15000  loss=0.054020  best_obj=0.000252  lr=0.00270  geo=1.00  patch_std=0.1090 [0.000,0.821]
  Step 13110/15000  loss=0.008841  best_obj=0.000252  lr=0.00270  geo=1.00  patch_std=0.1090 [0.000,0.827]
  Step 13120/15000  loss=0.061457  best_obj=0.000252  lr=0.00269  geo=1.00  patch_std=0.1095 [0.000,0.821]
  Step 13130/15000  loss=0.029232  best_obj=0.000252  lr=0.00268  geo=1.00  patch_std=0.1101 [0.000,0.816]
  Step 13140/15000  loss=0.039909  best_obj=0.000252  lr=0.00267  geo=1.00  patch_std=0.1100 [0.000,0.822]
  Step 13150/15000  loss=0.030673  best_obj=0.000252  lr=0.00267  geo=1.00  patch_std=0.1101 [0.000,0.838]
  Step 13160/15000  loss=0.054734  best_obj=0.000252  lr=0.00266  geo=1.00  patch_std=0.1097 [0.000,0.831]
  Step 13170/15000  loss=0.039431  best_obj=0.000252  lr=0.00265  geo=1.00  patch_std=0.1099 [0.000,0.836]
  Step 13180/15000  loss=0.050664  best_obj=0.000252  lr=0.00265  geo=1.00  patch_std=0.1095 [0.000,0.832]
  Step 13190/15000  loss=0.019254  best_obj=0.000252  lr=0.00264  geo=1.00  patch_std=0.1091 [0.000,0.817]
  Step 13200/15000  loss=0.020608  best_obj=0.000252  lr=0.00263  geo=1.00  patch_std=0.1093 [0.000,0.824]
[CONF]  Step 13200  mean_conf=0.5635  (baseline=0.8759, Δ=-35.7%)  suppressed(<0.25)=18/87
  Step 13210/15000  loss=0.038151  best_obj=0.000252  lr=0.00263  geo=1.00  patch_std=0.1093 [0.000,0.817]
  Step 13220/15000  loss=0.083715  best_obj=0.000252  lr=0.00262  geo=1.00  patch_std=0.1093 [0.000,0.821]
  Step 13230/15000  loss=0.018750  best_obj=0.000252  lr=0.00261  geo=1.00  patch_std=0.1089 [0.000,0.816]
  Step 13240/15000  loss=0.008502  best_obj=0.000252  lr=0.00260  geo=1.00  patch_std=0.1084 [0.000,0.826]
  Step 13250/15000  loss=0.010002  best_obj=0.000252  lr=0.00260  geo=1.00  patch_std=0.1088 [0.000,0.827]
  Step 13260/15000  loss=0.050382  best_obj=0.000252  lr=0.00259  geo=1.00  patch_std=0.1091 [0.000,0.843]
  Step 13270/15000  loss=0.038629  best_obj=0.000252  lr=0.00258  geo=1.00  patch_std=0.1091 [0.000,0.832]
  Step 13280/15000  loss=0.032206  best_obj=0.000252  lr=0.00258  geo=1.00  patch_std=0.1093 [0.000,0.852]
  Step 13290/15000  loss=0.006176  best_obj=0.000252  lr=0.00257  geo=1.00  patch_std=0.1094 [0.000,0.852]
  Step 13300/15000  loss=0.054642  best_obj=0.000252  lr=0.00256  geo=1.00  patch_std=0.1094 [0.000,0.841]
  Step 13310/15000  loss=0.030255  best_obj=0.000252  lr=0.00256  geo=1.00  patch_std=0.1092 [0.000,0.832]
  Step 13320/15000  loss=0.069347  best_obj=0.000252  lr=0.00255  geo=1.00  patch_std=0.1094 [0.000,0.832]
  Step 13330/15000  loss=0.018146  best_obj=0.000252  lr=0.00254  geo=1.00  patch_std=0.1094 [0.000,0.831]
  Step 13340/15000  loss=0.042594  best_obj=0.000252  lr=0.00254  geo=1.00  patch_std=0.1091 [0.000,0.827]
  Step 13350/15000  loss=0.014242  best_obj=0.000252  lr=0.00253  geo=1.00  patch_std=0.1087 [0.000,0.822]
  Step 13360/15000  loss=0.045087  best_obj=0.000252  lr=0.00253  geo=1.00  patch_std=0.1084 [0.000,0.826]
  Step 13370/15000  loss=0.026261  best_obj=0.000252  lr=0.00252  geo=1.00  patch_std=0.1084 [0.000,0.817]
  Step 13380/15000  loss=0.066749  best_obj=0.000252  lr=0.00251  geo=1.00  patch_std=0.1086 [0.000,0.822]
  Step 13390/15000  loss=0.066026  best_obj=0.000252  lr=0.00251  geo=1.00  patch_std=0.1087 [0.000,0.821]
  Step 13400/15000  loss=0.035513  best_obj=0.000252  lr=0.00250  geo=1.00  patch_std=0.1085 [0.000,0.812]
[CONF]  Step 13400  mean_conf=0.5624  (baseline=0.8759, Δ=-35.8%)  suppressed(<0.25)=22/87
  Step 13410/15000  loss=0.032460  best_obj=0.000252  lr=0.00249  geo=1.00  patch_std=0.1086 [0.000,0.816]
  Step 13420/15000  loss=0.037118  best_obj=0.000252  lr=0.00249  geo=1.00  patch_std=0.1087 [0.000,0.811]
  Step 13430/15000  loss=0.030923  best_obj=0.000252  lr=0.00248  geo=1.00  patch_std=0.1087 [0.000,0.816]
  Step 13440/15000  loss=0.053301  best_obj=0.000252  lr=0.00248  geo=1.00  patch_std=0.1083 [0.000,0.817]
  Step 13450/15000  loss=0.053881  best_obj=0.000252  lr=0.00247  geo=1.00  patch_std=0.1085 [0.000,0.812]
  Step 13460/15000  loss=0.014952  best_obj=0.000252  lr=0.00246  geo=1.00  patch_std=0.1089 [0.000,0.817]
  Step 13470/15000  loss=0.045115  best_obj=0.000252  lr=0.00246  geo=1.00  patch_std=0.1085 [0.000,0.809]
  Step 13480/15000  loss=0.014498  best_obj=0.000252  lr=0.00245  geo=1.00  patch_std=0.1085 [0.000,0.811]
  Step 13490/15000  loss=0.021883  best_obj=0.000252  lr=0.00245  geo=1.00  patch_std=0.1084 [0.000,0.809]
  Step 13500/15000  loss=0.062287  best_obj=0.000252  lr=0.00244  geo=1.00  patch_std=0.1084 [0.000,0.810]
  Step 13510/15000  loss=0.021903  best_obj=0.000252  lr=0.00243  geo=1.00  patch_std=0.1084 [0.000,0.810]
  Step 13520/15000  loss=0.071315  best_obj=0.000252  lr=0.00243  geo=1.00  patch_std=0.1087 [0.000,0.810]
  Step 13530/15000  loss=0.031463  best_obj=0.000252  lr=0.00242  geo=1.00  patch_std=0.1089 [0.000,0.825]
  Step 13540/15000  loss=0.022688  best_obj=0.000252  lr=0.00242  geo=1.00  patch_std=0.1080 [0.000,0.820]
  Step 13550/15000  loss=0.025451  best_obj=0.000252  lr=0.00241  geo=1.00  patch_std=0.1081 [0.000,0.830]
  Step 13560/15000  loss=0.040609  best_obj=0.000252  lr=0.00241  geo=1.00  patch_std=0.1080 [0.000,0.825]
  Step 13570/15000  loss=0.034913  best_obj=0.000252  lr=0.00240  geo=1.00  patch_std=0.1081 [0.000,0.815]
  Step 13580/15000  loss=0.027078  best_obj=0.000252  lr=0.00240  geo=1.00  patch_std=0.1083 [0.000,0.815]
  Step 13590/15000  loss=0.005846  best_obj=0.000252  lr=0.00239  geo=1.00  patch_std=0.1081 [0.000,0.815]
  Step 13600/15000  loss=0.012404  best_obj=0.000252  lr=0.00238  geo=1.00  patch_std=0.1077 [0.000,0.810]
[CONF]  Step 13600  mean_conf=0.5615  (baseline=0.8759, Δ=-35.9%)  suppressed(<0.25)=20/87
  Step 13610/15000  loss=0.015743  best_obj=0.000252  lr=0.00238  geo=1.00  patch_std=0.1081 [0.000,0.808]
  Step 13620/15000  loss=0.008623  best_obj=0.000252  lr=0.00237  geo=1.00  patch_std=0.1082 [0.000,0.815]
  Step 13630/15000  loss=0.015651  best_obj=0.000252  lr=0.00237  geo=1.00  patch_std=0.1086 [0.000,0.820]
  Step 13640/15000  loss=0.011400  best_obj=0.000252  lr=0.00236  geo=1.00  patch_std=0.1088 [0.000,0.828]
  Step 13650/15000  loss=0.038667  best_obj=0.000252  lr=0.00236  geo=1.00  patch_std=0.1091 [0.000,0.828]
  Step 13660/15000  loss=0.040450  best_obj=0.000252  lr=0.00235  geo=1.00  patch_std=0.1090 [0.000,0.829]
  Step 13670/15000  loss=0.011239  best_obj=0.000252  lr=0.00235  geo=1.00  patch_std=0.1091 [0.000,0.824]
  Step 13680/15000  loss=0.051111  best_obj=0.000252  lr=0.00234  geo=1.00  patch_std=0.1091 [0.000,0.821]
  Step 13690/15000  loss=0.031746  best_obj=0.000252  lr=0.00234  geo=1.00  patch_std=0.1093 [0.000,0.821]
  Step 13700/15000  loss=0.042670  best_obj=0.000252  lr=0.00233  geo=1.00  patch_std=0.1095 [0.000,0.815]
  Step 13710/15000  loss=0.025459  best_obj=0.000252  lr=0.00233  geo=1.00  patch_std=0.1088 [0.000,0.811]
  Step 13720/15000  loss=0.058793  best_obj=0.000252  lr=0.00232  geo=1.00  patch_std=0.1086 [0.000,0.811]
  Step 13730/15000  loss=0.061993  best_obj=0.000252  lr=0.00232  geo=1.00  patch_std=0.1084 [0.000,0.811]
  Step 13740/15000  loss=0.022397  best_obj=0.000252  lr=0.00231  geo=1.00  patch_std=0.1088 [0.000,0.820]
  Step 13750/15000  loss=0.073112  best_obj=0.000252  lr=0.00231  geo=1.00  patch_std=0.1086 [0.000,0.815]
  Step 13760/15000  loss=0.027642  best_obj=0.000252  lr=0.00230  geo=1.00  patch_std=0.1089 [0.000,0.816]
  Step 13770/15000  loss=0.053045  best_obj=0.000252  lr=0.00230  geo=1.00  patch_std=0.1090 [0.000,0.816]
  Step 13780/15000  loss=0.066656  best_obj=0.000252  lr=0.00229  geo=1.00  patch_std=0.1090 [0.000,0.813]
  Step 13790/15000  loss=0.044866  best_obj=0.000252  lr=0.00229  geo=1.00  patch_std=0.1089 [0.000,0.815]
  Step 13800/15000  loss=0.021871  best_obj=0.000252  lr=0.00228  geo=1.00  patch_std=0.1090 [0.000,0.816]
[CONF]  Step 13800  mean_conf=0.5589  (baseline=0.8759, Δ=-36.2%)  suppressed(<0.25)=17/87
  Step 13810/15000  loss=0.016071  best_obj=0.000252  lr=0.00228  geo=1.00  patch_std=0.1091 [0.000,0.816]
  Step 13820/15000  loss=0.035718  best_obj=0.000252  lr=0.00227  geo=1.00  patch_std=0.1094 [0.000,0.816]
  Step 13830/15000  loss=0.057513  best_obj=0.000252  lr=0.00227  geo=1.00  patch_std=0.1089 [0.000,0.807]
  Step 13840/15000  loss=0.031774  best_obj=0.000252  lr=0.00226  geo=1.00  patch_std=0.1084 [0.000,0.801]
  Step 13850/15000  loss=0.007763  best_obj=0.000252  lr=0.00226  geo=1.00  patch_std=0.1080 [0.000,0.791]
  Step 13860/15000  loss=0.043349  best_obj=0.000252  lr=0.00226  geo=1.00  patch_std=0.1084 [0.000,0.799]
  Step 13870/15000  loss=0.010946  best_obj=0.000252  lr=0.00225  geo=1.00  patch_std=0.1087 [0.000,0.803]
  Step 13880/15000  loss=0.015783  best_obj=0.000252  lr=0.00225  geo=1.00  patch_std=0.1088 [0.000,0.795]
  Step 13890/15000  loss=0.008271  best_obj=0.000252  lr=0.00224  geo=1.00  patch_std=0.1086 [0.000,0.795]
  Step 13900/15000  loss=0.028412  best_obj=0.000252  lr=0.00224  geo=1.00  patch_std=0.1088 [0.000,0.794]
  Step 13910/15000  loss=0.070694  best_obj=0.000252  lr=0.00223  geo=1.00  patch_std=0.1088 [0.000,0.792]
  Step 13920/15000  loss=0.053893  best_obj=0.000252  lr=0.00223  geo=1.00  patch_std=0.1088 [0.000,0.802]
  Step 13930/15000  loss=0.036076  best_obj=0.000252  lr=0.00223  geo=1.00  patch_std=0.1087 [0.000,0.805]
  Step 13940/15000  loss=0.005629  best_obj=0.000252  lr=0.00222  geo=1.00  patch_std=0.1087 [0.000,0.799]
  Step 13950/15000  loss=0.061890  best_obj=0.000252  lr=0.00222  geo=1.00  patch_std=0.1087 [0.000,0.807]
  Step 13960/15000  loss=0.043627  best_obj=0.000252  lr=0.00221  geo=1.00  patch_std=0.1090 [0.000,0.811]
  Step 13970/15000  loss=0.031102  best_obj=0.000252  lr=0.00221  geo=1.00  patch_std=0.1093 [0.000,0.808]
  Step 13980/15000  loss=0.050919  best_obj=0.000252  lr=0.00220  geo=1.00  patch_std=0.1090 [0.000,0.806]
  Step 13990/15000  loss=0.040889  best_obj=0.000252  lr=0.00220  geo=1.00  patch_std=0.1091 [0.000,0.808]
  Step 14000/15000  loss=0.012050  best_obj=0.000252  lr=0.00220  geo=1.00  patch_std=0.1094 [0.000,0.821]
[CONF]  Step 14000  mean_conf=0.5485  (baseline=0.8759, Δ=-37.4%)  suppressed(<0.25)=20/87
  Step 14010/15000  loss=0.021309  best_obj=0.000252  lr=0.00219  geo=1.00  patch_std=0.1096 [0.000,0.835]
  Step 14020/15000  loss=0.003647  best_obj=0.000252  lr=0.00219  geo=1.00  patch_std=0.1093 [0.000,0.826]
  Step 14030/15000  loss=0.011938  best_obj=0.000252  lr=0.00219  geo=1.00  patch_std=0.1093 [0.000,0.821]
  Step 14040/15000  loss=0.022607  best_obj=0.000252  lr=0.00218  geo=1.00  patch_std=0.1095 [0.000,0.826]
  Step 14050/15000  loss=0.010052  best_obj=0.000252  lr=0.00218  geo=1.00  patch_std=0.1092 [0.000,0.821]
  Step 14060/15000  loss=0.038854  best_obj=0.000252  lr=0.00217  geo=1.00  patch_std=0.1092 [0.000,0.821]
  Step 14070/15000  loss=0.011581  best_obj=0.000252  lr=0.00217  geo=1.00  patch_std=0.1092 [0.000,0.814]
  Step 14080/15000  loss=0.025425  best_obj=0.000252  lr=0.00217  geo=1.00  patch_std=0.1089 [0.000,0.813]
  Step 14090/15000  loss=0.009097  best_obj=0.000252  lr=0.00216  geo=1.00  patch_std=0.1086 [0.000,0.813]
  Step 14100/15000  loss=0.056989  best_obj=0.000252  lr=0.00216  geo=1.00  patch_std=0.1086 [0.000,0.818]
  Step 14110/15000  loss=0.025080  best_obj=0.000252  lr=0.00216  geo=1.00  patch_std=0.1085 [0.000,0.826]
  Step 14120/15000  loss=0.038915  best_obj=0.000252  lr=0.00215  geo=1.00  patch_std=0.1082 [0.000,0.813]
  Step 14130/15000  loss=0.017848  best_obj=0.000252  lr=0.00215  geo=1.00  patch_std=0.1084 [0.000,0.817]
  Step 14140/15000  loss=0.019852  best_obj=0.000252  lr=0.00215  geo=1.00  patch_std=0.1085 [0.000,0.826]
  Step 14150/15000  loss=0.013936  best_obj=0.000252  lr=0.00214  geo=1.00  patch_std=0.1084 [0.000,0.821]
  Step 14160/15000  loss=0.038176  best_obj=0.000252  lr=0.00214  geo=1.00  patch_std=0.1084 [0.000,0.817]
  Step 14170/15000  loss=0.040310  best_obj=0.000252  lr=0.00214  geo=1.00  patch_std=0.1083 [0.000,0.817]
  Step 14180/15000  loss=0.015272  best_obj=0.000252  lr=0.00213  geo=1.00  patch_std=0.1083 [0.000,0.817]
  Step 14190/15000  loss=0.059449  best_obj=0.000252  lr=0.00213  geo=1.00  patch_std=0.1084 [0.000,0.809]
  Step 14200/15000  loss=0.024284  best_obj=0.000252  lr=0.00213  geo=1.00  patch_std=0.1082 [0.000,0.809]
[CONF]  Step 14200  mean_conf=0.5806  (baseline=0.8759, Δ=-33.7%)  suppressed(<0.25)=18/87
  Step 14210/15000  loss=0.028635  best_obj=0.000252  lr=0.00212  geo=1.00  patch_std=0.1081 [0.000,0.804]
  Step 14220/15000  loss=0.030085  best_obj=0.000252  lr=0.00212  geo=1.00  patch_std=0.1077 [0.000,0.800]
  Step 14230/15000  loss=0.018609  best_obj=0.000252  lr=0.00212  geo=1.00  patch_std=0.1078 [0.000,0.804]
  Step 14240/15000  loss=0.038013  best_obj=0.000252  lr=0.00211  geo=1.00  patch_std=0.1079 [0.000,0.804]
  Step 14250/15000  loss=0.031616  best_obj=0.000252  lr=0.00211  geo=1.00  patch_std=0.1078 [0.000,0.809]
  Step 14260/15000  loss=0.035595  best_obj=0.000252  lr=0.00211  geo=1.00  patch_std=0.1080 [0.000,0.800]
  Step 14270/15000  loss=0.021572  best_obj=0.000252  lr=0.00210  geo=1.00  patch_std=0.1083 [0.000,0.809]
  Step 14280/15000  loss=0.010776  best_obj=0.000252  lr=0.00210  geo=1.00  patch_std=0.1076 [0.000,0.804]
  Step 14290/15000  loss=0.038603  best_obj=0.000252  lr=0.00210  geo=1.00  patch_std=0.1074 [0.000,0.809]
  Step 14300/15000  loss=0.040086  best_obj=0.000252  lr=0.00210  geo=1.00  patch_std=0.1074 [0.000,0.805]
  Step 14310/15000  loss=0.021850  best_obj=0.000252  lr=0.00209  geo=1.00  patch_std=0.1072 [0.000,0.804]
  Step 14320/15000  loss=0.017302  best_obj=0.000252  lr=0.00209  geo=1.00  patch_std=0.1072 [0.000,0.800]
  Step 14330/15000  loss=0.032582  best_obj=0.000252  lr=0.00209  geo=1.00  patch_std=0.1073 [0.000,0.796]
  Step 14340/15000  loss=0.042677  best_obj=0.000252  lr=0.00209  geo=1.00  patch_std=0.1071 [0.000,0.792]
  Step 14350/15000  loss=0.013928  best_obj=0.000252  lr=0.00208  geo=1.00  patch_std=0.1073 [0.000,0.792]
  Step 14360/15000  loss=0.005540  best_obj=0.000252  lr=0.00208  geo=1.00  patch_std=0.1070 [0.000,0.786]
  Step 14370/15000  loss=0.022691  best_obj=0.000252  lr=0.00208  geo=1.00  patch_std=0.1075 [0.000,0.791]
  Step 14380/15000  loss=0.047674  best_obj=0.000252  lr=0.00208  geo=1.00  patch_std=0.1076 [0.000,0.790]
  Step 14390/15000  loss=0.044828  best_obj=0.000252  lr=0.00207  geo=1.00  patch_std=0.1077 [0.000,0.788]
  Step 14400/15000  loss=0.053016  best_obj=0.000252  lr=0.00207  geo=1.00  patch_std=0.1077 [0.000,0.798]
[CONF]  Step 14400  mean_conf=0.5607  (baseline=0.8759, Δ=-36.0%)  suppressed(<0.25)=19/87
  Step 14410/15000  loss=0.019509  best_obj=0.000252  lr=0.00207  geo=1.00  patch_std=0.1073 [0.000,0.787]
  Step 14420/15000  loss=0.013614  best_obj=0.000252  lr=0.00207  geo=1.00  patch_std=0.1073 [0.000,0.790]
  Step 14430/15000  loss=0.010563  best_obj=0.000252  lr=0.00206  geo=1.00  patch_std=0.1071 [0.000,0.792]
  Step 14440/15000  loss=0.036850  best_obj=0.000252  lr=0.00206  geo=1.00  patch_std=0.1074 [0.000,0.802]
  Step 14450/15000  loss=0.071811  best_obj=0.000252  lr=0.00206  geo=1.00  patch_std=0.1078 [0.000,0.803]
  Step 14460/15000  loss=0.051458  best_obj=0.000252  lr=0.00206  geo=1.00  patch_std=0.1079 [0.000,0.815]
  Step 14470/15000  loss=0.068335  best_obj=0.000252  lr=0.00206  geo=1.00  patch_std=0.1075 [0.000,0.811]
  Step 14480/15000  loss=0.050426  best_obj=0.000252  lr=0.00205  geo=1.00  patch_std=0.1074 [0.000,0.815]
  Step 14490/15000  loss=0.058221  best_obj=0.000252  lr=0.00205  geo=1.00  patch_std=0.1075 [0.000,0.811]
  Step 14500/15000  loss=0.008598  best_obj=0.000252  lr=0.00205  geo=1.00  patch_std=0.1075 [0.000,0.803]
  Step 14510/15000  loss=0.069822  best_obj=0.000252  lr=0.00205  geo=1.00  patch_std=0.1078 [0.000,0.804]
  Step 14520/15000  loss=0.054896  best_obj=0.000252  lr=0.00205  geo=1.00  patch_std=0.1080 [0.000,0.812]
  Step 14530/15000  loss=0.024176  best_obj=0.000252  lr=0.00204  geo=1.00  patch_std=0.1081 [0.000,0.824]
  Step 14540/15000  loss=0.052804  best_obj=0.000252  lr=0.00204  geo=1.00  patch_std=0.1084 [0.000,0.828]
  Step 14550/15000  loss=0.020183  best_obj=0.000252  lr=0.00204  geo=1.00  patch_std=0.1084 [0.000,0.824]
  Step 14560/15000  loss=0.011217  best_obj=0.000252  lr=0.00204  geo=1.00  patch_std=0.1082 [0.000,0.826]
  Step 14570/15000  loss=0.015677  best_obj=0.000252  lr=0.00204  geo=1.00  patch_std=0.1084 [0.000,0.819]
  Step 14580/15000  loss=0.038329  best_obj=0.000252  lr=0.00203  geo=1.00  patch_std=0.1085 [0.000,0.819]
  Step 14590/15000  loss=0.014474  best_obj=0.000252  lr=0.00203  geo=1.00  patch_std=0.1084 [0.000,0.819]
  Step 14600/15000  loss=0.026417  best_obj=0.000252  lr=0.00203  geo=1.00  patch_std=0.1083 [0.000,0.819]
[CONF]  Step 14600  mean_conf=0.5638  (baseline=0.8759, Δ=-35.6%)  suppressed(<0.25)=17/87
  Step 14610/15000  loss=0.030591  best_obj=0.000252  lr=0.00203  geo=1.00  patch_std=0.1082 [0.000,0.823]
  Step 14620/15000  loss=0.053576  best_obj=0.000252  lr=0.00203  geo=1.00  patch_std=0.1084 [0.000,0.819]
  Step 14630/15000  loss=0.047577  best_obj=0.000252  lr=0.00203  geo=1.00  patch_std=0.1082 [0.000,0.819]
  Step 14640/15000  loss=0.016182  best_obj=0.000252  lr=0.00203  geo=1.00  patch_std=0.1083 [0.000,0.815]
  Step 14650/15000  loss=0.024560  best_obj=0.000252  lr=0.00202  geo=1.00  patch_std=0.1082 [0.000,0.819]
  Step 14660/15000  loss=0.008595  best_obj=0.000252  lr=0.00202  geo=1.00  patch_std=0.1083 [0.000,0.819]
  Step 14670/15000  loss=0.011067  best_obj=0.000252  lr=0.00202  geo=1.00  patch_std=0.1083 [0.000,0.810]
  Step 14680/15000  loss=0.028583  best_obj=0.000252  lr=0.00202  geo=1.00  patch_std=0.1083 [0.000,0.814]
  Step 14690/15000  loss=0.073058  best_obj=0.000252  lr=0.00202  geo=1.00  patch_std=0.1084 [0.000,0.810]
  Step 14700/15000  loss=0.022464  best_obj=0.000252  lr=0.00202  geo=1.00  patch_std=0.1086 [0.000,0.810]
  Step 14710/15000  loss=0.010665  best_obj=0.000252  lr=0.00202  geo=1.00  patch_std=0.1084 [0.000,0.813]
  Step 14720/15000  loss=0.037368  best_obj=0.000252  lr=0.00202  geo=1.00  patch_std=0.1083 [0.000,0.829]
  Step 14730/15000  loss=0.052360  best_obj=0.000252  lr=0.00201  geo=1.00  patch_std=0.1083 [0.000,0.829]
  Step 14740/15000  loss=0.016039  best_obj=0.000252  lr=0.00201  geo=1.00  patch_std=0.1084 [0.000,0.831]
  Step 14750/15000  loss=0.042588  best_obj=0.000252  lr=0.00201  geo=1.00  patch_std=0.1085 [0.000,0.835]
  Step 14760/15000  loss=0.067299  best_obj=0.000252  lr=0.00201  geo=1.00  patch_std=0.1086 [0.000,0.831]
  Step 14770/15000  loss=0.045175  best_obj=0.000252  lr=0.00201  geo=1.00  patch_std=0.1087 [0.000,0.827]
  Step 14780/15000  loss=0.035997  best_obj=0.000252  lr=0.00201  geo=1.00  patch_std=0.1083 [0.000,0.823]
  Step 14790/15000  loss=0.018422  best_obj=0.000252  lr=0.00201  geo=1.00  patch_std=0.1085 [0.000,0.823]
  Step 14800/15000  loss=0.039948  best_obj=0.000252  lr=0.00201  geo=1.00  patch_std=0.1084 [0.000,0.819]
[CONF]  Step 14800  mean_conf=0.5576  (baseline=0.8759, Δ=-36.3%)  suppressed(<0.25)=22/87
  Step 14810/15000  loss=0.036842  best_obj=0.000252  lr=0.00201  geo=1.00  patch_std=0.1085 [0.000,0.819]
  Step 14820/15000  loss=0.034277  best_obj=0.000252  lr=0.00201  geo=1.00  patch_std=0.1082 [0.000,0.807]
  Step 14830/15000  loss=0.048797  best_obj=0.000252  lr=0.00201  geo=1.00  patch_std=0.1085 [0.000,0.815]
  Step 14840/15000  loss=0.008878  best_obj=0.000252  lr=0.00201  geo=1.00  patch_std=0.1086 [0.000,0.819]
  Step 14850/15000  loss=0.031303  best_obj=0.000252  lr=0.00200  geo=1.00  patch_std=0.1085 [0.000,0.818]
  Step 14860/15000  loss=0.070547  best_obj=0.000252  lr=0.00200  geo=1.00  patch_std=0.1085 [0.000,0.811]
  Step 14870/15000  loss=0.022304  best_obj=0.000252  lr=0.00200  geo=1.00  patch_std=0.1086 [0.000,0.818]
  Step 14880/15000  loss=0.036104  best_obj=0.000252  lr=0.00200  geo=1.00  patch_std=0.1087 [0.000,0.822]
  Step 14890/15000  loss=0.043936  best_obj=0.000252  lr=0.00200  geo=1.00  patch_std=0.1085 [0.000,0.811]
  Step 14900/15000  loss=0.066479  best_obj=0.000252  lr=0.00200  geo=1.00  patch_std=0.1085 [0.000,0.818]
  Step 14910/15000  loss=0.025860  best_obj=0.000252  lr=0.00200  geo=1.00  patch_std=0.1088 [0.000,0.828]
  Step 14920/15000  loss=0.022904  best_obj=0.000252  lr=0.00200  geo=1.00  patch_std=0.1087 [0.000,0.824]
  Step 14930/15000  loss=0.034138  best_obj=0.000252  lr=0.00200  geo=1.00  patch_std=0.1085 [0.000,0.820]
  Step 14940/15000  loss=0.028561  best_obj=0.000252  lr=0.00200  geo=1.00  patch_std=0.1086 [0.000,0.816]
  Step 14950/15000  loss=0.029367  best_obj=0.000252  lr=0.00200  geo=1.00  patch_std=0.1083 [0.000,0.808]
  Step 14960/15000  loss=0.055823  best_obj=0.000252  lr=0.00200  geo=1.00  patch_std=0.1083 [0.000,0.808]
  Step 14970/15000  loss=0.051553  best_obj=0.000252  lr=0.00200  geo=1.00  patch_std=0.1080 [0.000,0.804]
  Step 14980/15000  loss=0.006951  best_obj=0.000252  lr=0.00200  geo=1.00  patch_std=0.1080 [0.000,0.808]
  Step 14990/15000  loss=0.029183  best_obj=0.000252  lr=0.00200  geo=1.00  patch_std=0.1084 [0.000,0.808]
  Step 15000/15000  loss=0.031645  best_obj=0.000252  lr=0.00200  geo=1.00  patch_std=0.1085 [0.000,0.808]
[CONF]  Step 15000  mean_conf=0.5610  (baseline=0.8759, Δ=-36.0%)  suppressed(<0.25)=24/87
2  lr=0.00200  geo=1.00  patch_std=0.1087 [0.000,0.822]
  Step 14890/15000  loss=0.043936  best_obj=0.000252  lr=0.00200  geo=1.00  patch_std=0.1085 [0.000,0.811]
  Step 14900/15000  loss=0.066479  best_obj=0.000252  lr=0.00200  geo=1.00  patch_std=0.1085 [0.000,0.818]
  Step 14910/15000  loss=0.025860  best_obj=0.000252  lr=0.00200  geo=1.00  patch_std=0.1088 [0.000,0.828]
  Step 14920/15000  loss=0.022904  best_obj=0.000252  lr=0.00200  geo=1.00  patch_std=0.1087 [0.000,0.824]
  Step 14930/15000  loss=0.034138  best_obj=0.000252  lr=0.00200  geo=1.00  patch_std=0.1085 [0.000,0.820]
  Step 14940/15000  loss=0.028561  best_obj=0.000252  lr=0.00200  geo=1.00  patch_std=0.1086 [0.000,0.816]
  Step 14950/15000  loss=0.029367  best_obj=0.000252  lr=0.00200  geo=1.00  patch_std=0.1083 [0.000,0.808]
  Step 14960/15000  loss=0.055823  best_obj=0.000252  lr=0.00200  geo=1.00  patch_std=0.1083 [0.000,0.808]
  Step 14970/15000  loss=0.051553  best_obj=0.000252  lr=0.00200  geo=1.00  patch_std=0.1080 [0.000,0.804]
  Step 14980/15000  loss=0.006951  best_obj=0.000252  lr=0.00200  geo=1.00  patch_std=0.1080 [0.000,0.808]
  Step 14990/15000  loss=0.029183  best_obj=0.000252  lr=0.00200  geo=1.00  patch_std=0.1084 [0.000,0.808]
  Step 15000/15000  loss=0.031645  best_obj=0.000252  lr=0.00200  geo=1.00  patch_std=0.1085 [0.000,0.808]
[CONF]  Step 15000  mean_conf=0.5610  (baseline=0.8759, Δ=-36.0%)  suppressed(<0.25)=24/87
[INFO] Training complete. Best loss: 0.003548
[INFO] Computing post-training confidence (best patch, all hosts) …
[INFO] Confidence reduction : 0.875881 → 0.551089  (37.1% suppression)
Traceback (most recent call last):
  File "/Volumes/Crucial X6/VS Code Adversarial Patterns/scripts/generate_patch.py", line 2189, in <module>
  File "/Volumes/Crucial X6/VS Code Adversarial Patterns/scripts/generate_patch.py", line 2066, in main
    f.write(f"eot_gamma      : {EOT_GAMMA_RANGE[0]}–{EOT_GAMMA_RANGE[1]}\n")
    ^^^^^^^^^^^^^^^^^^^^^^^^^^^^^^^^^^^^^^^^^^^^^^^^^^^^^^^^^^^^^^^^^^^^^^^^
    ...<6 lines>...
    f.write(f"clean_baseline : {clean_baseline:.6f}\n")
    
  File "/Volumes/Crucial X6/VS Code Adversarial Patterns/scripts/generate_patch.py", line 1308, in save_eval_samples
    pre_results = yolo_wrapper.predict(
        source=orig_bgr, conf=0.01, classes=[PERSON_CLASS], verbose=False
    )
  File "/Volumes/Crucial X6/VS Code Adversarial Patterns/.venv/lib/python3.14/site-packages/ultralytics/engine/model.py", line 536, in predict
    return self.predictor.predict_cli(source=source) if is_cli else self.predictor(source=source, stream=stream)
                                                                    ~~~~~~~~~~~~~~^^^^^^^^^^^^^^^^^^^^^^^^^^^^^^
  File "/Volumes/Crucial X6/VS Code Adversarial Patterns/.venv/lib/python3.14/site-packages/ultralytics/engine/predictor.py", line 225, in __call__
    return list(self.stream_inference(source, model, *args, **kwargs))  # merge list of Results into one
  File "/Volumes/Crucial X6/VS Code Adversarial Patterns/.venv/lib/python3.14/site-packages/torch/utils/_contextlib.py", line 40, in generator_context
    response = gen.send(None)
  File "/Volumes/Crucial X6/VS Code Adversarial Patterns/.venv/lib/python3.14/site-packages/ultralytics/engine/predictor.py", line 330, in stream_inference
    preds = self.inference(im, *args, **kwargs)
  File "/Volumes/Crucial X6/VS Code Adversarial Patterns/.venv/lib/python3.14/site-packages/ultralytics/engine/predictor.py", line 182, in inference
    return self.model(im, augment=self.args.augment, visualize=visualize, embed=self.args.embed, *args, **kwargs)
           ~~~~~~~~~~^^^^^^^^^^^^^^^^^^^^^^^^^^^^^^^^^^^^^^^^^^^^^^^^^^^^^^^^^^^^^^^^^^^^^^^^^^^^^^^^^^^^^^^^^^^^
  File "/Volumes/Crucial X6/VS Code Adversarial Patterns/.venv/lib/python3.14/site-packages/torch/nn/modules/module.py", line 1776, in _wrapped_call_impl
    return self._call_impl(*args, **kwargs)
           ~~~~~~~~~~~~~~~^^^^^^^^^^^^^^^^^
  File "/Volumes/Crucial X6/VS Code Adversarial Patterns/.venv/lib/python3.14/site-packages/torch/nn/modules/module.py", line 1787, in _call_impl
    return forward_call(*args, **kwargs)
  File "/Volumes/Crucial X6/VS Code Adversarial Patterns/.venv/lib/python3.14/site-packages/ultralytics/nn/autobackend.py", line 717, in forward
    y = self.model(im, augment=augment, visualize=visualize, embed=embed, **kwargs)
  File "/Volumes/Crucial X6/VS Code Adversarial Patterns/.venv/lib/python3.14/site-packages/torch/nn/modules/module.py", line 1776, in _wrapped_call_impl
    return self._call_impl(*args, **kwargs)
           ~~~~~~~~~~~~~~~^^^^^^^^^^^^^^^^^
  File "/Volumes/Crucial X6/VS Code Adversarial Patterns/.venv/lib/python3.14/site-packages/torch/nn/modules/module.py", line 1787, in _call_impl
    return forward_call(*args, **kwargs)
  File "/Volumes/Crucial X6/VS Code Adversarial Patterns/.venv/lib/python3.14/site-packages/ultralytics/nn/tasks.py", line 142, in forward
    return self.predict(x, *args, **kwargs)
           ~~~~~~~~~~~~^^^^^^^^^^^^^^^^^^^^
  File "/Volumes/Crucial X6/VS Code Adversarial Patterns/.venv/lib/python3.14/site-packages/ultralytics/nn/tasks.py", line 159, in predict
    return self._predict_once(x, profile, visualize, embed)
           ~~~~~~~~~~~~~~~~~~^^^^^^^^^^^^^^^^^^^^^^^^^^^^^^
  File "/Volumes/Crucial X6/VS Code Adversarial Patterns/.venv/lib/python3.14/site-packages/ultralytics/nn/tasks.py", line 181, in _predict_once
    x = m(x)  # run
  File "/Volumes/Crucial X6/VS Code Adversarial Patterns/.venv/lib/python3.14/site-packages/torch/nn/modules/module.py", line 1776, in _wrapped_call_impl
    return self._call_impl(*args, **kwargs)
           ~~~~~~~~~~~~~~~^^^^^^^^^^^^^^^^^
  File "/Volumes/Crucial X6/VS Code Adversarial Patterns/.venv/lib/python3.14/site-packages/torch/nn/modules/module.py", line 1787, in _call_impl
    return forward_call(*args, **kwargs)
  File "/Volumes/Crucial X6/VS Code Adversarial Patterns/.venv/lib/python3.14/site-packages/ultralytics/nn/modules/conv.py", line 89, in forward_fuse
    return self.act(self.conv(x))
                    ~~~~~~~~~^^^
  File "/Volumes/Crucial X6/VS Code Adversarial Patterns/.venv/lib/python3.14/site-packages/torch/nn/modules/module.py", line 1776, in _wrapped_call_impl
    return self._call_impl(*args, **kwargs)
           ~~~~~~~~~~~~~~~^^^^^^^^^^^^^^^^^
  File "/Volumes/Crucial X6/VS Code Adversarial Patterns/.venv/lib/python3.14/site-packages/torch/nn/modules/module.py", line 1787, in _call_impl
    return forward_call(*args, **kwargs)
  File "/Volumes/Crucial X6/VS Code Adversarial Patterns/.venv/lib/python3.14/site-packages/torch/nn/modules/conv.py", line 553, in forward
    return self._conv_forward(input, self.weight, self.bias)
           ~~~~~~~~~~~~~~~~~~^^^^^^^^^^^^^^^^^^^^^^^^^^^^^^^
  File "/Volumes/Crucial X6/VS Code Adversarial Patterns/.venv/lib/python3.14/site-packages/torch/nn/modules/conv.py", line 548, in _conv_forward
    return F.conv2d(
           ~~~~~~~~^
        input, weight, bias, self.stride, self.padding, self.dilation, self.groups
        ^^^^^^^^^^^^^^^^^^^^^^^^^^^^^^^^^^^^^^^^^^^^^^^^^^^^^^^^^^^^^^^^^^^^^^^^^^
    )
    ^
RuntimeError: slow_conv2d_forward_mps: input(device='cpu') and weight(device=mps:0')  must be on the same device
